---
http_interactions:
- request:
    method: post
    uri: https://sandbox.plaid.com/item/create
    body:
      encoding: UTF-8
      string: '{"credentials":{"username":"user_good","password":"pass_good"},"institution_id":"ins_109508","initial_products":["transactions"],"options":{},"client_id":"PLAID_RUBY_CLIENT_ID","secret":"PLAID_RUBY_SECRET"}'
    headers:
      User-Agent:
      - Plaid Ruby v4.1.0
      Content-Type:
      - application/json
  response:
    status:
      code: 200
      message: 
    headers:
      server:
      - nginx
      date:
      - Fri, 16 Mar 2018 02:21:37 GMT
      content-type:
      - application/json
      content-length:
      - '422'
      connection:
      - close
      strict-transport-security:
      - max-age=31536000; includeSubDomains; preload
      x-frame-options:
      - DENY
      x-content-type-options:
      - nosniff
      x-xss-protection:
      - 1; mode=block
    body:
      encoding: UTF-8
      string: |-
        {
          "access_token": "access-sandbox-02ae54a0-0d27-4591-9ede-09d8d9bef550",
          "item": {
            "available_products": [
              "auth",
              "balance",
              "credit_details",
              "identity",
              "income"
            ],
            "billed_products": [
              "transactions"
            ],
            "error": null,
            "institution_id": "ins_109508",
            "item_id": "91JVw8GyblInWRX5198VtWN5vavbnetX4z3Eb",
            "webhook": ""
          },
          "request_id": "Z8zKl"
        }
    http_version: 
  recorded_at: Fri, 16 Mar 2018 02:21:38 GMT
- request:
    method: post
    uri: https://sandbox.plaid.com/accounts/balance/get
    body:
      encoding: UTF-8
      string: '{"access_token":"access-sandbox-02ae54a0-0d27-4591-9ede-09d8d9bef550","options":{"account_ids":"ABCDEFG1234567"},"client_id":"PLAID_RUBY_CLIENT_ID","secret":"PLAID_RUBY_SECRET"}'
    headers:
      User-Agent:
      - Plaid Ruby v4.1.0
      Content-Type:
      - application/json
  response:
    status:
      code: 400
      message: 
    headers:
      server:
      - nginx
      date:
      - Fri, 16 Mar 2018 02:21:39 GMT
      content-type:
      - application/json
      content-length:
      - '211'
      connection:
      - close
    body:
      encoding: UTF-8
      string: |-
        {
          "display_message": null,
          "error_code": "INVALID_FIELD",
          "error_message": "options.account_ids must be a non-empty array of valid account ids",
          "error_type": "INVALID_REQUEST",
          "request_id": "mPc0w"
        }
    http_version: 
  recorded_at: Fri, 16 Mar 2018 02:21:39 GMT
- request:
    method: post
    uri: https://sandbox.plaid.com/item/remove
    body:
      encoding: UTF-8
      string: '{"access_token":"access-sandbox-02ae54a0-0d27-4591-9ede-09d8d9bef550","client_id":"PLAID_RUBY_CLIENT_ID","secret":"PLAID_RUBY_SECRET"}'
    headers:
      User-Agent:
      - Plaid Ruby v4.1.0
      Content-Type:
      - application/json
  response:
    status:
      code: 200
      message: 
    headers:
      server:
      - nginx
      date:
      - Fri, 16 Mar 2018 02:21:41 GMT
      content-type:
      - application/json
      content-length:
      - '46'
      connection:
      - close
      strict-transport-security:
      - max-age=31536000; includeSubDomains; preload
      x-frame-options:
      - DENY
      x-content-type-options:
      - nosniff
      x-xss-protection:
      - 1; mode=block
    body:
      encoding: UTF-8
      string: |-
        {
          "removed": true,
          "request_id": "acGpr"
        }
    http_version: 
  recorded_at: Fri, 16 Mar 2018 02:21:41 GMT
- request:
    method: post
    uri: https://sandbox.plaid.com/item/create
    body:
      encoding: UTF-8
      string: '{"credentials":{"username":"user_good","password":"pass_good"},"institution_id":"ins_109508","initial_products":["transactions"],"options":{},"client_id":"PLAID_RUBY_CLIENT_ID","secret":"PLAID_RUBY_SECRET"}'
    headers:
      User-Agent:
      - Plaid Ruby v6.1.0
      Content-Type:
      - application/json
      Plaid-Version:
      - '2018-05-22'
  response:
    status:
      code: 200
      message: OK
    headers:
      server:
      - nginx
      date:
      - Fri, 16 Nov 2018 22:23:53 GMT
      content-type:
      - application/json
      content-length:
      - '299'
      connection:
      - close
      plaid-version:
      - '2018-05-22'
      vary:
      - Accept-Encoding
      strict-transport-security:
      - max-age=31536000; includeSubDomains; preload
      x-frame-options:
      - DENY
      x-content-type-options:
      - nosniff
      x-xss-protection:
      - 1; mode=block
    body:
      encoding: ASCII-8BIT
      string: |-
        {
          "access_token": "access-sandbox-1e87b639-338b-43ba-a8ea-d2e30a7d93dc",
          "item": {
            "available_products": [
              "assets",
              "auth",
              "balance",
              "credit_details",
              "identity",
              "income"
            ],
            "billed_products": [
              "transactions"
            ],
            "error": null,
            "institution_id": "ins_109508",
            "item_id": "8kkBm8K3x8FrapEe7ALyF173mGnRnecwARRpy",
            "webhook": ""
          },
          "request_id": "CSqS9TYDgqItTHR"
        }
    http_version: 
  recorded_at: Fri, 16 Nov 2018 22:23:53 GMT
- request:
    method: post
    uri: https://sandbox.plaid.com/accounts/balance/get
    body:
      encoding: UTF-8
      string: '{"access_token":"access-sandbox-1e87b639-338b-43ba-a8ea-d2e30a7d93dc","options":{"account_ids":"ABCDEFG1234567"},"client_id":"PLAID_RUBY_CLIENT_ID","secret":"PLAID_RUBY_SECRET"}'
    headers:
      User-Agent:
      - Plaid Ruby v6.1.0
      Content-Type:
      - application/json
      Plaid-Version:
      - '2018-05-22'
  response:
    status:
      code: 400
      message: Bad Request
    headers:
      server:
      - nginx
      date:
      - Fri, 16 Nov 2018 22:23:53 GMT
      content-type:
      - application/json
      content-length:
      - '180'
      connection:
      - close
      plaid-version:
      - '2018-05-22'
      vary:
      - Accept-Encoding
    body:
      encoding: ASCII-8BIT
      string: |-
        {
          "display_message": null,
          "error_code": "INVALID_FIELD",
          "error_message": "options.account_ids must be a non-empty array of valid account ids",
          "error_type": "INVALID_REQUEST",
          "request_id": "FD1mKXlittHqosm"
        }
    http_version: 
  recorded_at: Fri, 16 Nov 2018 22:23:53 GMT
- request:
    method: post
    uri: https://sandbox.plaid.com/item/remove
    body:
      encoding: UTF-8
      string: '{"access_token":"access-sandbox-1e87b639-338b-43ba-a8ea-d2e30a7d93dc","client_id":"PLAID_RUBY_CLIENT_ID","secret":"PLAID_RUBY_SECRET"}'
    headers:
      User-Agent:
      - Plaid Ruby v6.1.0
      Content-Type:
      - application/json
      Plaid-Version:
      - '2018-05-22'
  response:
    status:
      code: 200
      message: OK
    headers:
      server:
      - nginx
      date:
      - Fri, 16 Nov 2018 22:23:53 GMT
      content-type:
      - application/json
      content-length:
      - '74'
      connection:
      - close
      plaid-version:
      - '2018-05-22'
      vary:
      - Accept-Encoding
      strict-transport-security:
      - max-age=31536000; includeSubDomains; preload
      x-frame-options:
      - DENY
      x-content-type-options:
      - nosniff
      x-xss-protection:
      - 1; mode=block
    body:
      encoding: ASCII-8BIT
      string: |-
        {
          "removed": true,
          "request_id": "Sp2DNsLJI6HB3Tu"
        }
    http_version: 
  recorded_at: Fri, 16 Nov 2018 22:23:54 GMT
- request:
    method: post
    uri: https://sandbox.plaid.com/item/create
    body:
      encoding: UTF-8
      string: '{"credentials":{"username":"user_good","password":"pass_good"},"institution_id":"ins_109508","initial_products":["transactions"],"options":{},"client_id":"PLAID_RUBY_CLIENT_ID","secret":"PLAID_RUBY_SECRET"}'
    headers:
      User-Agent:
      - Plaid Ruby v6.1.0
      Content-Type:
      - application/json
      Plaid-Version:
      - '2018-05-22'
  response:
    status:
      code: 200
      message: OK
    headers:
      server:
      - nginx
      date:
      - Fri, 16 Nov 2018 22:34:46 GMT
      content-type:
      - application/json
      content-length:
      - '298'
      connection:
      - close
      plaid-version:
      - '2018-05-22'
      vary:
      - Accept-Encoding
      strict-transport-security:
      - max-age=31536000; includeSubDomains; preload
      x-frame-options:
      - DENY
      x-content-type-options:
      - nosniff
      x-xss-protection:
      - 1; mode=block
    body:
      encoding: ASCII-8BIT
      string: |-
        {
          "access_token": "access-sandbox-ccf1ed4b-8461-4092-b549-0eb34bd920fb",
          "item": {
            "available_products": [
              "assets",
              "auth",
              "balance",
              "credit_details",
              "identity",
              "income"
            ],
            "billed_products": [
              "transactions"
            ],
            "error": null,
            "institution_id": "ins_109508",
            "item_id": "X6lk4Ex4nNUV6ZmE4VJmuGvolKlZ4etdPaP9z",
            "webhook": ""
          },
          "request_id": "DhlL4oAuwtnW79l"
        }
    http_version: 
  recorded_at: Fri, 16 Nov 2018 22:34:46 GMT
- request:
    method: post
    uri: https://sandbox.plaid.com/accounts/balance/get
    body:
      encoding: UTF-8
      string: '{"access_token":"access-sandbox-ccf1ed4b-8461-4092-b549-0eb34bd920fb","options":{"account_ids":"ABCDEFG1234567"},"client_id":"PLAID_RUBY_CLIENT_ID","secret":"PLAID_RUBY_SECRET"}'
    headers:
      User-Agent:
      - Plaid Ruby v6.1.0
      Content-Type:
      - application/json
      Plaid-Version:
      - '2018-05-22'
  response:
    status:
      code: 400
      message: Bad Request
    headers:
      server:
      - nginx
      date:
      - Fri, 16 Nov 2018 22:34:46 GMT
      content-type:
      - application/json
      content-length:
      - '182'
      connection:
      - close
      plaid-version:
      - '2018-05-22'
      vary:
      - Accept-Encoding
    body:
      encoding: ASCII-8BIT
      string: |-
        {
          "display_message": null,
          "error_code": "INVALID_FIELD",
          "error_message": "options.account_ids must be a non-empty array of valid account ids",
          "error_type": "INVALID_REQUEST",
          "request_id": "EkvRl4vbq7SgYDp"
        }
    http_version: 
  recorded_at: Fri, 16 Nov 2018 22:34:46 GMT
- request:
    method: post
    uri: https://sandbox.plaid.com/item/remove
    body:
      encoding: UTF-8
      string: '{"access_token":"access-sandbox-ccf1ed4b-8461-4092-b549-0eb34bd920fb","client_id":"PLAID_RUBY_CLIENT_ID","secret":"PLAID_RUBY_SECRET"}'
    headers:
      User-Agent:
      - Plaid Ruby v6.1.0
      Content-Type:
      - application/json
      Plaid-Version:
      - '2018-05-22'
  response:
    status:
      code: 200
      message: OK
    headers:
      server:
      - nginx
      date:
      - Fri, 16 Nov 2018 22:34:47 GMT
      content-type:
      - application/json
      content-length:
      - '74'
      connection:
      - close
      plaid-version:
      - '2018-05-22'
      vary:
      - Accept-Encoding
      strict-transport-security:
      - max-age=31536000; includeSubDomains; preload
      x-frame-options:
      - DENY
      x-content-type-options:
      - nosniff
      x-xss-protection:
      - 1; mode=block
    body:
      encoding: ASCII-8BIT
      string: |-
        {
          "removed": true,
          "request_id": "VIm6hjYkDZCQ93C"
        }
    http_version: 
  recorded_at: Fri, 16 Nov 2018 22:34:47 GMT
recorded_with: VCR 4.0.0
