---
http_interactions:
- request:
    method: post
    uri: https://sandbox.plaid.com/item/create
    body:
      encoding: UTF-8
      string: '{"credentials":{"username":"user_good","password":"pass_good"},"institution_id":"ins_109508","initial_products":["auth"],"options":{},"client_id":"PLAID_RUBY_CLIENT_ID","secret":"PLAID_RUBY_SECRET"}'
    headers:
      User-Agent:
      - Plaid Ruby v4.1.0
      Content-Type:
      - application/json
  response:
    status:
      code: 200
      message: 
    headers:
      server:
      - nginx
      date:
      - Fri, 16 Mar 2018 12:08:06 GMT
      content-type:
      - application/json
      content-length:
      - '423'
      connection:
      - close
      strict-transport-security:
      - max-age=31536000; includeSubDomains; preload
      x-frame-options:
      - DENY
      x-content-type-options:
      - nosniff
      x-xss-protection:
      - 1; mode=block
    body:
      encoding: UTF-8
      string: |-
        {
          "access_token": "access-sandbox-c073b378-f125-4d36-8219-c135f61f0b12",
          "item": {
            "available_products": [
              "balance",
              "credit_details",
              "identity",
              "income",
              "transactions"
            ],
            "billed_products": [
              "auth"
            ],
            "error": null,
            "institution_id": "ins_109508",
            "item_id": "mpVjQWXDLycPdbdoVW7DFl9LorK3kQfxdLDAdG",
            "webhook": ""
          },
          "request_id": "1JlLq"
        }
    http_version: 
  recorded_at: Fri, 16 Mar 2018 12:08:07 GMT
- request:
    method: post
    uri: https://sandbox.plaid.com/processor/apex/processor_token/create
    body:
      encoding: UTF-8
      string: '{"access_token":"access-sandbox-c073b378-f125-4d36-8219-c135f61f0b12","account_id":"ABCDEFG1234567","client_id":"PLAID_RUBY_CLIENT_ID","secret":"PLAID_RUBY_SECRET"}'
    headers:
      User-Agent:
      - Plaid Ruby v4.1.0
      Content-Type:
      - application/json
  response:
    status:
      code: 400
      message: 
    headers:
      server:
      - nginx
      date:
      - Fri, 16 Mar 2018 12:08:08 GMT
      content-type:
      - application/json
      content-length:
      - '202'
      connection:
      - close
    body:
      encoding: UTF-8
      string: |-
        {
          "display_message": null,
          "error_code": "INVALID_FIELD",
          "error_message": "account_id must be a properly formatted, non-empty string",
          "error_type": "INVALID_REQUEST",
          "request_id": "hn1ID"
        }
    http_version: 
  recorded_at: Fri, 16 Mar 2018 12:08:08 GMT
- request:
    method: post
    uri: https://sandbox.plaid.com/item/remove
    body:
      encoding: UTF-8
      string: '{"access_token":"access-sandbox-c073b378-f125-4d36-8219-c135f61f0b12","client_id":"PLAID_RUBY_CLIENT_ID","secret":"PLAID_RUBY_SECRET"}'
    headers:
      User-Agent:
      - Plaid Ruby v4.1.0
      Content-Type:
      - application/json
  response:
    status:
      code: 200
      message: 
    headers:
      server:
      - nginx
      date:
      - Fri, 16 Mar 2018 12:08:10 GMT
      content-type:
      - application/json
      content-length:
      - '46'
      connection:
      - close
      strict-transport-security:
      - max-age=31536000; includeSubDomains; preload
      x-frame-options:
      - DENY
      x-content-type-options:
      - nosniff
      x-xss-protection:
      - 1; mode=block
    body:
      encoding: UTF-8
      string: |-
        {
          "removed": true,
          "request_id": "5W4RF"
        }
    http_version: 
  recorded_at: Fri, 16 Mar 2018 12:08:11 GMT
- request:
    method: post
    uri: https://sandbox.plaid.com/processor/apex/processor_token/create
    body:
      encoding: UTF-8
      string: '{"access_token":"access-sandbox-b80810c1-6d5a-43d0-b800-9f27d3f51e6d","account_id":"ABCDEFG1234567","client_id":"PLAID_RUBY_CLIENT_ID","secret":"PLAID_RUBY_SECRET"}'
    headers:
      User-Agent:
      - Plaid Ruby v6.3.1
      Content-Type:
      - application/json
      Plaid-Version:
      - '2018-05-22'
  response:
    status:
      code: 400
      message: Bad Request
    headers:
      server:
      - nginx
      date:
      - Thu, 16 May 2019 06:17:39 GMT
      content-type:
      - application/json; charset=utf-8
      content-length:
      - '193'
      connection:
      - close
      plaid-version:
      - '2018-05-22'
      vary:
      - Accept-Encoding
    body:
      encoding: ASCII-8BIT
      string: |-
        {
          "display_message": null,
          "error_code": "INVALID_FIELD",
          "error_message": "account_id must be a properly formatted, non-empty string",
          "error_type": "INVALID_REQUEST",
          "request_id": "KrJcm3X9SUds4BQ",
          "suggested_action": null
        }
    http_version: 
  recorded_at: Thu, 16 May 2019 06:17:39 GMT
- request:
    method: post
    uri: https://sandbox.plaid.com/item/remove
    body:
      encoding: UTF-8
      string: '{"access_token":"access-sandbox-b80810c1-6d5a-43d0-b800-9f27d3f51e6d","client_id":"PLAID_RUBY_CLIENT_ID","secret":"PLAID_RUBY_SECRET"}'
    headers:
      User-Agent:
      - Plaid Ruby v6.3.1
      Content-Type:
      - application/json
      Plaid-Version:
      - '2018-05-22'
  response:
    status:
      code: 200
      message: OK
    headers:
      server:
      - nginx
      date:
      - Thu, 16 May 2019 06:17:40 GMT
      content-type:
      - application/json; charset=utf-8
      content-length:
      - '74'
      connection:
      - close
      plaid-version:
      - '2018-05-22'
      vary:
      - Accept-Encoding
      strict-transport-security:
      - max-age=31536000; includeSubDomains; preload
      x-frame-options:
      - DENY
      x-content-type-options:
      - nosniff
      x-xss-protection:
      - 1; mode=block
    body:
      encoding: ASCII-8BIT
      string: |-
        {
          "removed": true,
          "request_id": "NDTdsxSDheIIy1C"
        }
    http_version: 
  recorded_at: Thu, 16 May 2019 06:17:40 GMT
- request:
    method: post
    uri: https://sandbox.plaid.com/processor/apex/processor_token/create
    body:
      encoding: UTF-8
      string: '{"access_token":"access-sandbox-4903623b-0165-4327-961d-5bddf4fc753e","account_id":"ABCDEFG1234567","client_id":"PLAID_RUBY_CLIENT_ID","secret":"PLAID_RUBY_SECRET"}'
    headers:
      User-Agent:
      - Plaid Ruby v6.3.1
      Content-Type:
      - application/json
      Plaid-Version:
      - '2018-05-22'
  response:
    status:
      code: 400
      message: Bad Request
    headers:
      server:
      - nginx
      date:
      - Thu, 16 May 2019 06:31:35 GMT
      content-type:
      - application/json; charset=utf-8
      content-length:
      - '194'
      connection:
      - close
      plaid-version:
      - '2018-05-22'
      vary:
      - Accept-Encoding
    body:
      encoding: ASCII-8BIT
      string: |-
        {
          "display_message": null,
          "error_code": "INVALID_FIELD",
          "error_message": "account_id must be a properly formatted, non-empty string",
          "error_type": "INVALID_REQUEST",
          "request_id": "6oyB0LiMj5cdoZM",
          "suggested_action": null
        }
    http_version: 
  recorded_at: Thu, 16 May 2019 06:31:36 GMT
- request:
    method: post
    uri: https://sandbox.plaid.com/item/remove
    body:
      encoding: UTF-8
      string: '{"access_token":"access-sandbox-4903623b-0165-4327-961d-5bddf4fc753e","client_id":"PLAID_RUBY_CLIENT_ID","secret":"PLAID_RUBY_SECRET"}'
    headers:
      User-Agent:
      - Plaid Ruby v6.3.1
      Content-Type:
      - application/json
      Plaid-Version:
      - '2018-05-22'
  response:
    status:
      code: 200
      message: OK
    headers:
      server:
      - nginx
      date:
      - Thu, 16 May 2019 06:31:37 GMT
      content-type:
      - application/json; charset=utf-8
      content-length:
      - '74'
      connection:
      - close
      plaid-version:
      - '2018-05-22'
      vary:
      - Accept-Encoding
      strict-transport-security:
      - max-age=31536000; includeSubDomains; preload
      x-frame-options:
      - DENY
      x-content-type-options:
      - nosniff
      x-xss-protection:
      - 1; mode=block
    body:
      encoding: ASCII-8BIT
      string: |-
        {
          "removed": true,
          "request_id": "67HcQ5OOwFsUtqf"
        }
    http_version: 
  recorded_at: Thu, 16 May 2019 06:31:37 GMT
- request:
    method: post
    uri: https://sandbox.plaid.com/item/create
    body:
      encoding: UTF-8
      string: '{"credentials":{"username":"user_good","password":"pass_good"},"institution_id":"ins_109508","initial_products":["auth"],"options":{},"client_id":"PLAID_RUBY_CLIENT_ID","secret":"PLAID_RUBY_SECRET"}'
    headers:
      User-Agent:
      - Plaid Ruby v6.3.1
      Content-Type:
      - application/json
      Plaid-Version:
      - '2018-05-22'
  response:
    status:
      code: 200
      message: OK
    headers:
      server:
      - nginx
      date:
      - Thu, 16 May 2019 06:40:38 GMT
      content-type:
      - application/json; charset=utf-8
      content-length:
      - '299'
      connection:
      - close
      plaid-version:
      - '2018-05-22'
      vary:
      - Accept-Encoding
      strict-transport-security:
      - max-age=31536000; includeSubDomains; preload
      x-frame-options:
      - DENY
      x-content-type-options:
      - nosniff
      x-xss-protection:
      - 1; mode=block
    body:
      encoding: ASCII-8BIT
      string: |-
        {
          "access_token": "access-sandbox-b9668385-5218-49ae-898a-96bb585e19f5",
          "item": {
            "available_products": [
              "assets",
              "balance",
              "credit_details",
              "identity",
              "income",
              "transactions"
            ],
            "billed_products": [
              "auth"
            ],
            "error": null,
            "institution_id": "ins_109508",
            "item_id": "gelQ66vN5Nh9kAXL5jEaUm7Wb5LP1ZFgJGA5a",
            "webhook": ""
          },
          "request_id": "evli4z2QZtkmvPw"
        }
    http_version: 
  recorded_at: Thu, 16 May 2019 06:40:38 GMT
- request:
    method: post
    uri: https://sandbox.plaid.com/processor/apex/processor_token/create
    body:
      encoding: UTF-8
      string: '{"access_token":"access-sandbox-b9668385-5218-49ae-898a-96bb585e19f5","account_id":"ABCDEFG1234567","client_id":"PLAID_RUBY_CLIENT_ID","secret":"PLAID_RUBY_SECRET"}'
    headers:
      User-Agent:
      - Plaid Ruby v6.3.1
      Content-Type:
      - application/json
      Plaid-Version:
      - '2018-05-22'
  response:
    status:
      code: 400
      message: Bad Request
    headers:
      server:
      - nginx
      date:
      - Thu, 16 May 2019 06:40:39 GMT
      content-type:
      - application/json; charset=utf-8
      content-length:
      - '193'
      connection:
      - close
      plaid-version:
      - '2018-05-22'
      vary:
      - Accept-Encoding
    body:
      encoding: ASCII-8BIT
      string: |-
        {
          "display_message": null,
          "error_code": "INVALID_FIELD",
          "error_message": "account_id must be a properly formatted, non-empty string",
          "error_type": "INVALID_REQUEST",
          "request_id": "rhAcS13IjEzTCjN",
          "suggested_action": null
        }
    http_version: 
  recorded_at: Thu, 16 May 2019 06:40:39 GMT
- request:
    method: post
    uri: https://sandbox.plaid.com/item/remove
    body:
      encoding: UTF-8
      string: '{"access_token":"access-sandbox-b9668385-5218-49ae-898a-96bb585e19f5","client_id":"PLAID_RUBY_CLIENT_ID","secret":"PLAID_RUBY_SECRET"}'
    headers:
      User-Agent:
      - Plaid Ruby v6.3.1
      Content-Type:
      - application/json
      Plaid-Version:
      - '2018-05-22'
  response:
    status:
      code: 200
      message: OK
    headers:
      server:
      - nginx
      date:
      - Thu, 16 May 2019 06:40:40 GMT
      content-type:
      - application/json; charset=utf-8
      content-length:
      - '74'
      connection:
      - close
      plaid-version:
      - '2018-05-22'
      vary:
      - Accept-Encoding
      strict-transport-security:
      - max-age=31536000; includeSubDomains; preload
      x-frame-options:
      - DENY
      x-content-type-options:
      - nosniff
      x-xss-protection:
      - 1; mode=block
    body:
      encoding: ASCII-8BIT
      string: |-
        {
          "removed": true,
          "request_id": "xYaRuUDZQdqp8DJ"
        }
    http_version: 
  recorded_at: Thu, 16 May 2019 06:40:40 GMT
recorded_with: VCR 4.0.0
