---
http_interactions:
- request:
    method: post
    uri: https://sandbox.plaid.com/item/create
    body:
      encoding: UTF-8
      string: '{"credentials":{"username":"user_good","password":"pass_good"},"institution_id":"ins_109508","initial_products":["investments"],"options":{"transactions":{"start_date":"2019-05-28","end_date":"2019-06-12","await_results":true}},"client_id":"PLAID_RUBY_CLIENT_ID","secret":"PLAID_RUBY_SECRET"}'
    headers:
      User-Agent:
      - Plaid Ruby v7.1.0
      Content-Type:
      - application/json
      Plaid-Version:
      - '2019-05-29'
  response:
    status:
      code: 200
      message: OK
    headers:
      server:
      - nginx
      date:
      - Wed, 12 Jun 2019 05:02:38 GMT
      content-type:
      - application/json; charset=utf-8
      content-length:
      - '325'
      connection:
      - close
      plaid-version:
      - '2019-05-29'
      vary:
      - Accept-Encoding
      strict-transport-security:
      - max-age=31536000; includeSubDomains; preload
      x-frame-options:
      - DENY
      x-content-type-options:
      - nosniff
      x-xss-protection:
      - 1; mode=block
    body:
      encoding: ASCII-8BIT
      string: |-
        {
          "access_token": "access-sandbox-b0e95523-ccc3-4738-b6fe-dd8b2f122179",
          "item": {
            "available_products": [
              "assets",
              "auth",
              "balance",
              "credit_details",
              "holdings",
              "identity",
              "income",
              "liabilities",
              "transactions"
            ],
            "billed_products": [
              "investments"
            ],
            "error": null,
            "institution_id": "ins_109508",
            "item_id": "DWEnNWoq3Ghla339nAGJhd4Z1eybkNuvRJZ3n",
            "webhook": ""
          },
          "request_id": "AV7BeZeT1O8FSLM"
        }
    http_version: 
  recorded_at: Wed, 12 Jun 2019 05:02:39 GMT
- request:
    method: post
    uri: https://sandbox.plaid.com/investments/holdings/get
    body:
      encoding: UTF-8
      string: '{"access_token":"access-sandbox-b0e95523-ccc3-4738-b6fe-dd8b2f122179","options":{"account_ids":"ABCDEFG1234567"},"client_id":"PLAID_RUBY_CLIENT_ID","secret":"PLAID_RUBY_SECRET"}'
    headers:
      User-Agent:
      - Plaid Ruby v7.1.0
      Content-Type:
      - application/json
      Plaid-Version:
      - '2019-05-29'
  response:
    status:
      code: 400
      message: Bad Request
    headers:
      server:
      - nginx
      date:
      - Wed, 12 Jun 2019 05:02:39 GMT
      content-type:
      - application/json; charset=utf-8
      content-length:
      - '194'
      connection:
      - close
      plaid-version:
      - '2019-05-29'
      vary:
      - Accept-Encoding
    body:
      encoding: ASCII-8BIT
      string: |-
        {
          "display_message": null,
          "error_code": "INVALID_FIELD",
          "error_message": "options.account_ids must be a non-empty array of valid account ids",
          "error_type": "INVALID_REQUEST",
          "request_id": "Y4Q9LODmaRdqyy7",
          "suggested_action": null
        }
    http_version: 
  recorded_at: Wed, 12 Jun 2019 05:02:39 GMT
- request:
    method: post
    uri: https://sandbox.plaid.com/item/remove
    body:
      encoding: UTF-8
      string: '{"access_token":"access-sandbox-b0e95523-ccc3-4738-b6fe-dd8b2f122179","client_id":"PLAID_RUBY_CLIENT_ID","secret":"PLAID_RUBY_SECRET"}'
    headers:
      User-Agent:
      - Plaid Ruby v7.1.0
      Content-Type:
      - application/json
      Plaid-Version:
      - '2019-05-29'
  response:
    status:
      code: 200
      message: OK
    headers:
      server:
      - nginx
      date:
      - Wed, 12 Jun 2019 05:02:39 GMT
      content-type:
      - application/json; charset=utf-8
      content-length:
      - '74'
      connection:
      - close
      plaid-version:
      - '2019-05-29'
      vary:
      - Accept-Encoding
      strict-transport-security:
      - max-age=31536000; includeSubDomains; preload
      x-frame-options:
      - DENY
      x-content-type-options:
      - nosniff
      x-xss-protection:
      - 1; mode=block
    body:
      encoding: ASCII-8BIT
      string: |-
        {
          "removed": true,
          "request_id": "Rq21rvQk1amNsqB"
        }
    http_version: 
  recorded_at: Wed, 12 Jun 2019 05:02:39 GMT
recorded_with: VCR 4.0.0
