---
http_interactions:
- request:
    method: post
    uri: https://sandbox.plaid.com/item/create
    body:
      encoding: UTF-8
      string: '{"credentials":{"username":"user_good","password":"pass_good"},"institution_id":"ins_109508","initial_products":["investments"],"options":{"transactions":{"start_date":"2019-05-28","end_date":"2019-06-12","await_results":true}},"client_id":"PLAID_RUBY_CLIENT_ID","secret":"PLAID_RUBY_SECRET"}'
    headers:
      User-Agent:
      - Plaid Ruby v7.1.0
      Content-Type:
      - application/json
      Plaid-Version:
      - '2019-05-29'
  response:
    status:
      code: 200
      message: OK
    headers:
      server:
      - nginx
      date:
      - Wed, 12 Jun 2019 05:02:16 GMT
      content-type:
      - application/json; charset=utf-8
      content-length:
      - '326'
      connection:
      - close
      plaid-version:
      - '2019-05-29'
      vary:
      - Accept-Encoding
      strict-transport-security:
      - max-age=31536000; includeSubDomains; preload
      x-frame-options:
      - DENY
      x-content-type-options:
      - nosniff
      x-xss-protection:
      - 1; mode=block
    body:
      encoding: ASCII-8BIT
      string: |-
        {
          "access_token": "access-sandbox-62a34363-5c7e-4780-ae75-12cb6661a1bf",
          "item": {
            "available_products": [
              "assets",
              "auth",
              "balance",
              "credit_details",
              "holdings",
              "identity",
              "income",
              "liabilities",
              "transactions"
            ],
            "billed_products": [
              "investments"
            ],
            "error": null,
            "institution_id": "ins_109508",
            "item_id": "ZLJ1AjEA1gcyBGg3PvMWC131DLpRMAUgmGxeb",
            "webhook": ""
          },
          "request_id": "Ek21Bk3MXd7ZAdv"
        }
    http_version: 
  recorded_at: Wed, 12 Jun 2019 05:02:16 GMT
- request:
    method: post
    uri: https://sandbox.plaid.com/investments/transactions/get
    body:
      encoding: UTF-8
      string: '{"access_token":"access-sandbox-62a34363-5c7e-4780-ae75-12cb6661a1bf","start_date":"ABCDEFG1234567","end_date":"ABCDEFG1234567","options":{},"client_id":"PLAID_RUBY_CLIENT_ID","secret":"PLAID_RUBY_SECRET"}'
    headers:
      User-Agent:
      - Plaid Ruby v7.1.0
      Content-Type:
      - application/json
      Plaid-Version:
      - '2019-05-29'
  response:
    status:
      code: 400
      message: Bad Request
    headers:
      server:
      - nginx
      date:
      - Wed, 12 Jun 2019 05:02:16 GMT
      content-type:
      - application/json; charset=utf-8
      content-length:
      - '196'
      connection:
      - close
      plaid-version:
      - '2019-05-29'
      vary:
      - Accept-Encoding
    body:
      encoding: ASCII-8BIT
      string: |-
        {
          "display_message": null,
          "error_code": "INVALID_FIELD",
          "error_message": "start_date must be a string of the format 'YYYY-MM-DD'",
          "error_type": "INVALID_REQUEST",
          "request_id": "Ll6tvHcDk2EEQuH",
          "suggested_action": null
        }
    http_version: 
  recorded_at: Wed, 12 Jun 2019 05:02:16 GMT
- request:
    method: post
    uri: https://sandbox.plaid.com/item/remove
    body:
      encoding: UTF-8
      string: '{"access_token":"access-sandbox-62a34363-5c7e-4780-ae75-12cb6661a1bf","client_id":"PLAID_RUBY_CLIENT_ID","secret":"PLAID_RUBY_SECRET"}'
    headers:
      User-Agent:
      - Plaid Ruby v7.1.0
      Content-Type:
      - application/json
      Plaid-Version:
      - '2019-05-29'
  response:
    status:
      code: 200
      message: OK
    headers:
      server:
      - nginx
      date:
      - Wed, 12 Jun 2019 05:02:17 GMT
      content-type:
      - application/json; charset=utf-8
      content-length:
      - '74'
      connection:
      - close
      plaid-version:
      - '2019-05-29'
      vary:
      - Accept-Encoding
      strict-transport-security:
      - max-age=31536000; includeSubDomains; preload
      x-frame-options:
      - DENY
      x-content-type-options:
      - nosniff
      x-xss-protection:
      - 1; mode=block
    body:
      encoding: ASCII-8BIT
      string: |-
        {
          "removed": true,
          "request_id": "qSClP0bKbQOb9tP"
        }
    http_version: 
  recorded_at: Wed, 12 Jun 2019 05:02:17 GMT
- request:
    method: post
    uri: https://sandbox.plaid.com/sandbox/public_token/create
    body:
      encoding: UTF-8
      string: '{"institution_id":"ins_109508","initial_products":["investments"],"options":{"transactions":{"start_date":"2019-05-28","end_date":"2019-06-12"}},"public_key":null}'
    headers:
      User-Agent:
      - Plaid Ruby v7.1.0
      Content-Type:
      - application/json
      Plaid-Version:
      - '2019-05-29'
  response:
    status:
      code: 400
      message: Bad Request
    headers:
      server:
      - nginx
      date:
      - Wed, 19 Jun 2019 17:35:01 GMT
      content-type:
      - application/json; charset=utf-8
      content-length:
      - '195'
      connection:
      - close
      vary:
      - Accept-Encoding
    body:
      encoding: ASCII-8BIT
      string: |-
        {
          "display_message": null,
          "error_code": "INVALID_FIELD",
          "error_message": "public_key must be a properly formatted, non-empty string",
          "error_type": "INVALID_REQUEST",
          "request_id": "NW5u9KNyNJL83AH",
          "suggested_action": null
        }
    http_version: 
  recorded_at: Wed, 19 Jun 2019 17:35:01 GMT
- request:
    method: post
    uri: https://sandbox.plaid.com/sandbox/public_token/create
    body:
      encoding: UTF-8
      string: '{"institution_id":"ins_109508","initial_products":["investments"],"options":{"transactions":{"start_date":"2019-05-28","end_date":"2019-06-12"}},"public_key":"PLAID_RUBY_PUBLIC_KEY"}'
    headers:
      User-Agent:
      - Plaid Ruby v7.1.0
      Content-Type:
      - application/json
      Plaid-Version:
      - '2019-05-29'
  response:
    status:
      code: 400
      message: Bad Request
    headers:
      server:
      - nginx
      date:
      - Wed, 19 Jun 2019 17:41:07 GMT
      content-type:
      - application/json; charset=utf-8
      content-length:
      - '194'
      connection:
      - close
      vary:
      - Accept-Encoding
    body:
      encoding: ASCII-8BIT
      string: |-
        {
          "display_message": null,
          "error_code": "INVALID_FIELD",
          "error_message": "public_key must be a properly formatted, non-empty string",
          "error_type": "INVALID_REQUEST",
          "request_id": "DV9BhAsSEHiKwlu",
          "suggested_action": null
        }
    http_version: 
  recorded_at: Wed, 19 Jun 2019 17:41:08 GMT
- request:
    method: post
    uri: https://sandbox.plaid.com/item/public_token/exchange
    body:
      encoding: UTF-8
      string: '{"public_token":"public-sandbox-5faf4813-fbf2-45af-b024-02a6779f2d62","client_id":"PLAID_RUBY_CLIENT_ID","secret":"PLAID_RUBY_SECRET"}'
    headers:
      User-Agent:
      - Plaid Ruby v7.1.0
      Content-Type:
      - application/json
      Plaid-Version:
      - '2019-05-29'
  response:
    status:
      code: 200
      message: OK
    headers:
      server:
      - nginx
      date:
      - Wed, 19 Jun 2019 17:59:26 GMT
      content-type:
      - application/json; charset=utf-8
      content-length:
      - '169'
      connection:
      - close
      plaid-version:
      - '2019-05-29'
      vary:
      - Accept-Encoding
      strict-transport-security:
      - max-age=31536000; includeSubDomains; preload
      x-frame-options:
      - DENY
      x-content-type-options:
      - nosniff
      x-xss-protection:
      - 1; mode=block
    body:
      encoding: ASCII-8BIT
      string: |-
        {
          "access_token": "access-sandbox-f3e73133-2761-49cd-a0c8-561cfe2d20d3",
          "item_id": "moWAxQpNX5tEDP464EeXcmykG4PvvWtLNZLME",
          "request_id": "cFo20WEOSbcGH9x"
        }
    http_version: 
  recorded_at: Wed, 19 Jun 2019 17:59:26 GMT
- request:
    method: post
    uri: https://sandbox.plaid.com/item/get
    body:
      encoding: UTF-8
      string: '{"access_token":"access-sandbox-f3e73133-2761-49cd-a0c8-561cfe2d20d3","client_id":"PLAID_RUBY_CLIENT_ID","secret":"PLAID_RUBY_SECRET"}'
    headers:
      User-Agent:
      - Plaid Ruby v7.1.0
      Content-Type:
      - application/json
      Plaid-Version:
      - '2019-05-29'
  response:
    status:
      code: 200
      message: OK
    headers:
      server:
      - nginx
      date:
      - Wed, 19 Jun 2019 17:59:26 GMT
      content-type:
      - application/json; charset=utf-8
      content-length:
      - '291'
      connection:
      - close
      plaid-version:
      - '2019-05-29'
      vary:
      - Accept-Encoding
      strict-transport-security:
      - max-age=31536000; includeSubDomains; preload
      x-frame-options:
      - DENY
      x-content-type-options:
      - nosniff
      x-xss-protection:
      - 1; mode=block
    body:
      encoding: ASCII-8BIT
      string: |-
        {
          "item": {
            "available_products": [
              "assets",
              "auth",
              "balance",
              "credit_details",
              "holdings",
              "identity",
              "income",
              "liabilities",
              "transactions"
            ],
            "billed_products": [
              "investments"
            ],
            "error": null,
            "institution_id": "ins_109508",
            "item_id": "moWAxQpNX5tEDP464EeXcmykG4PvvWtLNZLME",
            "webhook": ""
          },
          "request_id": "8X9uURET5c6cKft",
          "status": {
            "last_webhook": null
          }
        }
    http_version: 
  recorded_at: Wed, 19 Jun 2019 17:59:26 GMT
- request:
    method: post
    uri: https://sandbox.plaid.com/investments/transactions/get
    body:
      encoding: UTF-8
      string: '{"access_token":"access-sandbox-f3e73133-2761-49cd-a0c8-561cfe2d20d3","start_date":"ABCDEFG1234567","end_date":"ABCDEFG1234567","options":{},"client_id":"PLAID_RUBY_CLIENT_ID","secret":"PLAID_RUBY_SECRET"}'
    headers:
      User-Agent:
      - Plaid Ruby v7.1.0
      Content-Type:
      - application/json
      Plaid-Version:
      - '2019-05-29'
  response:
    status:
      code: 400
      message: Bad Request
    headers:
      server:
      - nginx
      date:
      - Wed, 19 Jun 2019 17:59:27 GMT
      content-type:
      - application/json; charset=utf-8
      content-length:
      - '197'
      connection:
      - close
      plaid-version:
      - '2019-05-29'
      vary:
      - Accept-Encoding
    body:
      encoding: ASCII-8BIT
      string: |-
        {
          "display_message": null,
          "error_code": "INVALID_FIELD",
          "error_message": "start_date must be a string of the format 'YYYY-MM-DD'",
          "error_type": "INVALID_REQUEST",
          "request_id": "6NV77qgDN05WEd4",
          "suggested_action": null
        }
    http_version: 
  recorded_at: Wed, 19 Jun 2019 17:59:27 GMT
- request:
    method: post
    uri: https://sandbox.plaid.com/item/remove
    body:
      encoding: UTF-8
      string: '{"access_token":"access-sandbox-f3e73133-2761-49cd-a0c8-561cfe2d20d3","client_id":"PLAID_RUBY_CLIENT_ID","secret":"PLAID_RUBY_SECRET"}'
    headers:
      User-Agent:
      - Plaid Ruby v7.1.0
      Content-Type:
      - application/json
      Plaid-Version:
      - '2019-05-29'
  response:
    status:
      code: 200
      message: OK
    headers:
      server:
      - nginx
      date:
      - Wed, 19 Jun 2019 17:59:27 GMT
      content-type:
      - application/json; charset=utf-8
      content-length:
      - '74'
      connection:
      - close
      plaid-version:
      - '2019-05-29'
      vary:
      - Accept-Encoding
      strict-transport-security:
      - max-age=31536000; includeSubDomains; preload
      x-frame-options:
      - DENY
      x-content-type-options:
      - nosniff
      x-xss-protection:
      - 1; mode=block
    body:
      encoding: ASCII-8BIT
      string: |-
        {
          "removed": true,
          "request_id": "w1URsAoIBPzHBzr"
        }
    http_version: 
  recorded_at: Wed, 19 Jun 2019 17:59:27 GMT
- request:
    method: post
    uri: https://sandbox.plaid.com/sandbox/public_token/create
    body:
      encoding: UTF-8
      string: '{"institution_id":"ins_109508","initial_products":["investments"],"options":{"transactions":{"start_date":"2019-05-28","end_date":"2019-06-12"}},"public_key":"PLAID_RUBY_PUBLIC_KEY"}'
    headers:
      User-Agent:
      - Plaid Ruby v7.1.0
      Content-Type:
      - application/json
      Plaid-Version:
      - '2019-05-29'
  response:
    status:
      code: 200
      message: OK
    headers:
      server:
      - nginx
      date:
      - Wed, 19 Jun 2019 18:08:57 GMT
      content-type:
      - application/json; charset=utf-8
      content-length:
      - '124'
      connection:
      - close
      vary:
      - Accept-Encoding
      strict-transport-security:
      - max-age=31536000; includeSubDomains; preload
      x-frame-options:
      - DENY
      x-content-type-options:
      - nosniff
      x-xss-protection:
      - 1; mode=block
    body:
      encoding: ASCII-8BIT
      string: |-
        {
          "public_token": "public-sandbox-dbf47ede-5db7-4cec-8b4a-9e18bc375174",
          "request_id": "9gsEWdkm1CmAeUT"
        }
    http_version: 
  recorded_at: Wed, 19 Jun 2019 18:08:57 GMT
- request:
    method: post
    uri: https://sandbox.plaid.com/item/public_token/exchange
    body:
      encoding: UTF-8
      string: '{"public_token":"public-sandbox-dbf47ede-5db7-4cec-8b4a-9e18bc375174","client_id":"PLAID_RUBY_CLIENT_ID","secret":"PLAID_RUBY_SECRET"}'
    headers:
      User-Agent:
      - Plaid Ruby v7.1.0
      Content-Type:
      - application/json
      Plaid-Version:
      - '2019-05-29'
  response:
    status:
      code: 200
      message: OK
    headers:
      server:
      - nginx
      date:
      - Wed, 19 Jun 2019 18:08:58 GMT
      content-type:
      - application/json; charset=utf-8
      content-length:
      - '167'
      connection:
      - close
      plaid-version:
      - '2019-05-29'
      vary:
      - Accept-Encoding
      strict-transport-security:
      - max-age=31536000; includeSubDomains; preload
      x-frame-options:
      - DENY
      x-content-type-options:
      - nosniff
      x-xss-protection:
      - 1; mode=block
    body:
      encoding: ASCII-8BIT
      string: |-
        {
          "access_token": "access-sandbox-ac7c8c5c-cba0-4efa-85da-20af7c398ea5",
          "item_id": "ejK5XjGmN7cEjM19zdj1uGdrAJeLyXcLQZLEB",
          "request_id": "r84m8PgkRJC05tH"
        }
    http_version: 
  recorded_at: Wed, 19 Jun 2019 18:08:58 GMT
- request:
    method: post
    uri: https://sandbox.plaid.com/item/get
    body:
      encoding: UTF-8
      string: '{"access_token":"access-sandbox-ac7c8c5c-cba0-4efa-85da-20af7c398ea5","client_id":"PLAID_RUBY_CLIENT_ID","secret":"PLAID_RUBY_SECRET"}'
    headers:
      User-Agent:
      - Plaid Ruby v7.1.0
      Content-Type:
      - application/json
      Plaid-Version:
      - '2019-05-29'
  response:
    status:
      code: 200
      message: OK
    headers:
      server:
      - nginx
      date:
      - Wed, 19 Jun 2019 18:08:58 GMT
      content-type:
      - application/json; charset=utf-8
      content-length:
      - '288'
      connection:
      - close
      plaid-version:
      - '2019-05-29'
      vary:
      - Accept-Encoding
      strict-transport-security:
      - max-age=31536000; includeSubDomains; preload
      x-frame-options:
      - DENY
      x-content-type-options:
      - nosniff
      x-xss-protection:
      - 1; mode=block
    body:
      encoding: ASCII-8BIT
      string: |-
        {
          "item": {
            "available_products": [
              "assets",
              "auth",
              "balance",
              "credit_details",
              "holdings",
              "identity",
              "income",
              "liabilities",
              "transactions"
            ],
            "billed_products": [
              "investments"
            ],
            "error": null,
            "institution_id": "ins_109508",
            "item_id": "ejK5XjGmN7cEjM19zdj1uGdrAJeLyXcLQZLEB",
            "webhook": ""
          },
          "request_id": "7e8dwHaSeiRIAeW",
          "status": {
            "last_webhook": null
          }
        }
    http_version: 
  recorded_at: Wed, 19 Jun 2019 18:08:58 GMT
- request:
    method: post
    uri: https://sandbox.plaid.com/investments/transactions/get
    body:
      encoding: UTF-8
      string: '{"access_token":"access-sandbox-ac7c8c5c-cba0-4efa-85da-20af7c398ea5","start_date":"ABCDEFG1234567","end_date":"ABCDEFG1234567","options":{},"client_id":"PLAID_RUBY_CLIENT_ID","secret":"PLAID_RUBY_SECRET"}'
    headers:
      User-Agent:
      - Plaid Ruby v7.1.0
      Content-Type:
      - application/json
      Plaid-Version:
      - '2019-05-29'
  response:
    status:
      code: 400
      message: Bad Request
    headers:
      server:
      - nginx
      date:
      - Wed, 19 Jun 2019 18:08:58 GMT
      content-type:
      - application/json; charset=utf-8
      content-length:
      - '198'
      connection:
      - close
      plaid-version:
      - '2019-05-29'
      vary:
      - Accept-Encoding
    body:
      encoding: ASCII-8BIT
      string: |-
        {
          "display_message": null,
          "error_code": "INVALID_FIELD",
          "error_message": "start_date must be a string of the format 'YYYY-MM-DD'",
          "error_type": "INVALID_REQUEST",
          "request_id": "Zp39M9qX5S3yoON",
          "suggested_action": null
        }
    http_version: 
  recorded_at: Wed, 19 Jun 2019 18:08:58 GMT
- request:
    method: post
    uri: https://sandbox.plaid.com/item/remove
    body:
      encoding: UTF-8
      string: '{"access_token":"access-sandbox-ac7c8c5c-cba0-4efa-85da-20af7c398ea5","client_id":"PLAID_RUBY_CLIENT_ID","secret":"PLAID_RUBY_SECRET"}'
    headers:
      User-Agent:
      - Plaid Ruby v7.1.0
      Content-Type:
      - application/json
      Plaid-Version:
      - '2019-05-29'
  response:
    status:
      code: 200
      message: OK
    headers:
      server:
      - nginx
      date:
      - Wed, 19 Jun 2019 18:08:59 GMT
      content-type:
      - application/json; charset=utf-8
      content-length:
      - '74'
      connection:
      - close
      plaid-version:
      - '2019-05-29'
      vary:
      - Accept-Encoding
      strict-transport-security:
      - max-age=31536000; includeSubDomains; preload
      x-frame-options:
      - DENY
      x-content-type-options:
      - nosniff
      x-xss-protection:
      - 1; mode=block
    body:
      encoding: ASCII-8BIT
      string: |-
        {
          "removed": true,
          "request_id": "8DZPrZ5sUte11ih"
        }
    http_version: 
  recorded_at: Wed, 19 Jun 2019 18:08:59 GMT
- request:
    method: post
    uri: https://sandbox.plaid.com/sandbox/public_token/create
    body:
      encoding: UTF-8
      string: '{"institution_id":"ins_109508","initial_products":["investments"],"options":{"transactions":{"start_date":"2019-05-28","end_date":"2019-06-12"}},"public_key":"5cbfbd8ca018fb3f318df84d5ab6fe"}'
    headers:
      User-Agent:
      - Plaid Ruby v7.1.0
      Content-Type:
      - application/json
      Plaid-Version:
      - '2019-05-29'
  response:
    status:
      code: 200
      message: OK
    headers:
      server:
      - nginx
      date:
      - Wed, 19 Jun 2019 19:49:22 GMT
      content-type:
      - application/json; charset=utf-8
      content-length:
      - '124'
      connection:
      - close
      vary:
      - Accept-Encoding
      strict-transport-security:
      - max-age=31536000; includeSubDomains; preload
      x-frame-options:
      - DENY
      x-content-type-options:
      - nosniff
      x-xss-protection:
      - 1; mode=block
    body:
      encoding: ASCII-8BIT
      string: |-
        {
          "public_token": "public-sandbox-33c1a713-ced6-4dcc-85a0-f889e05d9d94",
          "request_id": "Wc9Z28pk1hdKkIP"
        }
    http_version: 
  recorded_at: Wed, 19 Jun 2019 19:49:22 GMT
- request:
    method: post
    uri: https://sandbox.plaid.com/item/public_token/exchange
    body:
      encoding: UTF-8
      string: '{"public_token":"public-sandbox-33c1a713-ced6-4dcc-85a0-f889e05d9d94","client_id":"58b9a231bdc6a453f37c338f","secret":"e60cac68bf07eba47e819b9ac45e01"}'
    headers:
      User-Agent:
      - Plaid Ruby v7.1.0
      Content-Type:
      - application/json
      Plaid-Version:
      - '2019-05-29'
  response:
    status:
      code: 200
      message: OK
    headers:
      server:
      - nginx
      date:
      - Wed, 19 Jun 2019 19:49:22 GMT
      content-type:
      - application/json; charset=utf-8
      content-length:
      - '169'
      connection:
      - close
      plaid-version:
      - '2019-05-29'
      vary:
      - Accept-Encoding
      strict-transport-security:
      - max-age=31536000; includeSubDomains; preload
      x-frame-options:
      - DENY
      x-content-type-options:
      - nosniff
      x-xss-protection:
      - 1; mode=block
    body:
      encoding: ASCII-8BIT
      string: |-
        {
          "access_token": "access-sandbox-c10438ff-e9d6-4252-9f8b-90a5295245f7",
          "item_id": "lxpAqwbybASraRmwxDMWSokrZ9eDZ7CZQ3ZPq",
          "request_id": "9szUN4hYVkRMoaX"
        }
    http_version: 
  recorded_at: Wed, 19 Jun 2019 19:49:23 GMT
- request:
    method: post
    uri: https://sandbox.plaid.com/item/get
    body:
      encoding: UTF-8
      string: '{"access_token":"access-sandbox-c10438ff-e9d6-4252-9f8b-90a5295245f7","client_id":"58b9a231bdc6a453f37c338f","secret":"e60cac68bf07eba47e819b9ac45e01"}'
    headers:
      User-Agent:
      - Plaid Ruby v7.1.0
      Content-Type:
      - application/json
      Plaid-Version:
      - '2019-05-29'
  response:
    status:
      code: 200
      message: OK
    headers:
      server:
      - nginx
      date:
      - Wed, 19 Jun 2019 19:49:23 GMT
      content-type:
      - application/json; charset=utf-8
      content-length:
      - '287'
      connection:
      - close
      plaid-version:
      - '2019-05-29'
      vary:
      - Accept-Encoding
      strict-transport-security:
      - max-age=31536000; includeSubDomains; preload
      x-frame-options:
      - DENY
      x-content-type-options:
      - nosniff
      x-xss-protection:
      - 1; mode=block
    body:
      encoding: ASCII-8BIT
      string: |-
        {
          "item": {
            "available_products": [
              "assets",
              "auth",
              "balance",
              "credit_details",
              "holdings",
              "identity",
              "income",
              "liabilities",
              "transactions"
            ],
            "billed_products": [
              "investments"
            ],
            "error": null,
            "institution_id": "ins_109508",
            "item_id": "lxpAqwbybASraRmwxDMWSokrZ9eDZ7CZQ3ZPq",
            "webhook": ""
          },
          "request_id": "xrSvwEZ1jAjRt4g",
          "status": {
            "last_webhook": null
          }
        }
    http_version: 
  recorded_at: Wed, 19 Jun 2019 19:49:23 GMT
- request:
    method: post
    uri: https://sandbox.plaid.com/investments/transactions/get
    body:
      encoding: UTF-8
      string: '{"access_token":"access-sandbox-c10438ff-e9d6-4252-9f8b-90a5295245f7","start_date":"ABCDEFG1234567","end_date":"ABCDEFG1234567","options":{},"client_id":"58b9a231bdc6a453f37c338f","secret":"e60cac68bf07eba47e819b9ac45e01"}'
    headers:
      User-Agent:
      - Plaid Ruby v7.1.0
      Content-Type:
      - application/json
      Plaid-Version:
      - '2019-05-29'
  response:
    status:
      code: 400
      message: Bad Request
    headers:
      server:
      - nginx
      date:
      - Wed, 19 Jun 2019 19:49:23 GMT
      content-type:
      - application/json; charset=utf-8
      content-length:
      - '199'
      connection:
      - close
      plaid-version:
      - '2019-05-29'
      vary:
      - Accept-Encoding
    body:
      encoding: ASCII-8BIT
      string: |-
        {
          "display_message": null,
          "error_code": "INVALID_FIELD",
          "error_message": "start_date must be a string of the format 'YYYY-MM-DD'",
          "error_type": "INVALID_REQUEST",
          "request_id": "09S3wGA7kUMQmor",
          "suggested_action": null
        }
    http_version: 
  recorded_at: Wed, 19 Jun 2019 19:49:23 GMT
- request:
    method: post
    uri: https://sandbox.plaid.com/item/remove
    body:
      encoding: UTF-8
      string: '{"access_token":"access-sandbox-c10438ff-e9d6-4252-9f8b-90a5295245f7","client_id":"58b9a231bdc6a453f37c338f","secret":"e60cac68bf07eba47e819b9ac45e01"}'
    headers:
      User-Agent:
      - Plaid Ruby v7.1.0
      Content-Type:
      - application/json
      Plaid-Version:
      - '2019-05-29'
  response:
    status:
      code: 200
      message: OK
    headers:
      server:
      - nginx
      date:
      - Wed, 19 Jun 2019 19:49:24 GMT
      content-type:
      - application/json; charset=utf-8
      content-length:
      - '74'
      connection:
      - close
      plaid-version:
      - '2019-05-29'
      vary:
      - Accept-Encoding
      strict-transport-security:
      - max-age=31536000; includeSubDomains; preload
      x-frame-options:
      - DENY
      x-content-type-options:
      - nosniff
      x-xss-protection:
      - 1; mode=block
    body:
      encoding: ASCII-8BIT
      string: |-
        {
          "removed": true,
          "request_id": "3Iuy1gnrya2qGcE"
        }
    http_version: 
  recorded_at: Wed, 19 Jun 2019 19:49:24 GMT
recorded_with: VCR 4.0.0
