---
http_interactions:
- request:
    method: post
    uri: https://sandbox.plaid.com/item/create
    body:
      encoding: UTF-8
      string: '{"credentials":{"username":"user_good","password":"pass_good"},"institution_id":"ins_109508","initial_products":["auth"],"options":{},"client_id":"PLAID_RUBY_CLIENT_ID","secret":"PLAID_RUBY_SECRET"}'
    headers:
      User-Agent:
      - Plaid Ruby v5.0.0
      Content-Type:
      - application/json
      Plaid-Version:
      - '2018-05-22'
  response:
    status:
      code: 200
      message: OK
    headers:
      server:
      - nginx
      date:
      - Tue, 22 May 2018 06:21:56 GMT
      content-type:
      - application/json
      content-length:
      - '422'
      connection:
      - close
      plaid-version:
      - '2018-05-22'
      strict-transport-security:
      - max-age=31536000; includeSubDomains; preload
      x-frame-options:
      - DENY
      x-content-type-options:
      - nosniff
      x-xss-protection:
      - 1; mode=block
    body:
      encoding: UTF-8
      string: |-
        {
          "access_token": "access-sandbox-2e930402-7518-4dca-923e-8e9c22fa17d8",
          "item": {
            "available_products": [
              "balance",
              "credit_details",
              "identity",
              "income",
              "transactions"
            ],
            "billed_products": [
              "auth"
            ],
            "error": null,
            "institution_id": "ins_109508",
            "item_id": "NX6PWzk4DpiKevPmomGlHXmZzgEl84iW3VqAl",
            "webhook": ""
          },
          "request_id": "SzkRi"
        }
    http_version: 
  recorded_at: Tue, 22 May 2018 06:21:56 GMT
- request:
    method: post
    uri: https://sandbox.plaid.com/auth/get
    body:
      encoding: UTF-8
      string: '{"access_token":"access-sandbox-2e930402-7518-4dca-923e-8e9c22fa17d8","options":{},"client_id":"PLAID_RUBY_CLIENT_ID","secret":"PLAID_RUBY_SECRET"}'
    headers:
      User-Agent:
      - Plaid Ruby v5.0.0
      Content-Type:
      - application/json
      Plaid-Version:
      - '2018-05-22'
  response:
    status:
      code: 200
      message: OK
    headers:
      server:
      - nginx
      date:
      - Tue, 22 May 2018 06:21:58 GMT
      content-type:
      - application/json
      transfer-encoding:
      - chunked
      connection:
      - close
      plaid-version:
      - '2018-05-22'
      strict-transport-security:
      - max-age=31536000; includeSubDomains; preload
      x-frame-options:
      - DENY
      x-content-type-options:
      - nosniff
      x-xss-protection:
      - 1; mode=block
    body:
      encoding: ASCII-8BIT
      string: |-
        {
          "accounts": [
            {
              "account_id": "zLVz3PyjXgFn81x4X4jpfKE71NeEjNtoVdjj8",
              "balances": {
                "available": 100,
                "current": 110,
                "iso_currency_code": "USD",
                "limit": null,
                "unofficial_currency_code": null
              },
              "mask": "0000",
              "name": "Plaid Checking",
              "official_name": "Plaid Gold Standard 0% Interest Checking",
              "subtype": "checking",
              "type": "depository"
            },
            {
              "account_id": "rP1wbz8Bnec1QpdM7MbNUX8ZvLb8zLulQbmmN",
              "balances": {
                "available": 200,
                "current": 210,
                "iso_currency_code": "USD",
                "limit": null,
                "unofficial_currency_code": null
              },
              "mask": "1111",
              "name": "Plaid Saving",
              "official_name": "Plaid Silver Standard 0.1% Interest Saving",
              "subtype": "savings",
              "type": "depository"
            },
            {
              "account_id": "BXAk7GeVbaiKWky545vxHg6lprB6ErIwBvaa6",
              "balances": {
                "available": null,
                "current": 1000,
                "iso_currency_code": "USD",
                "limit": null,
                "unofficial_currency_code": null
              },
              "mask": "2222",
              "name": "Plaid CD",
              "official_name": "Plaid Bronze Standard 0.2% Interest CD",
              "subtype": "cd",
              "type": "depository"
            },
            {
              "account_id": "35oJmjl8A6Imwl4W8WzJSkGg8K3GVKHqAgXX7",
              "balances": {
                "available": null,
                "current": 410,
                "iso_currency_code": "USD",
                "limit": 2000,
                "unofficial_currency_code": null
              },
              "mask": "3333",
              "name": "Plaid Credit Card",
              "official_name": "Plaid Diamond 12.5% APR Interest Credit Card",
              "subtype": "credit card",
              "type": "credit"
            }
          ],
          "item": {
            "available_products": [
              "balance",
              "credit_details",
              "identity",
              "income",
              "transactions"
            ],
            "billed_products": [
              "auth"
            ],
            "error": null,
            "institution_id": "ins_109508",
            "item_id": "NX6PWzk4DpiKevPmomGlHXmZzgEl84iW3VqAl",
            "webhook": ""
          },
          "numbers": {
            "ach": [
              {
                "account": "1111222233330000",
                "account_id": "zLVz3PyjXgFn81x4X4jpfKE71NeEjNtoVdjj8",
                "routing": "011401533",
                "wire_routing": "021000021"
              },
              {
                "account": "1111222233331111",
                "account_id": "rP1wbz8Bnec1QpdM7MbNUX8ZvLb8zLulQbmmN",
                "routing": "011401533",
                "wire_routing": "021000021"
              }
            ],
            "eft": []
          },
          "request_id": "a8xiB"
        }
    http_version: 
  recorded_at: Tue, 22 May 2018 06:21:58 GMT
- request:
    method: post
    uri: https://sandbox.plaid.com/auth/get
    body:
      encoding: UTF-8
      string: '{"access_token":"access-sandbox-2e930402-7518-4dca-923e-8e9c22fa17d8","options":{"account_ids":["zLVz3PyjXgFn81x4X4jpfKE71NeEjNtoVdjj8"]},"client_id":"PLAID_RUBY_CLIENT_ID","secret":"PLAID_RUBY_SECRET"}'
    headers:
      User-Agent:
      - Plaid Ruby v5.0.0
      Content-Type:
      - application/json
      Plaid-Version:
      - '2018-05-22'
  response:
    status:
      code: 200
      message: OK
    headers:
      server:
      - nginx
      date:
      - Tue, 22 May 2018 06:21:59 GMT
      content-type:
      - application/json
      transfer-encoding:
      - chunked
      connection:
      - close
      plaid-version:
      - '2018-05-22'
      strict-transport-security:
      - max-age=31536000; includeSubDomains; preload
      x-frame-options:
      - DENY
      x-content-type-options:
      - nosniff
      x-xss-protection:
      - 1; mode=block
    body:
      encoding: ASCII-8BIT
      string: |-
        {
          "accounts": [
            {
              "account_id": "zLVz3PyjXgFn81x4X4jpfKE71NeEjNtoVdjj8",
              "balances": {
                "available": 100,
                "current": 110,
                "iso_currency_code": "USD",
                "limit": null,
                "unofficial_currency_code": null
              },
              "mask": "0000",
              "name": "Plaid Checking",
              "official_name": "Plaid Gold Standard 0% Interest Checking",
              "subtype": "checking",
              "type": "depository"
            }
          ],
          "item": {
            "available_products": [
              "balance",
              "credit_details",
              "identity",
              "income",
              "transactions"
            ],
            "billed_products": [
              "auth"
            ],
            "error": null,
            "institution_id": "ins_109508",
            "item_id": "NX6PWzk4DpiKevPmomGlHXmZzgEl84iW3VqAl",
            "webhook": ""
          },
          "numbers": {
            "ach": [
              {
                "account": "1111222233330000",
                "account_id": "zLVz3PyjXgFn81x4X4jpfKE71NeEjNtoVdjj8",
                "routing": "011401533",
                "wire_routing": "021000021"
              }
            ],
            "eft": []
          },
          "request_id": "8q97L"
        }
    http_version: 
  recorded_at: Tue, 22 May 2018 06:21:59 GMT
- request:
    method: post
    uri: https://sandbox.plaid.com/auth/get
    body:
      encoding: UTF-8
      string: '{"access_token":"access-sandbox-2e930402-7518-4dca-923e-8e9c22fa17d8","options":{"account_ids":["zLVz3PyjXgFn81x4X4jpfKE71NeEjNtoVdjj8"]},"client_id":"PLAID_RUBY_CLIENT_ID","secret":"PLAID_RUBY_SECRET"}'
    headers:
      User-Agent:
      - Plaid Ruby v5.0.0
      Content-Type:
      - application/json
      Plaid-Version:
      - '2018-05-22'
  response:
    status:
      code: 200
      message: OK
    headers:
      server:
      - nginx
      date:
      - Tue, 22 May 2018 06:22:00 GMT
      content-type:
      - application/json
      transfer-encoding:
      - chunked
      connection:
      - close
      plaid-version:
      - '2018-05-22'
      strict-transport-security:
      - max-age=31536000; includeSubDomains; preload
      x-frame-options:
      - DENY
      x-content-type-options:
      - nosniff
      x-xss-protection:
      - 1; mode=block
    body:
      encoding: ASCII-8BIT
      string: |-
        {
          "accounts": [
            {
              "account_id": "zLVz3PyjXgFn81x4X4jpfKE71NeEjNtoVdjj8",
              "balances": {
                "available": 100,
                "current": 110,
                "iso_currency_code": "USD",
                "limit": null,
                "unofficial_currency_code": null
              },
              "mask": "0000",
              "name": "Plaid Checking",
              "official_name": "Plaid Gold Standard 0% Interest Checking",
              "subtype": "checking",
              "type": "depository"
            }
          ],
          "item": {
            "available_products": [
              "balance",
              "credit_details",
              "identity",
              "income",
              "transactions"
            ],
            "billed_products": [
              "auth"
            ],
            "error": null,
            "institution_id": "ins_109508",
            "item_id": "NX6PWzk4DpiKevPmomGlHXmZzgEl84iW3VqAl",
            "webhook": ""
          },
          "numbers": {
            "ach": [
              {
                "account": "1111222233330000",
                "account_id": "zLVz3PyjXgFn81x4X4jpfKE71NeEjNtoVdjj8",
                "routing": "011401533",
                "wire_routing": "021000021"
              }
            ],
            "eft": []
          },
          "request_id": "3nKPF"
        }
    http_version: 
  recorded_at: Tue, 22 May 2018 06:22:00 GMT
- request:
    method: post
    uri: https://sandbox.plaid.com/item/remove
    body:
      encoding: UTF-8
      string: '{"access_token":"access-sandbox-2e930402-7518-4dca-923e-8e9c22fa17d8","client_id":"PLAID_RUBY_CLIENT_ID","secret":"PLAID_RUBY_SECRET"}'
    headers:
      User-Agent:
      - Plaid Ruby v5.0.0
      Content-Type:
      - application/json
      Plaid-Version:
      - '2018-05-22'
  response:
    status:
      code: 200
      message: OK
    headers:
      server:
      - nginx
      date:
      - Tue, 22 May 2018 06:22:01 GMT
      content-type:
      - application/json
      content-length:
      - '46'
      connection:
      - close
      plaid-version:
      - '2018-05-22'
      strict-transport-security:
      - max-age=31536000; includeSubDomains; preload
      x-frame-options:
      - DENY
      x-content-type-options:
      - nosniff
      x-xss-protection:
      - 1; mode=block
    body:
      encoding: UTF-8
      string: |-
        {
          "removed": true,
          "request_id": "GOD63"
        }
    http_version: 
  recorded_at: Tue, 22 May 2018 06:22:01 GMT
- request:
    method: post
    uri: https://sandbox.plaid.com/auth/get
    body:
      encoding: UTF-8
      string: '{"access_token":"access-sandbox-ac43353a-80c1-43ed-b88d-5eef1a1e1ffd","options":{},"client_id":"PLAID_RUBY_CLIENT_ID","secret":"PLAID_RUBY_SECRET"}'
    headers:
      User-Agent:
      - Plaid Ruby v6.3.1
      Content-Type:
      - application/json
      Plaid-Version:
      - '2018-05-22'
  response:
    status:
      code: 200
      message: OK
    headers:
      server:
      - nginx
      date:
      - Thu, 16 May 2019 06:17:28 GMT
      content-type:
      - application/json; charset=utf-8
      content-length:
      - '967'
      connection:
      - close
      plaid-version:
      - '2018-05-22'
      vary:
      - Accept-Encoding
      strict-transport-security:
      - max-age=31536000; includeSubDomains; preload
      x-frame-options:
      - DENY
      x-content-type-options:
      - nosniff
      x-xss-protection:
      - 1; mode=block
    body:
      encoding: ASCII-8BIT
      string: |-
        {
          "accounts": [
            {
              "account_id": "8kwKeDKxK1fDdVmm5NbrhvxQpNnkVvtwbZn4D",
              "balances": {
                "available": 100,
                "current": 110,
                "iso_currency_code": "USD",
                "limit": null,
                "unofficial_currency_code": null
              },
              "mask": "0000",
              "name": "Plaid Checking",
              "official_name": "Plaid Gold Standard 0% Interest Checking",
              "subtype": "checking",
              "type": "depository"
            },
            {
              "account_id": "E5NeGwezeyT65gzzMa3GHqb6EQWmAqHXqgyvD",
              "balances": {
                "available": 200,
                "current": 210,
                "iso_currency_code": "USD",
                "limit": null,
                "unofficial_currency_code": null
              },
              "mask": "1111",
              "name": "Plaid Saving",
              "official_name": "Plaid Silver Standard 0.1% Interest Saving",
              "subtype": "savings",
              "type": "depository"
            },
            {
              "account_id": "W58NvLNoNQTp5zrrmXy6F146leGVj1ilkPRdp",
              "balances": {
                "available": null,
                "current": 1000,
                "iso_currency_code": "USD",
                "limit": null,
                "unofficial_currency_code": null
              },
              "mask": "2222",
              "name": "Plaid CD",
              "official_name": "Plaid Bronze Standard 0.2% Interest CD",
              "subtype": "cd",
              "type": "depository"
            },
            {
              "account_id": "ARQN8xNlNGCBZwqqMlDAUyRqVdWlPyI1Q48bZ",
              "balances": {
                "available": null,
                "current": 410,
                "iso_currency_code": "USD",
                "limit": 2000,
                "unofficial_currency_code": null
              },
              "mask": "3333",
              "name": "Plaid Credit Card",
              "official_name": "Plaid Diamond 12.5% APR Interest Credit Card",
              "subtype": "credit card",
              "type": "credit"
            },
            {
              "account_id": "G53ZvyZGZlTA56oopdvMHrzxvkAM6rF15GaVk",
              "balances": {
                "available": 43200,
                "current": 43200,
                "iso_currency_code": "USD",
                "limit": null,
                "unofficial_currency_code": null
              },
              "mask": "4444",
              "name": "Plaid Money Market",
              "official_name": "Plaid Platinum Standard 1.85% Interest Money Market",
              "subtype": "money market",
              "type": "depository"
            },
            {
              "account_id": "nzpEaMEXEktpK1337ve8Fp84gQ6evpF6j3oan",
              "balances": {
                "available": null,
                "current": 320.75,
                "iso_currency_code": "USD",
                "limit": null,
                "unofficial_currency_code": null
              },
              "mask": "5555",
              "name": "Plaid IRA",
              "official_name": null,
              "subtype": "ira",
              "type": "brokerage"
            },
            {
              "account_id": "bJ3Ev6EaEAtq4oxxJVXQIzLyJM5e6zCVXolR1",
              "balances": {
                "available": null,
                "current": 22258.294,
                "iso_currency_code": "USD",
                "limit": null,
                "unofficial_currency_code": null
              },
              "mask": "6666",
              "name": "Plaid 401k",
              "official_name": null,
              "subtype": "401k",
              "type": "brokerage"
            }
          ],
          "item": {
            "available_products": [
              "assets",
              "balance",
              "credit_details",
              "identity",
              "income",
              "transactions"
            ],
            "billed_products": [
              "auth"
            ],
            "error": null,
            "institution_id": "ins_109508",
            "item_id": "5gxpP4pwpQIGEVaardNATB5gq9V6qmfZrPX1G",
            "webhook": ""
          },
          "numbers": {
            "ach": [
              {
                "account": "1111222233330000",
                "account_id": "8kwKeDKxK1fDdVmm5NbrhvxQpNnkVvtwbZn4D",
                "routing": "011401533",
                "wire_routing": "021000021"
              },
              {
                "account": "1111222233331111",
                "account_id": "E5NeGwezeyT65gzzMa3GHqb6EQWmAqHXqgyvD",
                "routing": "011401533",
                "wire_routing": "021000021"
              }
            ],
            "eft": []
          },
          "request_id": "a5i0OdzSXAfIjLs"
        }
    http_version: 
  recorded_at: Thu, 16 May 2019 06:17:28 GMT
- request:
    method: post
    uri: https://sandbox.plaid.com/auth/get
    body:
      encoding: UTF-8
      string: '{"access_token":"access-sandbox-ac43353a-80c1-43ed-b88d-5eef1a1e1ffd","options":{"account_ids":["8kwKeDKxK1fDdVmm5NbrhvxQpNnkVvtwbZn4D"]},"client_id":"PLAID_RUBY_CLIENT_ID","secret":"PLAID_RUBY_SECRET"}'
    headers:
      User-Agent:
      - Plaid Ruby v6.3.1
      Content-Type:
      - application/json
      Plaid-Version:
      - '2018-05-22'
  response:
    status:
      code: 200
      message: OK
    headers:
      server:
      - nginx
      date:
      - Thu, 16 May 2019 06:17:29 GMT
      content-type:
      - application/json; charset=utf-8
      content-length:
      - '505'
      connection:
      - close
      plaid-version:
      - '2018-05-22'
      vary:
      - Accept-Encoding
      strict-transport-security:
      - max-age=31536000; includeSubDomains; preload
      x-frame-options:
      - DENY
      x-content-type-options:
      - nosniff
      x-xss-protection:
      - 1; mode=block
    body:
      encoding: ASCII-8BIT
      string: |-
        {
          "accounts": [
            {
              "account_id": "8kwKeDKxK1fDdVmm5NbrhvxQpNnkVvtwbZn4D",
              "balances": {
                "available": 100,
                "current": 110,
                "iso_currency_code": "USD",
                "limit": null,
                "unofficial_currency_code": null
              },
              "mask": "0000",
              "name": "Plaid Checking",
              "official_name": "Plaid Gold Standard 0% Interest Checking",
              "subtype": "checking",
              "type": "depository"
            }
          ],
          "item": {
            "available_products": [
              "assets",
              "balance",
              "credit_details",
              "identity",
              "income",
              "transactions"
            ],
            "billed_products": [
              "auth"
            ],
            "error": null,
            "institution_id": "ins_109508",
            "item_id": "5gxpP4pwpQIGEVaardNATB5gq9V6qmfZrPX1G",
            "webhook": ""
          },
          "numbers": {
            "ach": [
              {
                "account": "1111222233330000",
                "account_id": "8kwKeDKxK1fDdVmm5NbrhvxQpNnkVvtwbZn4D",
                "routing": "011401533",
                "wire_routing": "021000021"
              }
            ],
            "eft": []
          },
          "request_id": "iyto1Lbp51LUSh0"
        }
    http_version: 
  recorded_at: Thu, 16 May 2019 06:17:29 GMT
- request:
    method: post
    uri: https://sandbox.plaid.com/auth/get
    body:
      encoding: UTF-8
      string: '{"access_token":"access-sandbox-ac43353a-80c1-43ed-b88d-5eef1a1e1ffd","options":{"account_ids":["8kwKeDKxK1fDdVmm5NbrhvxQpNnkVvtwbZn4D"]},"client_id":"PLAID_RUBY_CLIENT_ID","secret":"PLAID_RUBY_SECRET"}'
    headers:
      User-Agent:
      - Plaid Ruby v6.3.1
      Content-Type:
      - application/json
      Plaid-Version:
      - '2018-05-22'
  response:
    status:
      code: 200
      message: OK
    headers:
      server:
      - nginx
      date:
      - Thu, 16 May 2019 06:17:30 GMT
      content-type:
      - application/json; charset=utf-8
      content-length:
      - '505'
      connection:
      - close
      plaid-version:
      - '2018-05-22'
      vary:
      - Accept-Encoding
      strict-transport-security:
      - max-age=31536000; includeSubDomains; preload
      x-frame-options:
      - DENY
      x-content-type-options:
      - nosniff
      x-xss-protection:
      - 1; mode=block
    body:
      encoding: ASCII-8BIT
      string: |-
        {
          "accounts": [
            {
              "account_id": "8kwKeDKxK1fDdVmm5NbrhvxQpNnkVvtwbZn4D",
              "balances": {
                "available": 100,
                "current": 110,
                "iso_currency_code": "USD",
                "limit": null,
                "unofficial_currency_code": null
              },
              "mask": "0000",
              "name": "Plaid Checking",
              "official_name": "Plaid Gold Standard 0% Interest Checking",
              "subtype": "checking",
              "type": "depository"
            }
          ],
          "item": {
            "available_products": [
              "assets",
              "balance",
              "credit_details",
              "identity",
              "income",
              "transactions"
            ],
            "billed_products": [
              "auth"
            ],
            "error": null,
            "institution_id": "ins_109508",
            "item_id": "5gxpP4pwpQIGEVaardNATB5gq9V6qmfZrPX1G",
            "webhook": ""
          },
          "numbers": {
            "ach": [
              {
                "account": "1111222233330000",
                "account_id": "8kwKeDKxK1fDdVmm5NbrhvxQpNnkVvtwbZn4D",
                "routing": "011401533",
                "wire_routing": "021000021"
              }
            ],
            "eft": []
          },
          "request_id": "wmdOcjN9IewrZ98"
        }
    http_version: 
  recorded_at: Thu, 16 May 2019 06:17:30 GMT
- request:
    method: post
    uri: https://sandbox.plaid.com/item/remove
    body:
      encoding: UTF-8
      string: '{"access_token":"access-sandbox-ac43353a-80c1-43ed-b88d-5eef1a1e1ffd","client_id":"PLAID_RUBY_CLIENT_ID","secret":"PLAID_RUBY_SECRET"}'
    headers:
      User-Agent:
      - Plaid Ruby v6.3.1
      Content-Type:
      - application/json
      Plaid-Version:
      - '2018-05-22'
  response:
    status:
      code: 200
      message: OK
    headers:
      server:
      - nginx
      date:
      - Thu, 16 May 2019 06:17:31 GMT
      content-type:
      - application/json; charset=utf-8
      content-length:
      - '74'
      connection:
      - close
      plaid-version:
      - '2018-05-22'
      vary:
      - Accept-Encoding
      strict-transport-security:
      - max-age=31536000; includeSubDomains; preload
      x-frame-options:
      - DENY
      x-content-type-options:
      - nosniff
      x-xss-protection:
      - 1; mode=block
    body:
      encoding: ASCII-8BIT
      string: |-
        {
          "removed": true,
          "request_id": "t0iWDFcay5yj0WA"
        }
    http_version: 
  recorded_at: Thu, 16 May 2019 06:17:31 GMT
- request:
    method: post
    uri: https://sandbox.plaid.com/auth/get
    body:
      encoding: UTF-8
      string: '{"access_token":"access-sandbox-122c55c2-9ccd-40d9-a872-f5bc3600da4f","options":{},"client_id":"PLAID_RUBY_CLIENT_ID","secret":"PLAID_RUBY_SECRET"}'
    headers:
      User-Agent:
      - Plaid Ruby v6.3.1
      Content-Type:
      - application/json
      Plaid-Version:
      - '2018-05-22'
  response:
    status:
      code: 200
      message: OK
    headers:
      server:
      - nginx
      date:
      - Thu, 16 May 2019 06:28:53 GMT
      content-type:
      - application/json; charset=utf-8
      content-length:
      - '967'
      connection:
      - close
      plaid-version:
      - '2018-05-22'
      vary:
      - Accept-Encoding
      strict-transport-security:
      - max-age=31536000; includeSubDomains; preload
      x-frame-options:
      - DENY
      x-content-type-options:
      - nosniff
      x-xss-protection:
      - 1; mode=block
    body:
      encoding: ASCII-8BIT
      string: |-
        {
          "accounts": [
            {
              "account_id": "5NJr1gaBWntwM5d63mRQHBGXeE3lEGFZVWVgk",
              "balances": {
                "available": 100,
                "current": 110,
                "iso_currency_code": "USD",
                "limit": null,
                "unofficial_currency_code": null
              },
              "mask": "0000",
              "name": "Plaid Checking",
              "official_name": "Plaid Gold Standard 0% Interest Checking",
              "subtype": "checking",
              "type": "depository"
            },
            {
              "account_id": "JzQ8K5Wq3wFdNEyjzmDWI3pwrevbepFdj9jZ7",
              "balances": {
                "available": 200,
                "current": 210,
                "iso_currency_code": "USD",
                "limit": null,
                "unofficial_currency_code": null
              },
              "mask": "1111",
              "name": "Plaid Saving",
              "official_name": "Plaid Silver Standard 0.1% Interest Saving",
              "subtype": "savings",
              "type": "depository"
            },
            {
              "account_id": "kapGrqo6VMU9kwvD8d6RH4E6qpnopECWEXEqZ",
              "balances": {
                "available": null,
                "current": 1000,
                "iso_currency_code": "USD",
                "limit": null,
                "unofficial_currency_code": null
              },
              "mask": "2222",
              "name": "Plaid CD",
              "official_name": "Plaid Bronze Standard 0.2% Interest CD",
              "subtype": "cd",
              "type": "depository"
            },
            {
              "account_id": "l4JlzKoGwmf4bQ8wegGyh1MGALQKLMiZWkWnj",
              "balances": {
                "available": null,
                "current": 410,
                "iso_currency_code": "USD",
                "limit": 2000,
                "unofficial_currency_code": null
              },
              "mask": "3333",
              "name": "Plaid Credit Card",
              "official_name": "Plaid Diamond 12.5% APR Interest Credit Card",
              "subtype": "credit card",
              "type": "credit"
            },
            {
              "account_id": "qeqBaxoGzJCeP8vDVAWyhB6Wo38w36FdWZWLn",
              "balances": {
                "available": 43200,
                "current": 43200,
                "iso_currency_code": "USD",
                "limit": null,
                "unofficial_currency_code": null
              },
              "mask": "4444",
              "name": "Plaid Money Market",
              "official_name": "Plaid Platinum Standard 1.85% Interest Money Market",
              "subtype": "money market",
              "type": "depository"
            },
            {
              "account_id": "KByEr5WKxAFaNeVbl6pmIxkd7qRwqkiV8L8KL",
              "balances": {
                "available": null,
                "current": 320.75,
                "iso_currency_code": "USD",
                "limit": null,
                "unofficial_currency_code": null
              },
              "mask": "5555",
              "name": "Plaid IRA",
              "official_name": null,
              "subtype": "ira",
              "type": "brokerage"
            },
            {
              "account_id": "rQK34doGB7UQP4VbnDG1TgzG1d4NdzIlwnwpV",
              "balances": {
                "available": null,
                "current": 22258.294,
                "iso_currency_code": "USD",
                "limit": null,
                "unofficial_currency_code": null
              },
              "mask": "6666",
              "name": "Plaid 401k",
              "official_name": null,
              "subtype": "401k",
              "type": "brokerage"
            }
          ],
          "item": {
            "available_products": [
              "assets",
              "balance",
              "credit_details",
              "identity",
              "income",
              "transactions"
            ],
            "billed_products": [
              "auth"
            ],
            "error": null,
            "institution_id": "ins_109508",
            "item_id": "44pKgodzEnfr6kXead5xuzvVKggzoetdy1pxy",
            "webhook": ""
          },
          "numbers": {
            "ach": [
              {
                "account": "1111222233330000",
                "account_id": "5NJr1gaBWntwM5d63mRQHBGXeE3lEGFZVWVgk",
                "routing": "011401533",
                "wire_routing": "021000021"
              },
              {
                "account": "1111222233331111",
                "account_id": "JzQ8K5Wq3wFdNEyjzmDWI3pwrevbepFdj9jZ7",
                "routing": "011401533",
                "wire_routing": "021000021"
              }
            ],
            "eft": []
          },
          "request_id": "Nn2VWSi6vevsq1j"
        }
    http_version: 
  recorded_at: Thu, 16 May 2019 06:28:53 GMT
- request:
    method: post
    uri: https://sandbox.plaid.com/auth/get
    body:
      encoding: UTF-8
      string: '{"access_token":"access-sandbox-122c55c2-9ccd-40d9-a872-f5bc3600da4f","options":{"account_ids":["5NJr1gaBWntwM5d63mRQHBGXeE3lEGFZVWVgk"]},"client_id":"PLAID_RUBY_CLIENT_ID","secret":"PLAID_RUBY_SECRET"}'
    headers:
      User-Agent:
      - Plaid Ruby v6.3.1
      Content-Type:
      - application/json
      Plaid-Version:
      - '2018-05-22'
  response:
    status:
      code: 200
      message: OK
    headers:
      server:
      - nginx
      date:
      - Thu, 16 May 2019 06:28:54 GMT
      content-type:
      - application/json; charset=utf-8
      content-length:
      - '505'
      connection:
      - close
      plaid-version:
      - '2018-05-22'
      vary:
      - Accept-Encoding
      strict-transport-security:
      - max-age=31536000; includeSubDomains; preload
      x-frame-options:
      - DENY
      x-content-type-options:
      - nosniff
      x-xss-protection:
      - 1; mode=block
    body:
      encoding: ASCII-8BIT
      string: |-
        {
          "accounts": [
            {
              "account_id": "5NJr1gaBWntwM5d63mRQHBGXeE3lEGFZVWVgk",
              "balances": {
                "available": 100,
                "current": 110,
                "iso_currency_code": "USD",
                "limit": null,
                "unofficial_currency_code": null
              },
              "mask": "0000",
              "name": "Plaid Checking",
              "official_name": "Plaid Gold Standard 0% Interest Checking",
              "subtype": "checking",
              "type": "depository"
            }
          ],
          "item": {
            "available_products": [
              "assets",
              "balance",
              "credit_details",
              "identity",
              "income",
              "transactions"
            ],
            "billed_products": [
              "auth"
            ],
            "error": null,
            "institution_id": "ins_109508",
            "item_id": "44pKgodzEnfr6kXead5xuzvVKggzoetdy1pxy",
            "webhook": ""
          },
          "numbers": {
            "ach": [
              {
                "account": "1111222233330000",
                "account_id": "5NJr1gaBWntwM5d63mRQHBGXeE3lEGFZVWVgk",
                "routing": "011401533",
                "wire_routing": "021000021"
              }
            ],
            "eft": []
          },
          "request_id": "ifg2xeT65TPNuxU"
        }
    http_version: 
  recorded_at: Thu, 16 May 2019 06:28:54 GMT
- request:
    method: post
    uri: https://sandbox.plaid.com/auth/get
    body:
      encoding: UTF-8
      string: '{"access_token":"access-sandbox-122c55c2-9ccd-40d9-a872-f5bc3600da4f","options":{"account_ids":["5NJr1gaBWntwM5d63mRQHBGXeE3lEGFZVWVgk"]},"client_id":"PLAID_RUBY_CLIENT_ID","secret":"PLAID_RUBY_SECRET"}'
    headers:
      User-Agent:
      - Plaid Ruby v6.3.1
      Content-Type:
      - application/json
      Plaid-Version:
      - '2018-05-22'
  response:
    status:
      code: 200
      message: OK
    headers:
      server:
      - nginx
      date:
      - Thu, 16 May 2019 06:28:55 GMT
      content-type:
      - application/json; charset=utf-8
      content-length:
      - '507'
      connection:
      - close
      plaid-version:
      - '2018-05-22'
      vary:
      - Accept-Encoding
      strict-transport-security:
      - max-age=31536000; includeSubDomains; preload
      x-frame-options:
      - DENY
      x-content-type-options:
      - nosniff
      x-xss-protection:
      - 1; mode=block
    body:
      encoding: ASCII-8BIT
      string: |-
        {
          "accounts": [
            {
              "account_id": "5NJr1gaBWntwM5d63mRQHBGXeE3lEGFZVWVgk",
              "balances": {
                "available": 100,
                "current": 110,
                "iso_currency_code": "USD",
                "limit": null,
                "unofficial_currency_code": null
              },
              "mask": "0000",
              "name": "Plaid Checking",
              "official_name": "Plaid Gold Standard 0% Interest Checking",
              "subtype": "checking",
              "type": "depository"
            }
          ],
          "item": {
            "available_products": [
              "assets",
              "balance",
              "credit_details",
              "identity",
              "income",
              "transactions"
            ],
            "billed_products": [
              "auth"
            ],
            "error": null,
            "institution_id": "ins_109508",
            "item_id": "44pKgodzEnfr6kXead5xuzvVKggzoetdy1pxy",
            "webhook": ""
          },
          "numbers": {
            "ach": [
              {
                "account": "1111222233330000",
                "account_id": "5NJr1gaBWntwM5d63mRQHBGXeE3lEGFZVWVgk",
                "routing": "011401533",
                "wire_routing": "021000021"
              }
            ],
            "eft": []
          },
          "request_id": "F5O7i7bGkLYj81i"
        }
    http_version: 
  recorded_at: Thu, 16 May 2019 06:28:55 GMT
- request:
    method: post
    uri: https://sandbox.plaid.com/item/remove
    body:
      encoding: UTF-8
      string: '{"access_token":"access-sandbox-122c55c2-9ccd-40d9-a872-f5bc3600da4f","client_id":"PLAID_RUBY_CLIENT_ID","secret":"PLAID_RUBY_SECRET"}'
    headers:
      User-Agent:
      - Plaid Ruby v6.3.1
      Content-Type:
      - application/json
      Plaid-Version:
      - '2018-05-22'
  response:
    status:
      code: 200
      message: OK
    headers:
      server:
      - nginx
      date:
      - Thu, 16 May 2019 06:28:56 GMT
      content-type:
      - application/json; charset=utf-8
      content-length:
      - '74'
      connection:
      - close
      plaid-version:
      - '2018-05-22'
      vary:
      - Accept-Encoding
      strict-transport-security:
      - max-age=31536000; includeSubDomains; preload
      x-frame-options:
      - DENY
      x-content-type-options:
      - nosniff
      x-xss-protection:
      - 1; mode=block
    body:
      encoding: ASCII-8BIT
      string: |-
        {
          "removed": true,
          "request_id": "Ql2R77CuTd0BkqP"
        }
    http_version: 
  recorded_at: Thu, 16 May 2019 06:28:56 GMT
- request:
    method: post
    uri: https://sandbox.plaid.com/auth/get
    body:
      encoding: UTF-8
      string: '{"access_token":"access-sandbox-f4480910-ea44-4eed-a320-9a5115f983c5","options":{},"client_id":"PLAID_RUBY_CLIENT_ID","secret":"PLAID_RUBY_SECRET"}'
    headers:
      User-Agent:
      - Plaid Ruby v6.3.1
      Content-Type:
      - application/json
      Plaid-Version:
      - '2018-05-22'
  response:
    status:
      code: 200
      message: OK
    headers:
      server:
      - nginx
      date:
      - Thu, 16 May 2019 06:34:24 GMT
      content-type:
      - application/json; charset=utf-8
      content-length:
      - '949'
      connection:
      - close
      plaid-version:
      - '2018-05-22'
      vary:
      - Accept-Encoding
      strict-transport-security:
      - max-age=31536000; includeSubDomains; preload
      x-frame-options:
      - DENY
      x-content-type-options:
      - nosniff
      x-xss-protection:
      - 1; mode=block
    body:
      encoding: ASCII-8BIT
      string: |-
        {
          "accounts": [
            {
              "account_id": "NZ4dEk3lQWcgVjV4Pl9eI4LwGlvrNZCW4X7Jd",
              "balances": {
                "available": 100,
                "current": 110,
                "iso_currency_code": "USD",
                "limit": null,
                "unofficial_currency_code": null
              },
              "mask": "0000",
              "name": "Plaid Checking",
              "official_name": "Plaid Gold Standard 0% Interest Checking",
              "subtype": "checking",
              "type": "depository"
            },
            {
              "account_id": "P1P4lndKMGIrXkXPM96oUPWgx38zmdt7PXNlR",
              "balances": {
                "available": 200,
                "current": 210,
                "iso_currency_code": "USD",
                "limit": null,
                "unofficial_currency_code": null
              },
              "mask": "1111",
              "name": "Plaid Saving",
              "official_name": "Plaid Silver Standard 0.1% Interest Saving",
              "subtype": "savings",
              "type": "depository"
            },
            {
              "account_id": "j4DdWQKGMoc3NlNgDpQGUWzDkK7dgEh1VvGgj",
              "balances": {
                "available": null,
                "current": 1000,
                "iso_currency_code": "USD",
                "limit": null,
                "unofficial_currency_code": null
              },
              "mask": "2222",
              "name": "Plaid CD",
              "official_name": "Plaid Bronze Standard 0.2% Interest CD",
              "subtype": "cd",
              "type": "depository"
            },
            {
              "account_id": "7nGjKzW41rCNRjRx79KlTxeyGQnVbrfgo81kz",
              "balances": {
                "available": null,
                "current": 410,
                "iso_currency_code": "USD",
                "limit": 2000,
                "unofficial_currency_code": null
              },
              "mask": "3333",
              "name": "Plaid Credit Card",
              "official_name": "Plaid Diamond 12.5% APR Interest Credit Card",
              "subtype": "credit card",
              "type": "credit"
            },
            {
              "account_id": "eB9rpN8gjZcbAgA9dvNriXWZowpQn3fL4aVZy",
              "balances": {
                "available": 43200,
                "current": 43200,
                "iso_currency_code": "USD",
                "limit": null,
                "unofficial_currency_code": null
              },
              "mask": "4444",
              "name": "Plaid Money Market",
              "official_name": "Plaid Platinum Standard 1.85% Interest Money Market",
              "subtype": "money market",
              "type": "depository"
            },
            {
              "account_id": "4WE4RqgxQluJ7z7LNn1rFz85946zXafdQl3yg",
              "balances": {
                "available": null,
                "current": 320.75,
                "iso_currency_code": "USD",
                "limit": null,
                "unofficial_currency_code": null
              },
              "mask": "5555",
              "name": "Plaid IRA",
              "official_name": null,
              "subtype": "ira",
              "type": "brokerage"
            },
            {
              "account_id": "NZ4dEk3lQWcgVjV4Pl9eI4LjmGb4X9iW4X7JW",
              "balances": {
                "available": null,
                "current": 22258.294,
                "iso_currency_code": "USD",
                "limit": null,
                "unofficial_currency_code": null
              },
              "mask": "6666",
              "name": "Plaid 401k",
              "official_name": null,
              "subtype": "401k",
              "type": "brokerage"
            }
          ],
          "item": {
            "available_products": [
              "assets",
              "balance",
              "credit_details",
              "identity",
              "income",
              "transactions"
            ],
            "billed_products": [
              "auth"
            ],
            "error": null,
            "institution_id": "ins_109508",
            "item_id": "mjlNK1BmpEt5494rkM1NhW8eQ4N57ECLZve5A",
            "webhook": ""
          },
          "numbers": {
            "ach": [
              {
                "account": "1111222233330000",
                "account_id": "NZ4dEk3lQWcgVjV4Pl9eI4LwGlvrNZCW4X7Jd",
                "routing": "011401533",
                "wire_routing": "021000021"
              },
              {
                "account": "1111222233331111",
                "account_id": "P1P4lndKMGIrXkXPM96oUPWgx38zmdt7PXNlR",
                "routing": "011401533",
                "wire_routing": "021000021"
              }
            ],
            "eft": []
          },
          "request_id": "t2Lxb0nDLsP7ZoW"
        }
    http_version: 
  recorded_at: Thu, 16 May 2019 06:34:24 GMT
- request:
    method: post
    uri: https://sandbox.plaid.com/auth/get
    body:
      encoding: UTF-8
      string: '{"access_token":"access-sandbox-f4480910-ea44-4eed-a320-9a5115f983c5","options":{"account_ids":["NZ4dEk3lQWcgVjV4Pl9eI4LwGlvrNZCW4X7Jd"]},"client_id":"PLAID_RUBY_CLIENT_ID","secret":"PLAID_RUBY_SECRET"}'
    headers:
      User-Agent:
      - Plaid Ruby v6.3.1
      Content-Type:
      - application/json
      Plaid-Version:
      - '2018-05-22'
  response:
    status:
      code: 200
      message: OK
    headers:
      server:
      - nginx
      date:
      - Thu, 16 May 2019 06:34:25 GMT
      content-type:
      - application/json; charset=utf-8
      content-length:
      - '505'
      connection:
      - close
      plaid-version:
      - '2018-05-22'
      vary:
      - Accept-Encoding
      strict-transport-security:
      - max-age=31536000; includeSubDomains; preload
      x-frame-options:
      - DENY
      x-content-type-options:
      - nosniff
      x-xss-protection:
      - 1; mode=block
    body:
      encoding: ASCII-8BIT
      string: |-
        {
          "accounts": [
            {
              "account_id": "NZ4dEk3lQWcgVjV4Pl9eI4LwGlvrNZCW4X7Jd",
              "balances": {
                "available": 100,
                "current": 110,
                "iso_currency_code": "USD",
                "limit": null,
                "unofficial_currency_code": null
              },
              "mask": "0000",
              "name": "Plaid Checking",
              "official_name": "Plaid Gold Standard 0% Interest Checking",
              "subtype": "checking",
              "type": "depository"
            }
          ],
          "item": {
            "available_products": [
              "assets",
              "balance",
              "credit_details",
              "identity",
              "income",
              "transactions"
            ],
            "billed_products": [
              "auth"
            ],
            "error": null,
            "institution_id": "ins_109508",
            "item_id": "mjlNK1BmpEt5494rkM1NhW8eQ4N57ECLZve5A",
            "webhook": ""
          },
          "numbers": {
            "ach": [
              {
                "account": "1111222233330000",
                "account_id": "NZ4dEk3lQWcgVjV4Pl9eI4LwGlvrNZCW4X7Jd",
                "routing": "011401533",
                "wire_routing": "021000021"
              }
            ],
            "eft": []
          },
          "request_id": "qmGawmVQgm5tBIS"
        }
    http_version: 
  recorded_at: Thu, 16 May 2019 06:34:26 GMT
- request:
    method: post
    uri: https://sandbox.plaid.com/auth/get
    body:
      encoding: UTF-8
      string: '{"access_token":"access-sandbox-f4480910-ea44-4eed-a320-9a5115f983c5","options":{"account_ids":["NZ4dEk3lQWcgVjV4Pl9eI4LwGlvrNZCW4X7Jd"]},"client_id":"PLAID_RUBY_CLIENT_ID","secret":"PLAID_RUBY_SECRET"}'
    headers:
      User-Agent:
      - Plaid Ruby v6.3.1
      Content-Type:
      - application/json
      Plaid-Version:
      - '2018-05-22'
  response:
    status:
      code: 200
      message: OK
    headers:
      server:
      - nginx
      date:
      - Thu, 16 May 2019 06:34:27 GMT
      content-type:
      - application/json; charset=utf-8
      content-length:
      - '508'
      connection:
      - close
      plaid-version:
      - '2018-05-22'
      vary:
      - Accept-Encoding
      strict-transport-security:
      - max-age=31536000; includeSubDomains; preload
      x-frame-options:
      - DENY
      x-content-type-options:
      - nosniff
      x-xss-protection:
      - 1; mode=block
    body:
      encoding: ASCII-8BIT
      string: |-
        {
          "accounts": [
            {
              "account_id": "NZ4dEk3lQWcgVjV4Pl9eI4LwGlvrNZCW4X7Jd",
              "balances": {
                "available": 100,
                "current": 110,
                "iso_currency_code": "USD",
                "limit": null,
                "unofficial_currency_code": null
              },
              "mask": "0000",
              "name": "Plaid Checking",
              "official_name": "Plaid Gold Standard 0% Interest Checking",
              "subtype": "checking",
              "type": "depository"
            }
          ],
          "item": {
            "available_products": [
              "assets",
              "balance",
              "credit_details",
              "identity",
              "income",
              "transactions"
            ],
            "billed_products": [
              "auth"
            ],
            "error": null,
            "institution_id": "ins_109508",
            "item_id": "mjlNK1BmpEt5494rkM1NhW8eQ4N57ECLZve5A",
            "webhook": ""
          },
          "numbers": {
            "ach": [
              {
                "account": "1111222233330000",
                "account_id": "NZ4dEk3lQWcgVjV4Pl9eI4LwGlvrNZCW4X7Jd",
                "routing": "011401533",
                "wire_routing": "021000021"
              }
            ],
            "eft": []
          },
          "request_id": "YUyEDOgmi9uZPFQ"
        }
    http_version: 
  recorded_at: Thu, 16 May 2019 06:34:27 GMT
- request:
    method: post
    uri: https://sandbox.plaid.com/item/remove
    body:
      encoding: UTF-8
      string: '{"access_token":"access-sandbox-f4480910-ea44-4eed-a320-9a5115f983c5","client_id":"PLAID_RUBY_CLIENT_ID","secret":"PLAID_RUBY_SECRET"}'
    headers:
      User-Agent:
      - Plaid Ruby v6.3.1
      Content-Type:
      - application/json
      Plaid-Version:
      - '2018-05-22'
  response:
    status:
      code: 200
      message: OK
    headers:
      server:
      - nginx
      date:
      - Thu, 16 May 2019 06:34:28 GMT
      content-type:
      - application/json; charset=utf-8
      content-length:
      - '74'
      connection:
      - close
      plaid-version:
      - '2018-05-22'
      vary:
      - Accept-Encoding
      strict-transport-security:
      - max-age=31536000; includeSubDomains; preload
      x-frame-options:
      - DENY
      x-content-type-options:
      - nosniff
      x-xss-protection:
      - 1; mode=block
    body:
      encoding: ASCII-8BIT
      string: |-
        {
          "removed": true,
          "request_id": "IsQtHnm6WXwsyiB"
        }
    http_version: 
  recorded_at: Thu, 16 May 2019 06:34:28 GMT
- request:
    method: post
    uri: https://sandbox.plaid.com/item/create
    body:
      encoding: UTF-8
      string: '{"credentials":{"username":"user_good","password":"pass_good"},"institution_id":"ins_109508","initial_products":["auth"],"options":{},"client_id":"PLAID_RUBY_CLIENT_ID","secret":"PLAID_RUBY_SECRET"}'
    headers:
      User-Agent:
      - Plaid Ruby v6.3.1
      Content-Type:
      - application/json
      Plaid-Version:
      - '2018-05-22'
  response:
    status:
      code: 200
      message: OK
    headers:
      server:
      - nginx
      date:
      - Thu, 16 May 2019 06:41:36 GMT
      content-type:
      - application/json; charset=utf-8
      content-length:
      - '297'
      connection:
      - close
      plaid-version:
      - '2018-05-22'
      vary:
      - Accept-Encoding
      strict-transport-security:
      - max-age=31536000; includeSubDomains; preload
      x-frame-options:
      - DENY
      x-content-type-options:
      - nosniff
      x-xss-protection:
      - 1; mode=block
    body:
      encoding: ASCII-8BIT
      string: |-
        {
          "access_token": "access-sandbox-98aeebba-9d3e-4e12-b1f3-07d042defb1e",
          "item": {
            "available_products": [
              "assets",
              "balance",
              "credit_details",
              "identity",
              "income",
              "transactions"
            ],
            "billed_products": [
              "auth"
            ],
            "error": null,
            "institution_id": "ins_109508",
            "item_id": "4lyx5dJkokfWERpbaepahzEydxAgwvcdy1pxD",
            "webhook": ""
          },
          "request_id": "skcSXCxW8xRikB6"
        }
    http_version: 
  recorded_at: Thu, 16 May 2019 06:41:36 GMT
- request:
    method: post
    uri: https://sandbox.plaid.com/auth/get
    body:
      encoding: UTF-8
      string: '{"access_token":"access-sandbox-98aeebba-9d3e-4e12-b1f3-07d042defb1e","options":{},"client_id":"PLAID_RUBY_CLIENT_ID","secret":"PLAID_RUBY_SECRET"}'
    headers:
      User-Agent:
      - Plaid Ruby v6.3.1
      Content-Type:
      - application/json
      Plaid-Version:
      - '2018-05-22'
  response:
    status:
      code: 200
      message: OK
    headers:
      server:
      - nginx
      date:
      - Thu, 16 May 2019 06:41:37 GMT
      content-type:
      - application/json; charset=utf-8
      content-length:
      - '947'
      connection:
      - close
      plaid-version:
      - '2018-05-22'
      vary:
      - Accept-Encoding
      strict-transport-security:
      - max-age=31536000; includeSubDomains; preload
      x-frame-options:
      - DENY
      x-content-type-options:
      - nosniff
      x-xss-protection:
      - 1; mode=block
    body:
      encoding: ASCII-8BIT
      string: |-
        {
          "accounts": [
            {
              "account_id": "z3oNX1DwQwFDkPb9wjbwin9Paz4rP5Co9D4PW",
              "balances": {
                "available": 100,
                "current": 110,
                "iso_currency_code": "USD",
                "limit": null,
                "unofficial_currency_code": null
              },
              "mask": "0000",
              "name": "Plaid Checking",
              "official_name": "Plaid Gold Standard 0% Interest Checking",
              "subtype": "checking",
              "type": "depository"
            },
            {
              "account_id": "B7ypbW3K6KHZEPzVNvzNCMbXDA7vXJuwPqDe8",
              "balances": {
                "available": 200,
                "current": 210,
                "iso_currency_code": "USD",
                "limit": null,
                "unofficial_currency_code": null
              },
              "mask": "1111",
              "name": "Plaid Saving",
              "official_name": "Plaid Silver Standard 0.1% Interest Saving",
              "subtype": "savings",
              "type": "depository"
            },
            {
              "account_id": "3mk3Ax9XpXcERkd7ezdesEJlzAXel4CqpGdoR",
              "balances": {
                "available": null,
                "current": 1000,
                "iso_currency_code": "USD",
                "limit": null,
                "unofficial_currency_code": null
              },
              "mask": "2222",
              "name": "Plaid CD",
              "official_name": "Plaid Bronze Standard 0.2% Interest CD",
              "subtype": "cd",
              "type": "depository"
            },
            {
              "account_id": "xzkanmQW7WcqP4VdRnVRhDn7JK9P73Cnomdle",
              "balances": {
                "available": null,
                "current": 410,
                "iso_currency_code": "USD",
                "limit": 2000,
                "unofficial_currency_code": null
              },
              "mask": "3333",
              "name": "Plaid Credit Card",
              "official_name": "Plaid Diamond 12.5% APR Interest Credit Card",
              "subtype": "credit card",
              "type": "credit"
            },
            {
              "account_id": "dQ7o69m353U6WzogJNoJTPGlDr8ZlMtZwoLgn",
              "balances": {
                "available": 43200,
                "current": 43200,
                "iso_currency_code": "USD",
                "limit": null,
                "unofficial_currency_code": null
              },
              "mask": "4444",
              "name": "Plaid Money Market",
              "official_name": "Plaid Platinum Standard 1.85% Interest Money Market",
              "subtype": "money market",
              "type": "depository"
            },
            {
              "account_id": "ajN1bGmr5rfNvqAw8PA8HWdA1le4A5T7qpAd6",
              "balances": {
                "available": null,
                "current": 320.75,
                "iso_currency_code": "USD",
                "limit": null,
                "unofficial_currency_code": null
              },
              "mask": "5555",
              "name": "Plaid IRA",
              "official_name": null,
              "subtype": "ira",
              "type": "brokerage"
            },
            {
              "account_id": "4lyx5dJkokfWERpbaepahzEbBkZJbRFde8jDV",
              "balances": {
                "available": null,
                "current": 22258.294,
                "iso_currency_code": "USD",
                "limit": null,
                "unofficial_currency_code": null
              },
              "mask": "6666",
              "name": "Plaid 401k",
              "official_name": null,
              "subtype": "401k",
              "type": "brokerage"
            }
          ],
          "item": {
            "available_products": [
              "assets",
              "balance",
              "credit_details",
              "identity",
              "income",
              "transactions"
            ],
            "billed_products": [
              "auth"
            ],
            "error": null,
            "institution_id": "ins_109508",
            "item_id": "4lyx5dJkokfWERpbaepahzEydxAgwvcdy1pxD",
            "webhook": ""
          },
          "numbers": {
            "ach": [
              {
                "account": "1111222233330000",
                "account_id": "z3oNX1DwQwFDkPb9wjbwin9Paz4rP5Co9D4PW",
                "routing": "011401533",
                "wire_routing": "021000021"
              },
              {
                "account": "1111222233331111",
                "account_id": "B7ypbW3K6KHZEPzVNvzNCMbXDA7vXJuwPqDe8",
                "routing": "011401533",
                "wire_routing": "021000021"
              }
            ],
            "eft": []
          },
          "request_id": "azdUkHekcTT8MTF"
        }
    http_version: 
  recorded_at: Thu, 16 May 2019 06:41:37 GMT
- request:
    method: post
    uri: https://sandbox.plaid.com/auth/get
    body:
      encoding: UTF-8
      string: '{"access_token":"access-sandbox-98aeebba-9d3e-4e12-b1f3-07d042defb1e","options":{"account_ids":["z3oNX1DwQwFDkPb9wjbwin9Paz4rP5Co9D4PW"]},"client_id":"PLAID_RUBY_CLIENT_ID","secret":"PLAID_RUBY_SECRET"}'
    headers:
      User-Agent:
      - Plaid Ruby v6.3.1
      Content-Type:
      - application/json
      Plaid-Version:
      - '2018-05-22'
  response:
    status:
      code: 200
      message: OK
    headers:
      server:
      - nginx
      date:
      - Thu, 16 May 2019 06:41:38 GMT
      content-type:
      - application/json; charset=utf-8
      content-length:
      - '505'
      connection:
      - close
      plaid-version:
      - '2018-05-22'
      vary:
      - Accept-Encoding
      strict-transport-security:
      - max-age=31536000; includeSubDomains; preload
      x-frame-options:
      - DENY
      x-content-type-options:
      - nosniff
      x-xss-protection:
      - 1; mode=block
    body:
      encoding: ASCII-8BIT
      string: |-
        {
          "accounts": [
            {
              "account_id": "z3oNX1DwQwFDkPb9wjbwin9Paz4rP5Co9D4PW",
              "balances": {
                "available": 100,
                "current": 110,
                "iso_currency_code": "USD",
                "limit": null,
                "unofficial_currency_code": null
              },
              "mask": "0000",
              "name": "Plaid Checking",
              "official_name": "Plaid Gold Standard 0% Interest Checking",
              "subtype": "checking",
              "type": "depository"
            }
          ],
          "item": {
            "available_products": [
              "assets",
              "balance",
              "credit_details",
              "identity",
              "income",
              "transactions"
            ],
            "billed_products": [
              "auth"
            ],
            "error": null,
            "institution_id": "ins_109508",
            "item_id": "4lyx5dJkokfWERpbaepahzEydxAgwvcdy1pxD",
            "webhook": ""
          },
          "numbers": {
            "ach": [
              {
                "account": "1111222233330000",
                "account_id": "z3oNX1DwQwFDkPb9wjbwin9Paz4rP5Co9D4PW",
                "routing": "011401533",
                "wire_routing": "021000021"
              }
            ],
            "eft": []
          },
          "request_id": "fEoS74jYPxKExCa"
        }
    http_version: 
  recorded_at: Thu, 16 May 2019 06:41:38 GMT
- request:
    method: post
    uri: https://sandbox.plaid.com/auth/get
    body:
      encoding: UTF-8
      string: '{"access_token":"access-sandbox-98aeebba-9d3e-4e12-b1f3-07d042defb1e","options":{"account_ids":["z3oNX1DwQwFDkPb9wjbwin9Paz4rP5Co9D4PW"]},"client_id":"PLAID_RUBY_CLIENT_ID","secret":"PLAID_RUBY_SECRET"}'
    headers:
      User-Agent:
      - Plaid Ruby v6.3.1
      Content-Type:
      - application/json
      Plaid-Version:
      - '2018-05-22'
  response:
    status:
      code: 200
      message: OK
    headers:
      server:
      - nginx
      date:
      - Thu, 16 May 2019 06:41:39 GMT
      content-type:
      - application/json; charset=utf-8
      content-length:
      - '503'
      connection:
      - close
      plaid-version:
      - '2018-05-22'
      vary:
      - Accept-Encoding
      strict-transport-security:
      - max-age=31536000; includeSubDomains; preload
      x-frame-options:
      - DENY
      x-content-type-options:
      - nosniff
      x-xss-protection:
      - 1; mode=block
    body:
      encoding: ASCII-8BIT
      string: |-
        {
          "accounts": [
            {
              "account_id": "z3oNX1DwQwFDkPb9wjbwin9Paz4rP5Co9D4PW",
              "balances": {
                "available": 100,
                "current": 110,
                "iso_currency_code": "USD",
                "limit": null,
                "unofficial_currency_code": null
              },
              "mask": "0000",
              "name": "Plaid Checking",
              "official_name": "Plaid Gold Standard 0% Interest Checking",
              "subtype": "checking",
              "type": "depository"
            }
          ],
          "item": {
            "available_products": [
              "assets",
              "balance",
              "credit_details",
              "identity",
              "income",
              "transactions"
            ],
            "billed_products": [
              "auth"
            ],
            "error": null,
            "institution_id": "ins_109508",
            "item_id": "4lyx5dJkokfWERpbaepahzEydxAgwvcdy1pxD",
            "webhook": ""
          },
          "numbers": {
            "ach": [
              {
                "account": "1111222233330000",
                "account_id": "z3oNX1DwQwFDkPb9wjbwin9Paz4rP5Co9D4PW",
                "routing": "011401533",
                "wire_routing": "021000021"
              }
            ],
            "eft": []
          },
          "request_id": "iHGN1p0awiGojTT"
        }
    http_version: 
  recorded_at: Thu, 16 May 2019 06:41:39 GMT
- request:
    method: post
    uri: https://sandbox.plaid.com/item/remove
    body:
      encoding: UTF-8
      string: '{"access_token":"access-sandbox-98aeebba-9d3e-4e12-b1f3-07d042defb1e","client_id":"PLAID_RUBY_CLIENT_ID","secret":"PLAID_RUBY_SECRET"}'
    headers:
      User-Agent:
      - Plaid Ruby v6.3.1
      Content-Type:
      - application/json
      Plaid-Version:
      - '2018-05-22'
  response:
    status:
      code: 200
      message: OK
    headers:
      server:
      - nginx
      date:
      - Thu, 16 May 2019 06:41:40 GMT
      content-type:
      - application/json; charset=utf-8
      content-length:
      - '74'
      connection:
      - close
      plaid-version:
      - '2018-05-22'
      vary:
      - Accept-Encoding
      strict-transport-security:
      - max-age=31536000; includeSubDomains; preload
      x-frame-options:
      - DENY
      x-content-type-options:
      - nosniff
      x-xss-protection:
      - 1; mode=block
    body:
      encoding: ASCII-8BIT
      string: |-
        {
          "removed": true,
          "request_id": "b9f55NiC1rWHL9m"
        }
    http_version: 
  recorded_at: Thu, 16 May 2019 06:41:40 GMT
recorded_with: VCR 4.0.0
