---
http_interactions:
- request:
    method: post
    uri: https://sandbox.plaid.com/item/create
    body:
      encoding: UTF-8
      string: '{"credentials":{"username":"user_good","password":"pass_good"},"institution_id":"ins_109508","initial_products":["investments"],"options":{"transactions":{"start_date":"2019-05-28","end_date":"2019-06-12","await_results":true}},"client_id":"PLAID_RUBY_CLIENT_ID","secret":"PLAID_RUBY_SECRET"}'
    headers:
      User-Agent:
      - Plaid Ruby v7.1.0
      Content-Type:
      - application/json
      Plaid-Version:
      - '2019-05-29'
  response:
    status:
      code: 200
      message: OK
    headers:
      server:
      - nginx
      date:
      - Wed, 12 Jun 2019 05:02:13 GMT
      content-type:
      - application/json; charset=utf-8
      content-length:
      - '321'
      connection:
      - close
      plaid-version:
      - '2019-05-29'
      vary:
      - Accept-Encoding
      strict-transport-security:
      - max-age=31536000; includeSubDomains; preload
      x-frame-options:
      - DENY
      x-content-type-options:
      - nosniff
      x-xss-protection:
      - 1; mode=block
    body:
      encoding: ASCII-8BIT
      string: |-
        {
          "access_token": "access-sandbox-78b72311-1b6b-44a9-a206-67ed39843987",
          "item": {
            "available_products": [
              "assets",
              "auth",
              "balance",
              "credit_details",
              "holdings",
              "identity",
              "income",
              "liabilities",
              "transactions"
            ],
            "billed_products": [
              "investments"
            ],
            "error": null,
            "institution_id": "ins_109508",
            "item_id": "aWK4v3yyb3tKLxQXr4xgfa7NxQy4dbH7vBNoQ",
            "webhook": ""
          },
          "request_id": "HzXRMdxRm2Xr2ei"
        }
    http_version: 
  recorded_at: Wed, 12 Jun 2019 05:02:14 GMT
- request:
    method: post
    uri: https://sandbox.plaid.com/investments/holdings/get
    body:
      encoding: UTF-8
      string: '{"access_token":"ABCDEFG1234567","options":{},"client_id":"PLAID_RUBY_CLIENT_ID","secret":"PLAID_RUBY_SECRET"}'
    headers:
      User-Agent:
      - Plaid Ruby v7.1.0
      Content-Type:
      - application/json
      Plaid-Version:
      - '2019-05-29'
  response:
    status:
      code: 400
      message: Bad Request
    headers:
      server:
      - nginx
      date:
      - Wed, 12 Jun 2019 05:02:14 GMT
      content-type:
      - application/json; charset=utf-8
      content-length:
      - '228'
      connection:
      - close
      plaid-version:
      - '2019-05-29'
      vary:
      - Accept-Encoding
    body:
      encoding: ASCII-8BIT
      string: |-
        {
          "display_message": null,
          "error_code": "INVALID_ACCESS_TOKEN",
          "error_message": "provided access token is in an invalid format. expected format: access-\u003cenvironment\u003e-\u003cidentifier\u003e",
          "error_type": "INVALID_INPUT",
          "request_id": "W83lvwVx9aAr5a8",
          "suggested_action": null
        }
    http_version: 
  recorded_at: Wed, 12 Jun 2019 05:02:14 GMT
- request:
    method: post
    uri: https://sandbox.plaid.com/item/remove
    body:
      encoding: UTF-8
      string: '{"access_token":"access-sandbox-78b72311-1b6b-44a9-a206-67ed39843987","client_id":"PLAID_RUBY_CLIENT_ID","secret":"PLAID_RUBY_SECRET"}'
    headers:
      User-Agent:
      - Plaid Ruby v7.1.0
      Content-Type:
      - application/json
      Plaid-Version:
      - '2019-05-29'
  response:
    status:
      code: 200
      message: OK
    headers:
      server:
      - nginx
      date:
      - Wed, 12 Jun 2019 05:02:14 GMT
      content-type:
      - application/json; charset=utf-8
      content-length:
      - '74'
      connection:
      - close
      plaid-version:
      - '2019-05-29'
      vary:
      - Accept-Encoding
      strict-transport-security:
      - max-age=31536000; includeSubDomains; preload
      x-frame-options:
      - DENY
      x-content-type-options:
      - nosniff
      x-xss-protection:
      - 1; mode=block
    body:
      encoding: ASCII-8BIT
      string: |-
        {
          "removed": true,
          "request_id": "I4CB3T6W46PATkX"
        }
    http_version: 
  recorded_at: Wed, 12 Jun 2019 05:02:14 GMT
recorded_with: VCR 4.0.0
