---
http_interactions:
- request:
    method: post
    uri: https://sandbox.plaid.com/item/create
    body:
      encoding: UTF-8
      string: '{"credentials":{"username":"user_good","password":"pass_good"},"institution_id":"ins_1","initial_products":["income"],"options":{},"client_id":"PLAID_RUBY_CLIENT_ID","secret":"PLAID_RUBY_SECRET"}'
    headers:
      User-Agent:
      - Plaid Ruby v4.1.0
      Content-Type:
      - application/json
  response:
    status:
      code: 200
      message: 
    headers:
      server:
      - nginx
      date:
      - Fri, 16 Mar 2018 02:19:53 GMT
      content-type:
      - application/json
      content-length:
      - '417'
      connection:
      - close
      strict-transport-security:
      - max-age=31536000; includeSubDomains; preload
      x-frame-options:
      - DENY
      x-content-type-options:
      - nosniff
      x-xss-protection:
      - 1; mode=block
    body:
      encoding: UTF-8
      string: |-
        {
          "access_token": "access-sandbox-6b6160c4-44f7-409f-a0a7-559fadd09af9",
          "item": {
            "available_products": [
              "auth",
              "balance",
              "credit_details",
              "identity",
              "transactions"
            ],
            "billed_products": [
              "income"
            ],
            "error": null,
            "institution_id": "ins_1",
            "item_id": "3gvaPl1w15HNeZRJGQ45IMXNjmq6alfdZGL8D",
            "webhook": ""
          },
          "request_id": "IzlKv"
        }
    http_version: 
  recorded_at: Fri, 16 Mar 2018 02:19:53 GMT
- request:
    method: post
    uri: https://sandbox.plaid.com/income/get
    body:
      encoding: UTF-8
      string: '{"access_token":"access-sandbox-6b6160c4-44f7-409f-a0a7-559fadd09af9","client_id":"PLAID_RUBY_CLIENT_ID","secret":"PLAID_RUBY_SECRET"}'
    headers:
      User-Agent:
      - Plaid Ruby v4.1.0
      Content-Type:
      - application/json
  response:
    status:
      code: 400
      message: 
    headers:
      server:
      - nginx
      date:
      - Fri, 16 Mar 2018 02:19:54 GMT
      content-type:
      - application/json
      content-length:
      - '239'
      connection:
      - close
    body:
      encoding: UTF-8
      string: |-
        {
          "display_message": null,
          "error_code": "PRODUCT_NOT_READY",
          "error_message": "the requested product is not yet ready. please provide a webhook or try the request again later",
          "error_type": "ITEM_ERROR",
          "request_id": "NF5co"
        }
    http_version: 
  recorded_at: Fri, 16 Mar 2018 02:19:54 GMT
- request:
    method: post
    uri: https://sandbox.plaid.com/item/remove
    body:
      encoding: UTF-8
      string: '{"access_token":"access-sandbox-6b6160c4-44f7-409f-a0a7-559fadd09af9","client_id":"PLAID_RUBY_CLIENT_ID","secret":"PLAID_RUBY_SECRET"}'
    headers:
      User-Agent:
      - Plaid Ruby v4.1.0
      Content-Type:
      - application/json
  response:
    status:
      code: 200
      message: 
    headers:
      server:
      - nginx
      date:
      - Fri, 16 Mar 2018 02:19:57 GMT
      content-type:
      - application/json
      content-length:
      - '46'
      connection:
      - close
      strict-transport-security:
      - max-age=31536000; includeSubDomains; preload
      x-frame-options:
      - DENY
      x-content-type-options:
      - nosniff
      x-xss-protection:
      - 1; mode=block
    body:
      encoding: UTF-8
      string: |-
        {
          "removed": true,
          "request_id": "eLfcg"
        }
    http_version: 
  recorded_at: Fri, 16 Mar 2018 02:19:57 GMT
- request:
    method: post
    uri: https://sandbox.plaid.com/income/get
    body:
      encoding: UTF-8
      string: '{"access_token":"access-sandbox-6808278c-4640-40b4-b806-3990b1a39886","client_id":"PLAID_RUBY_CLIENT_ID","secret":"PLAID_RUBY_SECRET"}'
    headers:
      User-Agent:
      - Plaid Ruby v6.3.1
      Content-Type:
      - application/json
      Plaid-Version:
      - '2018-05-22'
  response:
    status:
      code: 400
      message: Bad Request
    headers:
      server:
      - nginx
      date:
      - Thu, 16 May 2019 06:16:29 GMT
      content-type:
      - application/json; charset=utf-8
      content-length:
      - '212'
      connection:
      - close
      plaid-version:
      - '2018-05-22'
      vary:
      - Accept-Encoding
    body:
      encoding: ASCII-8BIT
      string: |-
        {
          "display_message": null,
          "error_code": "PRODUCT_NOT_READY",
          "error_message": "the requested product is not yet ready. please provide a webhook or try the request again later",
          "error_type": "ITEM_ERROR",
          "request_id": "eGLwIouHxUj9gEH",
          "suggested_action": null
        }
    http_version: 
  recorded_at: Thu, 16 May 2019 06:16:29 GMT
- request:
    method: post
    uri: https://sandbox.plaid.com/item/remove
    body:
      encoding: UTF-8
      string: '{"access_token":"access-sandbox-6808278c-4640-40b4-b806-3990b1a39886","client_id":"PLAID_RUBY_CLIENT_ID","secret":"PLAID_RUBY_SECRET"}'
    headers:
      User-Agent:
      - Plaid Ruby v6.3.1
      Content-Type:
      - application/json
      Plaid-Version:
      - '2018-05-22'
  response:
    status:
      code: 200
      message: OK
    headers:
      server:
      - nginx
      date:
      - Thu, 16 May 2019 06:16:30 GMT
      content-type:
      - application/json; charset=utf-8
      content-length:
      - '74'
      connection:
      - close
      plaid-version:
      - '2018-05-22'
      vary:
      - Accept-Encoding
      strict-transport-security:
      - max-age=31536000; includeSubDomains; preload
      x-frame-options:
      - DENY
      x-content-type-options:
      - nosniff
      x-xss-protection:
      - 1; mode=block
    body:
      encoding: ASCII-8BIT
      string: |-
        {
          "removed": true,
          "request_id": "hxCFKHAKWder2Ef"
        }
    http_version: 
  recorded_at: Thu, 16 May 2019 06:16:30 GMT
- request:
    method: post
    uri: https://sandbox.plaid.com/income/get
    body:
      encoding: UTF-8
      string: '{"access_token":"access-sandbox-4db6b3b2-3bfd-420f-a789-a862626002fa","client_id":"PLAID_RUBY_CLIENT_ID","secret":"PLAID_RUBY_SECRET"}'
    headers:
      User-Agent:
      - Plaid Ruby v6.3.1
      Content-Type:
      - application/json
      Plaid-Version:
      - '2018-05-22'
  response:
    status:
      code: 400
      message: Bad Request
    headers:
      server:
      - nginx
      date:
      - Thu, 16 May 2019 06:28:43 GMT
      content-type:
      - application/json; charset=utf-8
      content-length:
      - '213'
      connection:
      - close
      plaid-version:
      - '2018-05-22'
      vary:
      - Accept-Encoding
    body:
      encoding: ASCII-8BIT
      string: |-
        {
          "display_message": null,
          "error_code": "PRODUCT_NOT_READY",
          "error_message": "the requested product is not yet ready. please provide a webhook or try the request again later",
          "error_type": "ITEM_ERROR",
          "request_id": "tGpWMljcc1xLs4B",
          "suggested_action": null
        }
    http_version: 
  recorded_at: Thu, 16 May 2019 06:28:43 GMT
- request:
    method: post
    uri: https://sandbox.plaid.com/item/remove
    body:
      encoding: UTF-8
      string: '{"access_token":"access-sandbox-4db6b3b2-3bfd-420f-a789-a862626002fa","client_id":"PLAID_RUBY_CLIENT_ID","secret":"PLAID_RUBY_SECRET"}'
    headers:
      User-Agent:
      - Plaid Ruby v6.3.1
      Content-Type:
      - application/json
      Plaid-Version:
      - '2018-05-22'
  response:
    status:
      code: 200
      message: OK
    headers:
      server:
      - nginx
      date:
      - Thu, 16 May 2019 06:28:44 GMT
      content-type:
      - application/json; charset=utf-8
      content-length:
      - '74'
      connection:
      - close
      plaid-version:
      - '2018-05-22'
      vary:
      - Accept-Encoding
      strict-transport-security:
      - max-age=31536000; includeSubDomains; preload
      x-frame-options:
      - DENY
      x-content-type-options:
      - nosniff
      x-xss-protection:
      - 1; mode=block
    body:
      encoding: ASCII-8BIT
      string: |-
        {
          "removed": true,
          "request_id": "H72RxXAckg4PwM9"
        }
    http_version: 
  recorded_at: Thu, 16 May 2019 06:28:44 GMT
- request:
    method: post
    uri: https://sandbox.plaid.com/income/get
    body:
      encoding: UTF-8
      string: '{"access_token":"access-sandbox-dcb5171a-194e-476a-84d1-14c871345ce6","client_id":"PLAID_RUBY_CLIENT_ID","secret":"PLAID_RUBY_SECRET"}'
    headers:
      User-Agent:
      - Plaid Ruby v6.3.1
      Content-Type:
      - application/json
      Plaid-Version:
      - '2018-05-22'
  response:
    status:
      code: 400
      message: Bad Request
    headers:
      server:
      - nginx
      date:
      - Thu, 16 May 2019 06:31:52 GMT
      content-type:
      - application/json; charset=utf-8
      content-length:
      - '213'
      connection:
      - close
      plaid-version:
      - '2018-05-22'
      vary:
      - Accept-Encoding
    body:
      encoding: ASCII-8BIT
      string: |-
        {
          "display_message": null,
          "error_code": "PRODUCT_NOT_READY",
          "error_message": "the requested product is not yet ready. please provide a webhook or try the request again later",
          "error_type": "ITEM_ERROR",
          "request_id": "RPjNPhqiPr5FVfA",
          "suggested_action": null
        }
    http_version: 
  recorded_at: Thu, 16 May 2019 06:31:52 GMT
- request:
    method: post
    uri: https://sandbox.plaid.com/item/remove
    body:
      encoding: UTF-8
      string: '{"access_token":"access-sandbox-dcb5171a-194e-476a-84d1-14c871345ce6","client_id":"PLAID_RUBY_CLIENT_ID","secret":"PLAID_RUBY_SECRET"}'
    headers:
      User-Agent:
      - Plaid Ruby v6.3.1
      Content-Type:
      - application/json
      Plaid-Version:
      - '2018-05-22'
  response:
    status:
      code: 200
      message: OK
    headers:
      server:
      - nginx
      date:
      - Thu, 16 May 2019 06:31:53 GMT
      content-type:
      - application/json; charset=utf-8
      content-length:
      - '74'
      connection:
      - close
      plaid-version:
      - '2018-05-22'
      vary:
      - Accept-Encoding
      strict-transport-security:
      - max-age=31536000; includeSubDomains; preload
      x-frame-options:
      - DENY
      x-content-type-options:
      - nosniff
      x-xss-protection:
      - 1; mode=block
    body:
      encoding: ASCII-8BIT
      string: |-
        {
          "removed": true,
          "request_id": "WSBUxBwvjFdjpXY"
        }
    http_version: 
  recorded_at: Thu, 16 May 2019 06:31:53 GMT
- request:
    method: post
    uri: https://sandbox.plaid.com/income/get
    body:
      encoding: UTF-8
      string: '{"access_token":"access-sandbox-1a20119a-02b6-4c66-ade3-584e7f74eebd","client_id":"PLAID_RUBY_CLIENT_ID","secret":"PLAID_RUBY_SECRET"}'
    headers:
      User-Agent:
      - Plaid Ruby v6.3.1
      Content-Type:
      - application/json
      Plaid-Version:
      - '2018-05-22'
  response:
    status:
      code: 400
      message: Bad Request
    headers:
      server:
      - nginx
      date:
      - Thu, 16 May 2019 06:33:44 GMT
      content-type:
      - application/json; charset=utf-8
      content-length:
      - '214'
      connection:
      - close
      plaid-version:
      - '2018-05-22'
      vary:
      - Accept-Encoding
    body:
      encoding: ASCII-8BIT
      string: |-
        {
          "display_message": null,
          "error_code": "PRODUCT_NOT_READY",
          "error_message": "the requested product is not yet ready. please provide a webhook or try the request again later",
          "error_type": "ITEM_ERROR",
          "request_id": "YUMdX0Xke1aI43Q",
          "suggested_action": null
        }
    http_version: 
  recorded_at: Thu, 16 May 2019 06:33:44 GMT
- request:
    method: post
    uri: https://sandbox.plaid.com/item/remove
    body:
      encoding: UTF-8
      string: '{"access_token":"access-sandbox-1a20119a-02b6-4c66-ade3-584e7f74eebd","client_id":"PLAID_RUBY_CLIENT_ID","secret":"PLAID_RUBY_SECRET"}'
    headers:
      User-Agent:
      - Plaid Ruby v6.3.1
      Content-Type:
      - application/json
      Plaid-Version:
      - '2018-05-22'
  response:
    status:
      code: 200
      message: OK
    headers:
      server:
      - nginx
      date:
      - Thu, 16 May 2019 06:33:45 GMT
      content-type:
      - application/json; charset=utf-8
      content-length:
      - '74'
      connection:
      - close
      plaid-version:
      - '2018-05-22'
      vary:
      - Accept-Encoding
      strict-transport-security:
      - max-age=31536000; includeSubDomains; preload
      x-frame-options:
      - DENY
      x-content-type-options:
      - nosniff
      x-xss-protection:
      - 1; mode=block
    body:
      encoding: ASCII-8BIT
      string: |-
        {
          "removed": true,
          "request_id": "RauoTWg7hPavbwy"
        }
    http_version: 
  recorded_at: Thu, 16 May 2019 06:33:45 GMT
- request:
    method: post
    uri: https://sandbox.plaid.com/income/get
    body:
      encoding: UTF-8
      string: '{"access_token":"access-sandbox-8a4e0c29-97c2-4d3a-8cf9-905a9d302700","client_id":"PLAID_RUBY_CLIENT_ID","secret":"PLAID_RUBY_SECRET"}'
    headers:
      User-Agent:
      - Plaid Ruby v6.3.1
      Content-Type:
      - application/json
      Plaid-Version:
      - '2018-05-22'
  response:
    status:
      code: 400
      message: Bad Request
    headers:
      server:
      - nginx
      date:
      - Thu, 16 May 2019 06:34:14 GMT
      content-type:
      - application/json; charset=utf-8
      content-length:
      - '213'
      connection:
      - close
      plaid-version:
      - '2018-05-22'
      vary:
      - Accept-Encoding
    body:
      encoding: ASCII-8BIT
      string: |-
        {
          "display_message": null,
          "error_code": "PRODUCT_NOT_READY",
          "error_message": "the requested product is not yet ready. please provide a webhook or try the request again later",
          "error_type": "ITEM_ERROR",
          "request_id": "QA8UStDjoMwgfU4",
          "suggested_action": null
        }
    http_version: 
  recorded_at: Thu, 16 May 2019 06:34:14 GMT
- request:
    method: post
    uri: https://sandbox.plaid.com/item/remove
    body:
      encoding: UTF-8
      string: '{"access_token":"access-sandbox-8a4e0c29-97c2-4d3a-8cf9-905a9d302700","client_id":"PLAID_RUBY_CLIENT_ID","secret":"PLAID_RUBY_SECRET"}'
    headers:
      User-Agent:
      - Plaid Ruby v6.3.1
      Content-Type:
      - application/json
      Plaid-Version:
      - '2018-05-22'
  response:
    status:
      code: 200
      message: OK
    headers:
      server:
      - nginx
      date:
      - Thu, 16 May 2019 06:34:15 GMT
      content-type:
      - application/json; charset=utf-8
      content-length:
      - '74'
      connection:
      - close
      plaid-version:
      - '2018-05-22'
      vary:
      - Accept-Encoding
      strict-transport-security:
      - max-age=31536000; includeSubDomains; preload
      x-frame-options:
      - DENY
      x-content-type-options:
      - nosniff
      x-xss-protection:
      - 1; mode=block
    body:
      encoding: ASCII-8BIT
      string: |-
        {
          "removed": true,
          "request_id": "t8uMoib0BHQxqKs"
        }
    http_version: 
  recorded_at: Thu, 16 May 2019 06:34:15 GMT
- request:
    method: post
    uri: https://sandbox.plaid.com/item/create
    body:
      encoding: UTF-8
      string: '{"credentials":{"username":"user_good","password":"pass_good"},"institution_id":"ins_1","initial_products":["income"],"options":{},"client_id":"PLAID_RUBY_CLIENT_ID","secret":"PLAID_RUBY_SECRET"}'
    headers:
      User-Agent:
      - Plaid Ruby v6.3.1
      Content-Type:
      - application/json
      Plaid-Version:
      - '2018-05-22'
  response:
    status:
      code: 200
      message: OK
    headers:
      server:
      - nginx
      date:
      - Thu, 16 May 2019 06:40:52 GMT
      content-type:
      - application/json; charset=utf-8
      content-length:
      - '296'
      connection:
      - close
      plaid-version:
      - '2018-05-22'
      vary:
      - Accept-Encoding
      strict-transport-security:
      - max-age=31536000; includeSubDomains; preload
      x-frame-options:
      - DENY
      x-content-type-options:
      - nosniff
      x-xss-protection:
      - 1; mode=block
    body:
      encoding: ASCII-8BIT
      string: |-
        {
          "access_token": "access-sandbox-c571e2f8-8907-4183-8518-9ada572a97e4",
          "item": {
            "available_products": [
              "assets",
              "auth",
              "balance",
              "credit_details",
              "identity",
              "transactions"
            ],
            "billed_products": [
              "income"
            ],
            "error": null,
            "institution_id": "ins_1",
            "item_id": "7xnyWXxmrotNaDqxlVXAsxa1XDKG57igQkVvp",
            "webhook": ""
          },
          "request_id": "RxTV44D3suKOp54"
        }
    http_version: 
  recorded_at: Thu, 16 May 2019 06:40:52 GMT
- request:
    method: post
    uri: https://sandbox.plaid.com/income/get
    body:
      encoding: UTF-8
      string: '{"access_token":"access-sandbox-c571e2f8-8907-4183-8518-9ada572a97e4","client_id":"PLAID_RUBY_CLIENT_ID","secret":"PLAID_RUBY_SECRET"}'
    headers:
      User-Agent:
      - Plaid Ruby v6.3.1
      Content-Type:
      - application/json
      Plaid-Version:
      - '2018-05-22'
  response:
    status:
      code: 400
      message: Bad Request
    headers:
      server:
      - nginx
      date:
      - Thu, 16 May 2019 06:40:53 GMT
      content-type:
      - application/json; charset=utf-8
      content-length:
      - '214'
      connection:
      - close
      plaid-version:
      - '2018-05-22'
      vary:
      - Accept-Encoding
    body:
      encoding: ASCII-8BIT
      string: |-
        {
          "display_message": null,
          "error_code": "PRODUCT_NOT_READY",
          "error_message": "the requested product is not yet ready. please provide a webhook or try the request again later",
          "error_type": "ITEM_ERROR",
          "request_id": "I3wUA6IWUziWuwL",
          "suggested_action": null
        }
    http_version: 
  recorded_at: Thu, 16 May 2019 06:40:53 GMT
- request:
    method: post
    uri: https://sandbox.plaid.com/item/remove
    body:
      encoding: UTF-8
      string: '{"access_token":"access-sandbox-c571e2f8-8907-4183-8518-9ada572a97e4","client_id":"PLAID_RUBY_CLIENT_ID","secret":"PLAID_RUBY_SECRET"}'
    headers:
      User-Agent:
      - Plaid Ruby v6.3.1
      Content-Type:
      - application/json
      Plaid-Version:
      - '2018-05-22'
  response:
    status:
      code: 200
      message: OK
    headers:
      server:
      - nginx
      date:
      - Thu, 16 May 2019 06:40:54 GMT
      content-type:
      - application/json; charset=utf-8
      content-length:
      - '74'
      connection:
      - close
      plaid-version:
      - '2018-05-22'
      vary:
      - Accept-Encoding
      strict-transport-security:
      - max-age=31536000; includeSubDomains; preload
      x-frame-options:
      - DENY
      x-content-type-options:
      - nosniff
      x-xss-protection:
      - 1; mode=block
    body:
      encoding: ASCII-8BIT
      string: |-
        {
          "removed": true,
          "request_id": "gFjdmqBgLA7r5tX"
        }
    http_version: 
  recorded_at: Thu, 16 May 2019 06:40:54 GMT
recorded_with: VCR 4.0.0
