---
http_interactions:
- request:
    method: post
    uri: https://sandbox.plaid.com/sandbox/public_token/create
    body:
      encoding: UTF-8
      string: '{"institution_id":"ins_109508","initial_products":["transactions"],"options":{},"public_key":"PLAID_RUBY_PUBLIC_KEY"}'
    headers:
      User-Agent:
      - Plaid Ruby v7.1.0
      Content-Type:
      - application/json
      Plaid-Version:
      - '2019-05-29'
  response:
    status:
      code: 200
      message: OK
    headers:
      server:
      - nginx
      date:
      - Wed, 19 Jun 2019 19:58:03 GMT
      content-type:
      - application/json; charset=utf-8
      content-length:
      - '124'
      connection:
      - close
      vary:
      - Accept-Encoding
      strict-transport-security:
      - max-age=31536000; includeSubDomains; preload
      x-frame-options:
      - DENY
      x-content-type-options:
      - nosniff
      x-xss-protection:
      - 1; mode=block
    body:
      encoding: ASCII-8BIT
      string: |-
        {
          "public_token": "public-sandbox-2f9d9b7a-5e87-410b-95b9-f4794431a118",
          "request_id": "KsJzyyNtASxO4Zt"
        }
    http_version: 
  recorded_at: Wed, 19 Jun 2019 19:58:03 GMT
- request:
    method: post
    uri: https://sandbox.plaid.com/item/public_token/exchange
    body:
      encoding: UTF-8
      string: '{"public_token":"public-sandbox-2f9d9b7a-5e87-410b-95b9-f4794431a118","client_id":"PLAID_RUBY_CLIENT_ID","secret":"PLAID_RUBY_SECRET"}'
    headers:
      User-Agent:
      - Plaid Ruby v7.1.0
      Content-Type:
      - application/json
      Plaid-Version:
      - '2019-05-29'
  response:
    status:
      code: 200
      message: OK
    headers:
      server:
      - nginx
      date:
      - Wed, 19 Jun 2019 19:58:03 GMT
      content-type:
      - application/json; charset=utf-8
      content-length:
      - '168'
      connection:
      - close
      plaid-version:
      - '2019-05-29'
      vary:
      - Accept-Encoding
      strict-transport-security:
      - max-age=31536000; includeSubDomains; preload
      x-frame-options:
      - DENY
      x-content-type-options:
      - nosniff
      x-xss-protection:
      - 1; mode=block
    body:
      encoding: ASCII-8BIT
      string: |-
        {
          "access_token": "access-sandbox-67861a1c-f635-4640-b8ec-b773bc1d92ad",
          "item_id": "65MqlR7v8BIGVaJGVQnri4bAGq8JygugJJd3x",
          "request_id": "YSbylBCwIbkrwxE"
        }
    http_version: 
  recorded_at: Wed, 19 Jun 2019 19:58:03 GMT
- request:
    method: post
    uri: https://sandbox.plaid.com/item/get
    body:
      encoding: UTF-8
      string: '{"access_token":"access-sandbox-67861a1c-f635-4640-b8ec-b773bc1d92ad","client_id":"PLAID_RUBY_CLIENT_ID","secret":"PLAID_RUBY_SECRET"}'
    headers:
      User-Agent:
      - Plaid Ruby v7.1.0
      Content-Type:
      - application/json
      Plaid-Version:
      - '2019-05-29'
  response:
    status:
      code: 200
      message: OK
    headers:
      server:
      - nginx
      date:
      - Wed, 19 Jun 2019 19:58:04 GMT
      content-type:
      - application/json; charset=utf-8
      content-length:
      - '341'
      connection:
      - close
      plaid-version:
      - '2019-05-29'
      vary:
      - Accept-Encoding
      strict-transport-security:
      - max-age=31536000; includeSubDomains; preload
      x-frame-options:
      - DENY
      x-content-type-options:
      - nosniff
      x-xss-protection:
      - 1; mode=block
    body:
      encoding: ASCII-8BIT
      string: |-
        {
          "item": {
            "available_products": [
              "assets",
              "auth",
              "balance",
              "credit_details",
              "holdings",
              "identity",
              "income",
              "investments",
              "liabilities"
            ],
            "billed_products": [
              "transactions"
            ],
            "error": null,
            "institution_id": "ins_109508",
            "item_id": "65MqlR7v8BIGVaJGVQnri4bAGq8JygugJJd3x",
            "webhook": "",
            "consent_expiration_time": null
          },
          "request_id": "NUp2A8sNIeoehsj",
          "status": {
            "last_webhook": null,
            "transactions": {
              "last_failed_update": null,
              "last_successful_update": "2019-06-19T19:58:03.977Z"
            }
          }
        }
    http_version: 
  recorded_at: Wed, 19 Jun 2019 19:58:04 GMT
- request:
    method: post
    uri: https://sandbox.plaid.com/accounts/balance/get
    body:
      encoding: UTF-8
      string: '{"access_token":"access-sandbox-67861a1c-f635-4640-b8ec-b773bc1d92ad","options":{"account_ids":"ABCDEFG1234567"},"client_id":"PLAID_RUBY_CLIENT_ID","secret":"PLAID_RUBY_SECRET"}'
    headers:
      User-Agent:
      - Plaid Ruby v7.1.0
      Content-Type:
      - application/json
      Plaid-Version:
      - '2019-05-29'
  response:
    status:
      code: 400
      message: Bad Request
    headers:
      server:
      - nginx
      date:
      - Wed, 19 Jun 2019 19:58:04 GMT
      content-type:
      - application/json; charset=utf-8
      content-length:
      - '197'
      connection:
      - close
      plaid-version:
      - '2019-05-29'
      vary:
      - Accept-Encoding
    body:
      encoding: ASCII-8BIT
      string: |-
        {
          "display_message": null,
          "error_code": "INVALID_FIELD",
          "error_message": "options.account_ids must be a non-empty array of valid account ids",
          "error_type": "INVALID_REQUEST",
          "request_id": "LZwyPQCNHh20QRH",
          "suggested_action": null
        }
    http_version: 
  recorded_at: Wed, 19 Jun 2019 19:58:04 GMT
- request:
    method: post
    uri: https://sandbox.plaid.com/item/remove
    body:
      encoding: UTF-8
      string: '{"access_token":"access-sandbox-67861a1c-f635-4640-b8ec-b773bc1d92ad","client_id":"PLAID_RUBY_CLIENT_ID","secret":"PLAID_RUBY_SECRET"}'
    headers:
      User-Agent:
      - Plaid Ruby v7.1.0
      Content-Type:
      - application/json
      Plaid-Version:
      - '2019-05-29'
  response:
    status:
      code: 200
      message: OK
    headers:
      server:
      - nginx
      date:
      - Wed, 19 Jun 2019 19:58:04 GMT
      content-type:
      - application/json; charset=utf-8
      content-length:
      - '74'
      connection:
      - close
      plaid-version:
      - '2019-05-29'
      vary:
      - Accept-Encoding
      strict-transport-security:
      - max-age=31536000; includeSubDomains; preload
      x-frame-options:
      - DENY
      x-content-type-options:
      - nosniff
      x-xss-protection:
      - 1; mode=block
    body:
      encoding: ASCII-8BIT
      string: |-
        {
          "removed": true,
          "request_id": "T260O0mJ6OFqQGg"
        }
    http_version: 
  recorded_at: Wed, 19 Jun 2019 19:58:05 GMT
recorded_with: VCR 4.0.0
