---
http_interactions:
- request:
    method: post
    uri: https://sandbox.plaid.com/item/create
    body:
      encoding: UTF-8
      string: '{"credentials":{"username":"user_good","password":"pass_good"},"institution_id":"ins_109508","initial_products":["transactions"],"options":{},"client_id":"PLAID_RUBY_CLIENT_ID","secret":"PLAID_RUBY_SECRET"}'
    headers:
      User-Agent:
      - Plaid Ruby v4.1.0
      Content-Type:
      - application/json
  response:
    status:
      code: 200
      message: 
    headers:
      server:
      - nginx
      date:
      - Fri, 16 Mar 2018 02:21:18 GMT
      content-type:
      - application/json
      content-length:
      - '422'
      connection:
      - close
      strict-transport-security:
      - max-age=31536000; includeSubDomains; preload
      x-frame-options:
      - DENY
      x-content-type-options:
      - nosniff
      x-xss-protection:
      - 1; mode=block
    body:
      encoding: UTF-8
      string: |-
        {
          "access_token": "access-sandbox-f81d02c1-23fc-4a81-b3eb-a3db95011531",
          "item": {
            "available_products": [
              "auth",
              "balance",
              "credit_details",
              "identity",
              "income"
            ],
            "billed_products": [
              "transactions"
            ],
            "error": null,
            "institution_id": "ins_109508",
            "item_id": "av7mEJqvD3cJgN3brjR5UnJorMxoLehAZpveX",
            "webhook": ""
          },
          "request_id": "5N2FK"
        }
    http_version: 
  recorded_at: Fri, 16 Mar 2018 02:21:18 GMT
- request:
    method: post
    uri: https://sandbox.plaid.com/accounts/get
    body:
      encoding: UTF-8
      string: '{"access_token":"access-sandbox-f81d02c1-23fc-4a81-b3eb-a3db95011531","options":{"account_ids":"ABCDEFG1234567"},"client_id":"PLAID_RUBY_CLIENT_ID","secret":"PLAID_RUBY_SECRET"}'
    headers:
      User-Agent:
      - Plaid Ruby v4.1.0
      Content-Type:
      - application/json
  response:
    status:
      code: 400
      message: 
    headers:
      server:
      - nginx
      date:
      - Fri, 16 Mar 2018 02:21:19 GMT
      content-type:
      - application/json
      content-length:
      - '211'
      connection:
      - close
    body:
      encoding: UTF-8
      string: |-
        {
          "display_message": null,
          "error_code": "INVALID_FIELD",
          "error_message": "options.account_ids must be a non-empty array of valid account ids",
          "error_type": "INVALID_REQUEST",
          "request_id": "7KaAs"
        }
    http_version: 
  recorded_at: Fri, 16 Mar 2018 02:21:19 GMT
- request:
    method: post
    uri: https://sandbox.plaid.com/item/remove
    body:
      encoding: UTF-8
      string: '{"access_token":"access-sandbox-f81d02c1-23fc-4a81-b3eb-a3db95011531","client_id":"PLAID_RUBY_CLIENT_ID","secret":"PLAID_RUBY_SECRET"}'
    headers:
      User-Agent:
      - Plaid Ruby v4.1.0
      Content-Type:
      - application/json
  response:
    status:
      code: 200
      message: 
    headers:
      server:
      - nginx
      date:
      - Fri, 16 Mar 2018 02:21:22 GMT
      content-type:
      - application/json
      content-length:
      - '46'
      connection:
      - close
      strict-transport-security:
      - max-age=31536000; includeSubDomains; preload
      x-frame-options:
      - DENY
      x-content-type-options:
      - nosniff
      x-xss-protection:
      - 1; mode=block
    body:
      encoding: UTF-8
      string: |-
        {
          "removed": true,
          "request_id": "yQirI"
        }
    http_version: 
  recorded_at: Fri, 16 Mar 2018 02:21:22 GMT
- request:
    method: post
    uri: https://sandbox.plaid.com/accounts/get
    body:
      encoding: UTF-8
      string: '{"access_token":"access-sandbox-75f10ce5-e3f9-4ab4-bc06-f661ca6557bc","options":{"account_ids":"ABCDEFG1234567"},"client_id":"PLAID_RUBY_CLIENT_ID","secret":"PLAID_RUBY_SECRET"}'
    headers:
      User-Agent:
      - Plaid Ruby v6.3.1
      Content-Type:
      - application/json
      Plaid-Version:
      - '2018-05-22'
  response:
    status:
      code: 400
      message: Bad Request
    headers:
      server:
      - nginx
      date:
      - Thu, 16 May 2019 06:16:59 GMT
      content-type:
      - application/json; charset=utf-8
      content-length:
      - '195'
      connection:
      - close
      plaid-version:
      - '2018-05-22'
      vary:
      - Accept-Encoding
    body:
      encoding: ASCII-8BIT
      string: |-
        {
          "display_message": null,
          "error_code": "INVALID_FIELD",
          "error_message": "options.account_ids must be a non-empty array of valid account ids",
          "error_type": "INVALID_REQUEST",
          "request_id": "jI3ftaHnMmm34H9",
          "suggested_action": null
        }
    http_version: 
  recorded_at: Thu, 16 May 2019 06:16:59 GMT
- request:
    method: post
    uri: https://sandbox.plaid.com/item/remove
    body:
      encoding: UTF-8
      string: '{"access_token":"access-sandbox-75f10ce5-e3f9-4ab4-bc06-f661ca6557bc","client_id":"PLAID_RUBY_CLIENT_ID","secret":"PLAID_RUBY_SECRET"}'
    headers:
      User-Agent:
      - Plaid Ruby v6.3.1
      Content-Type:
      - application/json
      Plaid-Version:
      - '2018-05-22'
  response:
    status:
      code: 200
      message: OK
    headers:
      server:
      - nginx
      date:
      - Thu, 16 May 2019 06:17:00 GMT
      content-type:
      - application/json; charset=utf-8
      content-length:
      - '74'
      connection:
      - close
      plaid-version:
      - '2018-05-22'
      vary:
      - Accept-Encoding
      strict-transport-security:
      - max-age=31536000; includeSubDomains; preload
      x-frame-options:
      - DENY
      x-content-type-options:
      - nosniff
      x-xss-protection:
      - 1; mode=block
    body:
      encoding: ASCII-8BIT
      string: |-
        {
          "removed": true,
          "request_id": "h1x57bJx5bu62HI"
        }
    http_version: 
  recorded_at: Thu, 16 May 2019 06:17:00 GMT
- request:
    method: post
    uri: https://sandbox.plaid.com/accounts/get
    body:
      encoding: UTF-8
      string: '{"access_token":"access-sandbox-2b473fe7-92ca-4730-841e-089d6be5e87c","options":{"account_ids":"ABCDEFG1234567"},"client_id":"PLAID_RUBY_CLIENT_ID","secret":"PLAID_RUBY_SECRET"}'
    headers:
      User-Agent:
      - Plaid Ruby v6.3.1
      Content-Type:
      - application/json
      Plaid-Version:
      - '2018-05-22'
  response:
    status:
      code: 400
      message: Bad Request
    headers:
      server:
      - nginx
      date:
      - Thu, 16 May 2019 06:31:16 GMT
      content-type:
      - application/json; charset=utf-8
      content-length:
      - '197'
      connection:
      - close
      plaid-version:
      - '2018-05-22'
      vary:
      - Accept-Encoding
    body:
      encoding: ASCII-8BIT
      string: |-
        {
          "display_message": null,
          "error_code": "INVALID_FIELD",
          "error_message": "options.account_ids must be a non-empty array of valid account ids",
          "error_type": "INVALID_REQUEST",
          "request_id": "vIzA0wVURApST4V",
          "suggested_action": null
        }
    http_version: 
  recorded_at: Thu, 16 May 2019 06:31:16 GMT
- request:
    method: post
    uri: https://sandbox.plaid.com/item/remove
    body:
      encoding: UTF-8
      string: '{"access_token":"access-sandbox-2b473fe7-92ca-4730-841e-089d6be5e87c","client_id":"PLAID_RUBY_CLIENT_ID","secret":"PLAID_RUBY_SECRET"}'
    headers:
      User-Agent:
      - Plaid Ruby v6.3.1
      Content-Type:
      - application/json
      Plaid-Version:
      - '2018-05-22'
  response:
    status:
      code: 200
      message: OK
    headers:
      server:
      - nginx
      date:
      - Thu, 16 May 2019 06:31:17 GMT
      content-type:
      - application/json; charset=utf-8
      content-length:
      - '74'
      connection:
      - close
      plaid-version:
      - '2018-05-22'
      vary:
      - Accept-Encoding
      strict-transport-security:
      - max-age=31536000; includeSubDomains; preload
      x-frame-options:
      - DENY
      x-content-type-options:
      - nosniff
      x-xss-protection:
      - 1; mode=block
    body:
      encoding: ASCII-8BIT
      string: |-
        {
          "removed": true,
          "request_id": "ixrcbANdSbcYjwz"
        }
    http_version: 
  recorded_at: Thu, 16 May 2019 06:31:18 GMT
- request:
    method: post
    uri: https://sandbox.plaid.com/accounts/get
    body:
      encoding: UTF-8
      string: '{"access_token":"access-sandbox-2a9d24f0-a34d-4cdb-afc2-b024fa8f2649","options":{"account_ids":"ABCDEFG1234567"},"client_id":"PLAID_RUBY_CLIENT_ID","secret":"PLAID_RUBY_SECRET"}'
    headers:
      User-Agent:
      - Plaid Ruby v6.3.1
      Content-Type:
      - application/json
      Plaid-Version:
      - '2018-05-22'
  response:
    status:
      code: 400
      message: Bad Request
    headers:
      server:
      - nginx
      date:
      - Thu, 16 May 2019 06:34:57 GMT
      content-type:
      - application/json; charset=utf-8
      content-length:
      - '196'
      connection:
      - close
      plaid-version:
      - '2018-05-22'
      vary:
      - Accept-Encoding
    body:
      encoding: ASCII-8BIT
      string: |-
        {
          "display_message": null,
          "error_code": "INVALID_FIELD",
          "error_message": "options.account_ids must be a non-empty array of valid account ids",
          "error_type": "INVALID_REQUEST",
          "request_id": "aOF6JpJ61taPYrB",
          "suggested_action": null
        }
    http_version: 
  recorded_at: Thu, 16 May 2019 06:34:57 GMT
- request:
    method: post
    uri: https://sandbox.plaid.com/item/remove
    body:
      encoding: UTF-8
      string: '{"access_token":"access-sandbox-2a9d24f0-a34d-4cdb-afc2-b024fa8f2649","client_id":"PLAID_RUBY_CLIENT_ID","secret":"PLAID_RUBY_SECRET"}'
    headers:
      User-Agent:
      - Plaid Ruby v6.3.1
      Content-Type:
      - application/json
      Plaid-Version:
      - '2018-05-22'
  response:
    status:
      code: 200
      message: OK
    headers:
      server:
      - nginx
      date:
      - Thu, 16 May 2019 06:34:58 GMT
      content-type:
      - application/json; charset=utf-8
      content-length:
      - '74'
      connection:
      - close
      plaid-version:
      - '2018-05-22'
      vary:
      - Accept-Encoding
      strict-transport-security:
      - max-age=31536000; includeSubDomains; preload
      x-frame-options:
      - DENY
      x-content-type-options:
      - nosniff
      x-xss-protection:
      - 1; mode=block
    body:
      encoding: ASCII-8BIT
      string: |-
        {
          "removed": true,
          "request_id": "NnJT5mkgUIVVckH"
        }
    http_version: 
  recorded_at: Thu, 16 May 2019 06:34:58 GMT
- request:
    method: post
    uri: https://sandbox.plaid.com/item/create
    body:
      encoding: UTF-8
      string: '{"credentials":{"username":"user_good","password":"pass_good"},"institution_id":"ins_109508","initial_products":["transactions"],"options":{},"client_id":"PLAID_RUBY_CLIENT_ID","secret":"PLAID_RUBY_SECRET"}'
    headers:
      User-Agent:
      - Plaid Ruby v6.3.1
      Content-Type:
      - application/json
      Plaid-Version:
      - '2018-05-22'
  response:
    status:
      code: 200
      message: OK
    headers:
      server:
      - nginx
      date:
      - Thu, 16 May 2019 06:41:31 GMT
      content-type:
      - application/json; charset=utf-8
      content-length:
      - '298'
      connection:
      - close
      plaid-version:
      - '2018-05-22'
      vary:
      - Accept-Encoding
      strict-transport-security:
      - max-age=31536000; includeSubDomains; preload
      x-frame-options:
      - DENY
      x-content-type-options:
      - nosniff
      x-xss-protection:
      - 1; mode=block
    body:
      encoding: ASCII-8BIT
      string: |-
        {
          "access_token": "access-sandbox-fd67cafc-b57c-43d0-9de8-fafb052c40ed",
          "item": {
            "available_products": [
              "assets",
              "auth",
              "balance",
              "credit_details",
              "identity",
              "income"
            ],
            "billed_products": [
              "transactions"
            ],
            "error": null,
            "institution_id": "ins_109508",
            "item_id": "5ZPXkl4kzaFL8dz9Aw6PtBA6pNgg1diZDo6EX",
            "webhook": ""
          },
          "request_id": "Q1lFkS98DxLq58q"
        }
    http_version: 
  recorded_at: Thu, 16 May 2019 06:41:32 GMT
- request:
    method: post
    uri: https://sandbox.plaid.com/accounts/get
    body:
      encoding: UTF-8
      string: '{"access_token":"access-sandbox-fd67cafc-b57c-43d0-9de8-fafb052c40ed","options":{"account_ids":"ABCDEFG1234567"},"client_id":"PLAID_RUBY_CLIENT_ID","secret":"PLAID_RUBY_SECRET"}'
    headers:
      User-Agent:
      - Plaid Ruby v6.3.1
      Content-Type:
      - application/json
      Plaid-Version:
      - '2018-05-22'
  response:
    status:
      code: 400
      message: Bad Request
    headers:
      server:
      - nginx
      date:
      - Thu, 16 May 2019 06:41:33 GMT
      content-type:
      - application/json; charset=utf-8
      content-length:
      - '196'
      connection:
      - close
      plaid-version:
      - '2018-05-22'
      vary:
      - Accept-Encoding
    body:
      encoding: ASCII-8BIT
      string: |-
        {
          "display_message": null,
          "error_code": "INVALID_FIELD",
          "error_message": "options.account_ids must be a non-empty array of valid account ids",
          "error_type": "INVALID_REQUEST",
          "request_id": "akgO10kdgXfPbVZ",
          "suggested_action": null
        }
    http_version: 
  recorded_at: Thu, 16 May 2019 06:41:33 GMT
- request:
    method: post
    uri: https://sandbox.plaid.com/item/remove
    body:
      encoding: UTF-8
      string: '{"access_token":"access-sandbox-fd67cafc-b57c-43d0-9de8-fafb052c40ed","client_id":"PLAID_RUBY_CLIENT_ID","secret":"PLAID_RUBY_SECRET"}'
    headers:
      User-Agent:
      - Plaid Ruby v6.3.1
      Content-Type:
      - application/json
      Plaid-Version:
      - '2018-05-22'
  response:
    status:
      code: 200
      message: OK
    headers:
      server:
      - nginx
      date:
      - Thu, 16 May 2019 06:41:34 GMT
      content-type:
      - application/json; charset=utf-8
      content-length:
      - '74'
      connection:
      - close
      plaid-version:
      - '2018-05-22'
      vary:
      - Accept-Encoding
      strict-transport-security:
      - max-age=31536000; includeSubDomains; preload
      x-frame-options:
      - DENY
      x-content-type-options:
      - nosniff
      x-xss-protection:
      - 1; mode=block
    body:
      encoding: ASCII-8BIT
      string: |-
        {
          "removed": true,
          "request_id": "pTxsMsCbsFWYqDz"
        }
    http_version: 
  recorded_at: Thu, 16 May 2019 06:41:34 GMT
recorded_with: VCR 4.0.0
