---
http_interactions:
- request:
    method: post
    uri: https://sandbox.plaid.com/item/create
    body:
      encoding: UTF-8
      string: '{"credentials":{"username":"user_good","password":"pass_good"},"institution_id":"ins_109508","initial_products":["transactions"],"options":{},"client_id":"PLAID_RUBY_CLIENT_ID","secret":"PLAID_RUBY_SECRET"}'
    headers:
      User-Agent:
      - Plaid Ruby v6.3.1
      Content-Type:
      - application/json
      Plaid-Version:
      - '2018-05-22'
  response:
    status:
      code: 200
      message: OK
    headers:
      server:
      - nginx
      date:
      - Thu, 16 May 2019 06:52:28 GMT
      content-type:
      - application/json; charset=utf-8
      content-length:
      - '297'
      connection:
      - close
      plaid-version:
      - '2018-05-22'
      vary:
      - Accept-Encoding
      strict-transport-security:
      - max-age=31536000; includeSubDomains; preload
      x-frame-options:
      - DENY
      x-content-type-options:
      - nosniff
      x-xss-protection:
      - 1; mode=block
    body:
      encoding: ASCII-8BIT
      string: |-
        {
          "access_token": "access-sandbox-d2958bbf-73f8-479a-b38a-b77ffdcbb8ee",
          "item": {
            "available_products": [
              "assets",
              "auth",
              "balance",
              "credit_details",
              "identity",
              "income"
            ],
            "billed_products": [
              "transactions"
            ],
            "error": null,
            "institution_id": "ins_109508",
            "item_id": "Dkkow389PauAKjBMEvQQsl7ljK4nL8uvMrjLM",
            "webhook": ""
          },
          "request_id": "MHEwxaCe4Np3iim"
        }
    http_version: 
  recorded_at: Thu, 16 May 2019 06:52:28 GMT
- request:
    method: post
    uri: https://sandbox.plaid.com/accounts/get
    body:
      encoding: UTF-8
      string: '{"access_token":"ABCDEFG1234567","options":{},"client_id":"PLAID_RUBY_CLIENT_ID","secret":"PLAID_RUBY_SECRET"}'
    headers:
      User-Agent:
      - Plaid Ruby v6.3.1
      Content-Type:
      - application/json
      Plaid-Version:
      - '2018-05-22'
  response:
    status:
      code: 400
      message: Bad Request
    headers:
      server:
      - nginx
      date:
      - Thu, 16 May 2019 06:52:29 GMT
      content-type:
      - application/json; charset=utf-8
      content-length:
      - '228'
      connection:
      - close
      plaid-version:
      - '2018-05-22'
      vary:
      - Accept-Encoding
    body:
      encoding: ASCII-8BIT
      string: |-
        {
          "display_message": null,
          "error_code": "INVALID_ACCESS_TOKEN",
          "error_message": "provided access token is in an invalid format. expected format: access-\u003cenvironment\u003e-\u003cidentifier\u003e",
          "error_type": "INVALID_INPUT",
          "request_id": "6bF01ojib4KLlgV",
          "suggested_action": null
        }
    http_version: 
  recorded_at: Thu, 16 May 2019 06:52:29 GMT
- request:
    method: post
    uri: https://sandbox.plaid.com/item/remove
    body:
      encoding: UTF-8
      string: '{"access_token":"access-sandbox-d2958bbf-73f8-479a-b38a-b77ffdcbb8ee","client_id":"PLAID_RUBY_CLIENT_ID","secret":"PLAID_RUBY_SECRET"}'
    headers:
      User-Agent:
      - Plaid Ruby v6.3.1
      Content-Type:
      - application/json
      Plaid-Version:
      - '2018-05-22'
  response:
    status:
      code: 200
      message: OK
    headers:
      server:
      - nginx
      date:
      - Thu, 16 May 2019 06:52:30 GMT
      content-type:
      - application/json; charset=utf-8
      content-length:
      - '74'
      connection:
      - close
      plaid-version:
      - '2018-05-22'
      vary:
      - Accept-Encoding
      strict-transport-security:
      - max-age=31536000; includeSubDomains; preload
      x-frame-options:
      - DENY
      x-content-type-options:
      - nosniff
      x-xss-protection:
      - 1; mode=block
    body:
      encoding: ASCII-8BIT
      string: |-
        {
          "removed": true,
          "request_id": "Ke5H7CADBfJ0phK"
        }
    http_version: 
  recorded_at: Thu, 16 May 2019 06:52:30 GMT
recorded_with: VCR 4.0.0
