---
http_interactions:
- request:
    method: post
    uri: https://sandbox.plaid.com/item/create
    body:
      encoding: UTF-8
      string: '{"credentials":{"username":"user_good","password":"pass_good"},"institution_id":"ins_109508","initial_products":["auth"],"options":{},"client_id":"PLAID_RUBY_CLIENT_ID","secret":"PLAID_RUBY_SECRET"}'
    headers:
      User-Agent:
      - Plaid Ruby v5.0.0
      Content-Type:
      - application/json
      Plaid-Version:
      - '2018-05-22'
  response:
    status:
      code: 200
      message: OK
    headers:
      server:
      - nginx
      date:
      - Tue, 22 May 2018 06:21:56 GMT
      content-type:
      - application/json
      content-length:
      - '422'
      connection:
      - close
      plaid-version:
      - '2018-05-22'
      strict-transport-security:
      - max-age=31536000; includeSubDomains; preload
      x-frame-options:
      - DENY
      x-content-type-options:
      - nosniff
      x-xss-protection:
      - 1; mode=block
    body:
      encoding: UTF-8
      string: |-
        {
          "access_token": "access-sandbox-2e930402-7518-4dca-923e-8e9c22fa17d8",
          "item": {
            "available_products": [
              "balance",
              "credit_details",
              "identity",
              "income",
              "transactions"
            ],
            "billed_products": [
              "auth"
            ],
            "error": null,
            "institution_id": "ins_109508",
            "item_id": "NX6PWzk4DpiKevPmomGlHXmZzgEl84iW3VqAl",
            "webhook": ""
          },
          "request_id": "SzkRi"
        }
    http_version: 
  recorded_at: Tue, 22 May 2018 06:21:56 GMT
- request:
    method: post
    uri: https://sandbox.plaid.com/auth/get
    body:
      encoding: UTF-8
      string: '{"access_token":"access-sandbox-2e930402-7518-4dca-923e-8e9c22fa17d8","options":{},"client_id":"PLAID_RUBY_CLIENT_ID","secret":"PLAID_RUBY_SECRET"}'
    headers:
      User-Agent:
      - Plaid Ruby v5.0.0
      Content-Type:
      - application/json
      Plaid-Version:
      - '2018-05-22'
  response:
    status:
      code: 200
      message: OK
    headers:
      server:
      - nginx
      date:
      - Tue, 22 May 2018 06:21:58 GMT
      content-type:
      - application/json
      transfer-encoding:
      - chunked
      connection:
      - close
      plaid-version:
      - '2018-05-22'
      strict-transport-security:
      - max-age=31536000; includeSubDomains; preload
      x-frame-options:
      - DENY
      x-content-type-options:
      - nosniff
      x-xss-protection:
      - 1; mode=block
    body:
      encoding: ASCII-8BIT
      string: |-
        {
          "accounts": [
            {
              "account_id": "zLVz3PyjXgFn81x4X4jpfKE71NeEjNtoVdjj8",
              "balances": {
                "available": 100,
                "current": 110,
                "iso_currency_code": "USD",
                "limit": null,
                "unofficial_currency_code": null
              },
              "mask": "0000",
              "name": "Plaid Checking",
              "official_name": "Plaid Gold Standard 0% Interest Checking",
              "subtype": "checking",
              "type": "depository"
            },
            {
              "account_id": "rP1wbz8Bnec1QpdM7MbNUX8ZvLb8zLulQbmmN",
              "balances": {
                "available": 200,
                "current": 210,
                "iso_currency_code": "USD",
                "limit": null,
                "unofficial_currency_code": null
              },
              "mask": "1111",
              "name": "Plaid Saving",
              "official_name": "Plaid Silver Standard 0.1% Interest Saving",
              "subtype": "savings",
              "type": "depository"
            },
            {
              "account_id": "BXAk7GeVbaiKWky545vxHg6lprB6ErIwBvaa6",
              "balances": {
                "available": null,
                "current": 1000,
                "iso_currency_code": "USD",
                "limit": null,
                "unofficial_currency_code": null
              },
              "mask": "2222",
              "name": "Plaid CD",
              "official_name": "Plaid Bronze Standard 0.2% Interest CD",
              "subtype": "cd",
              "type": "depository"
            },
            {
              "account_id": "35oJmjl8A6Imwl4W8WzJSkGg8K3GVKHqAgXX7",
              "balances": {
                "available": null,
                "current": 410,
                "iso_currency_code": "USD",
                "limit": 2000,
                "unofficial_currency_code": null
              },
              "mask": "3333",
              "name": "Plaid Credit Card",
              "official_name": "Plaid Diamond 12.5% APR Interest Credit Card",
              "subtype": "credit card",
              "type": "credit"
            }
          ],
          "item": {
            "available_products": [
              "balance",
              "credit_details",
              "identity",
              "income",
              "transactions"
            ],
            "billed_products": [
              "auth"
            ],
            "error": null,
            "institution_id": "ins_109508",
            "item_id": "NX6PWzk4DpiKevPmomGlHXmZzgEl84iW3VqAl",
            "webhook": ""
          },
          "numbers": {
            "ach": [
              {
                "account": "1111222233330000",
                "account_id": "zLVz3PyjXgFn81x4X4jpfKE71NeEjNtoVdjj8",
                "routing": "011401533",
                "wire_routing": "021000021"
              },
              {
                "account": "1111222233331111",
                "account_id": "rP1wbz8Bnec1QpdM7MbNUX8ZvLb8zLulQbmmN",
                "routing": "011401533",
                "wire_routing": "021000021"
              }
            ],
            "eft": []
          },
          "request_id": "a8xiB"
        }
    http_version: 
  recorded_at: Tue, 22 May 2018 06:21:58 GMT
- request:
    method: post
    uri: https://sandbox.plaid.com/auth/get
    body:
      encoding: UTF-8
      string: '{"access_token":"access-sandbox-2e930402-7518-4dca-923e-8e9c22fa17d8","options":{"account_ids":["zLVz3PyjXgFn81x4X4jpfKE71NeEjNtoVdjj8"]},"client_id":"PLAID_RUBY_CLIENT_ID","secret":"PLAID_RUBY_SECRET"}'
    headers:
      User-Agent:
      - Plaid Ruby v5.0.0
      Content-Type:
      - application/json
      Plaid-Version:
      - '2018-05-22'
  response:
    status:
      code: 200
      message: OK
    headers:
      server:
      - nginx
      date:
      - Tue, 22 May 2018 06:21:59 GMT
      content-type:
      - application/json
      transfer-encoding:
      - chunked
      connection:
      - close
      plaid-version:
      - '2018-05-22'
      strict-transport-security:
      - max-age=31536000; includeSubDomains; preload
      x-frame-options:
      - DENY
      x-content-type-options:
      - nosniff
      x-xss-protection:
      - 1; mode=block
    body:
      encoding: ASCII-8BIT
      string: |-
        {
          "accounts": [
            {
              "account_id": "zLVz3PyjXgFn81x4X4jpfKE71NeEjNtoVdjj8",
              "balances": {
                "available": 100,
                "current": 110,
                "iso_currency_code": "USD",
                "limit": null,
                "unofficial_currency_code": null
              },
              "mask": "0000",
              "name": "Plaid Checking",
              "official_name": "Plaid Gold Standard 0% Interest Checking",
              "subtype": "checking",
              "type": "depository"
            }
          ],
          "item": {
            "available_products": [
              "balance",
              "credit_details",
              "identity",
              "income",
              "transactions"
            ],
            "billed_products": [
              "auth"
            ],
            "error": null,
            "institution_id": "ins_109508",
            "item_id": "NX6PWzk4DpiKevPmomGlHXmZzgEl84iW3VqAl",
            "webhook": ""
          },
          "numbers": {
            "ach": [
              {
                "account": "1111222233330000",
                "account_id": "zLVz3PyjXgFn81x4X4jpfKE71NeEjNtoVdjj8",
                "routing": "011401533",
                "wire_routing": "021000021"
              }
            ],
            "eft": []
          },
          "request_id": "8q97L"
        }
    http_version: 
  recorded_at: Tue, 22 May 2018 06:21:59 GMT
- request:
    method: post
    uri: https://sandbox.plaid.com/auth/get
    body:
      encoding: UTF-8
      string: '{"access_token":"access-sandbox-2e930402-7518-4dca-923e-8e9c22fa17d8","options":{"account_ids":["zLVz3PyjXgFn81x4X4jpfKE71NeEjNtoVdjj8"]},"client_id":"PLAID_RUBY_CLIENT_ID","secret":"PLAID_RUBY_SECRET"}'
    headers:
      User-Agent:
      - Plaid Ruby v5.0.0
      Content-Type:
      - application/json
      Plaid-Version:
      - '2018-05-22'
  response:
    status:
      code: 200
      message: OK
    headers:
      server:
      - nginx
      date:
      - Tue, 22 May 2018 06:22:00 GMT
      content-type:
      - application/json
      transfer-encoding:
      - chunked
      connection:
      - close
      plaid-version:
      - '2018-05-22'
      strict-transport-security:
      - max-age=31536000; includeSubDomains; preload
      x-frame-options:
      - DENY
      x-content-type-options:
      - nosniff
      x-xss-protection:
      - 1; mode=block
    body:
      encoding: ASCII-8BIT
      string: |-
        {
          "accounts": [
            {
              "account_id": "zLVz3PyjXgFn81x4X4jpfKE71NeEjNtoVdjj8",
              "balances": {
                "available": 100,
                "current": 110,
                "iso_currency_code": "USD",
                "limit": null,
                "unofficial_currency_code": null
              },
              "mask": "0000",
              "name": "Plaid Checking",
              "official_name": "Plaid Gold Standard 0% Interest Checking",
              "subtype": "checking",
              "type": "depository"
            }
          ],
          "item": {
            "available_products": [
              "balance",
              "credit_details",
              "identity",
              "income",
              "transactions"
            ],
            "billed_products": [
              "auth"
            ],
            "error": null,
            "institution_id": "ins_109508",
            "item_id": "NX6PWzk4DpiKevPmomGlHXmZzgEl84iW3VqAl",
            "webhook": ""
          },
          "numbers": {
            "ach": [
              {
                "account": "1111222233330000",
                "account_id": "zLVz3PyjXgFn81x4X4jpfKE71NeEjNtoVdjj8",
                "routing": "011401533",
                "wire_routing": "021000021"
              }
            ],
            "eft": []
          },
          "request_id": "3nKPF"
        }
    http_version: 
  recorded_at: Tue, 22 May 2018 06:22:00 GMT
- request:
    method: post
    uri: https://sandbox.plaid.com/item/remove
    body:
      encoding: UTF-8
      string: '{"access_token":"access-sandbox-2e930402-7518-4dca-923e-8e9c22fa17d8","client_id":"PLAID_RUBY_CLIENT_ID","secret":"PLAID_RUBY_SECRET"}'
    headers:
      User-Agent:
      - Plaid Ruby v5.0.0
      Content-Type:
      - application/json
      Plaid-Version:
      - '2018-05-22'
  response:
    status:
      code: 200
      message: OK
    headers:
      server:
      - nginx
      date:
      - Tue, 22 May 2018 06:22:01 GMT
      content-type:
      - application/json
      content-length:
      - '46'
      connection:
      - close
      plaid-version:
      - '2018-05-22'
      strict-transport-security:
      - max-age=31536000; includeSubDomains; preload
      x-frame-options:
      - DENY
      x-content-type-options:
      - nosniff
      x-xss-protection:
      - 1; mode=block
    body:
      encoding: UTF-8
      string: |-
        {
          "removed": true,
          "request_id": "GOD63"
        }
    http_version: 
  recorded_at: Tue, 22 May 2018 06:22:01 GMT
- request:
    method: post
    uri: https://sandbox.plaid.com/item/create
    body:
      encoding: UTF-8
      string: '{"credentials":{"username":"user_good","password":"pass_good"},"institution_id":"ins_109508","initial_products":["auth"],"options":{},"client_id":"PLAID_RUBY_CLIENT_ID","secret":"PLAID_RUBY_SECRET"}'
    headers:
      User-Agent:
      - Plaid Ruby v6.1.0
      Content-Type:
      - application/json
      Plaid-Version:
      - '2018-05-22'
  response:
    status:
      code: 200
      message: OK
    headers:
      server:
      - nginx
      date:
      - Wed, 17 Oct 2018 18:46:55 GMT
      content-type:
      - application/json
      content-length:
      - '301'
      connection:
      - close
      plaid-version:
      - '2018-05-22'
      vary:
      - Accept-Encoding
      strict-transport-security:
      - max-age=31536000; includeSubDomains; preload
      x-frame-options:
      - DENY
      x-content-type-options:
      - nosniff
      x-xss-protection:
      - 1; mode=block
    body:
      encoding: ASCII-8BIT
      string: |-
        {
          "access_token": "access-sandbox-1dc948b3-9418-4aa6-ac64-957296a3ef0d",
          "item": {
            "available_products": [
              "assets",
              "balance",
              "credit_details",
              "identity",
              "income",
              "transactions"
            ],
            "billed_products": [
              "auth"
            ],
            "error": null,
            "institution_id": "ins_109508",
            "item_id": "E5Rbx5KxbzfvqVz9rljmFQ5NrJxVpqfXQbMGn",
            "webhook": ""
          },
          "request_id": "CDdXrj4sz4jjq6p"
        }
    http_version: 
  recorded_at: Wed, 17 Oct 2018 18:46:55 GMT
- request:
    method: post
    uri: https://sandbox.plaid.com/auth/get
    body:
      encoding: UTF-8
      string: '{"access_token":"access-sandbox-1dc948b3-9418-4aa6-ac64-957296a3ef0d","options":{},"client_id":"PLAID_RUBY_CLIENT_ID","secret":"PLAID_RUBY_SECRET"}'
    headers:
      User-Agent:
      - Plaid Ruby v6.1.0
      Content-Type:
      - application/json
      Plaid-Version:
      - '2018-05-22'
  response:
    status:
      code: 200
      message: OK
    headers:
      server:
      - nginx
      date:
      - Wed, 17 Oct 2018 18:46:55 GMT
      content-type:
      - application/json
      content-length:
      - '839'
      connection:
      - close
      plaid-version:
      - '2018-05-22'
      vary:
      - Accept-Encoding
      strict-transport-security:
      - max-age=31536000; includeSubDomains; preload
      x-frame-options:
      - DENY
      x-content-type-options:
      - nosniff
      x-xss-protection:
      - 1; mode=block
    body:
      encoding: ASCII-8BIT
      string: |-
        {
          "accounts": [
            {
              "account_id": "7Evm1Eb1mJFexdGwr389Sk8lk4dWgAigoqnQw",
              "balances": {
                "available": 100,
                "current": 110,
                "iso_currency_code": "USD",
                "limit": null,
                "unofficial_currency_code": null
              },
              "mask": "0000",
              "name": "Plaid Checking",
              "official_name": "Plaid Gold Standard 0% Interest Checking",
              "subtype": "checking",
              "type": "depository"
            },
            {
              "account_id": "N5V6Q5NQ6ef346NrqQolUg5jgnb38aIW4w5Z7",
              "balances": {
                "available": 200,
                "current": 210,
                "iso_currency_code": "USD",
                "limit": null,
                "unofficial_currency_code": null
              },
              "mask": "1111",
              "name": "Plaid Saving",
              "official_name": "Plaid Silver Standard 0.1% Interest Saving",
              "subtype": "savings",
              "type": "depository"
            },
            {
              "account_id": "P5R6M5WM6yfAPVNG74n9Ur5krK4ZAaC7PRWdJ",
              "balances": {
                "available": null,
                "current": 1000,
                "iso_currency_code": "USD",
                "limit": null,
                "unofficial_currency_code": null
              },
              "mask": "2222",
              "name": "Plaid CD",
              "official_name": "Plaid Bronze Standard 0.2% Interest CD",
              "subtype": "cd",
              "type": "depository"
            },
            {
              "account_id": "jl3NMl5MNeH6gPV8XEbpT8mr8Nv9leu1VeL4x",
              "balances": {
                "available": null,
                "current": 410,
                "iso_currency_code": "USD",
                "limit": 2000,
                "unofficial_currency_code": null
              },
              "mask": "3333",
              "name": "Plaid Credit Card",
              "official_name": "Plaid Diamond 12.5% APR Interest Credit Card",
              "subtype": "credit card",
              "type": "credit"
            },
            {
              "account_id": "e543j5Xj3qfX9a14meovF6qg6kxmybtL4G5DP",
              "balances": {
                "available": 43200,
                "current": 43200,
                "iso_currency_code": "USD",
                "limit": null,
                "unofficial_currency_code": null
              },
              "mask": "4444",
              "name": "Plaid Money Market",
              "official_name": "Plaid Platinum Standard 1.85% Interest Money Market",
              "subtype": "money market",
              "type": "depository"
            }
          ],
          "item": {
            "available_products": [
              "assets",
              "balance",
              "credit_details",
              "identity",
              "income",
              "transactions"
            ],
            "billed_products": [
              "auth"
            ],
            "error": null,
            "institution_id": "ins_109508",
            "item_id": "E5Rbx5KxbzfvqVz9rljmFQ5NrJxVpqfXQbMGn",
            "webhook": ""
          },
          "numbers": {
            "ach": [
              {
                "account": "1111222233330000",
                "account_id": "7Evm1Eb1mJFexdGwr389Sk8lk4dWgAigoqnQw",
                "routing": "011401533",
                "wire_routing": "021000021"
              },
              {
                "account": "1111222233331111",
                "account_id": "N5V6Q5NQ6ef346NrqQolUg5jgnb38aIW4w5Z7",
                "routing": "011401533",
                "wire_routing": "021000021"
              }
            ],
            "eft": []
          },
          "request_id": "8CL33Blrhme85zp"
        }
    http_version: 
  recorded_at: Wed, 17 Oct 2018 18:46:55 GMT
- request:
    method: post
    uri: https://sandbox.plaid.com/auth/get
    body:
      encoding: UTF-8
      string: '{"access_token":"access-sandbox-1dc948b3-9418-4aa6-ac64-957296a3ef0d","options":{"account_ids":["7Evm1Eb1mJFexdGwr389Sk8lk4dWgAigoqnQw"]},"client_id":"PLAID_RUBY_CLIENT_ID","secret":"PLAID_RUBY_SECRET"}'
    headers:
      User-Agent:
      - Plaid Ruby v6.1.0
      Content-Type:
      - application/json
      Plaid-Version:
      - '2018-05-22'
  response:
    status:
      code: 200
      message: OK
    headers:
      server:
      - nginx
      date:
      - Wed, 17 Oct 2018 18:46:56 GMT
      content-type:
      - application/json
      content-length:
      - '506'
      connection:
      - close
      plaid-version:
      - '2018-05-22'
      vary:
      - Accept-Encoding
      strict-transport-security:
      - max-age=31536000; includeSubDomains; preload
      x-frame-options:
      - DENY
      x-content-type-options:
      - nosniff
      x-xss-protection:
      - 1; mode=block
    body:
      encoding: ASCII-8BIT
      string: |-
        {
          "accounts": [
            {
              "account_id": "7Evm1Eb1mJFexdGwr389Sk8lk4dWgAigoqnQw",
              "balances": {
                "available": 100,
                "current": 110,
                "iso_currency_code": "USD",
                "limit": null,
                "unofficial_currency_code": null
              },
              "mask": "0000",
              "name": "Plaid Checking",
              "official_name": "Plaid Gold Standard 0% Interest Checking",
              "subtype": "checking",
              "type": "depository"
            }
          ],
          "item": {
            "available_products": [
              "assets",
              "balance",
              "credit_details",
              "identity",
              "income",
              "transactions"
            ],
            "billed_products": [
              "auth"
            ],
            "error": null,
            "institution_id": "ins_109508",
            "item_id": "E5Rbx5KxbzfvqVz9rljmFQ5NrJxVpqfXQbMGn",
            "webhook": ""
          },
          "numbers": {
            "ach": [
              {
                "account": "1111222233330000",
                "account_id": "7Evm1Eb1mJFexdGwr389Sk8lk4dWgAigoqnQw",
                "routing": "011401533",
                "wire_routing": "021000021"
              }
            ],
            "eft": []
          },
          "request_id": "Z9VdRuCkOiyjK7f"
        }
    http_version: 
  recorded_at: Wed, 17 Oct 2018 18:46:56 GMT
- request:
    method: post
    uri: https://sandbox.plaid.com/auth/get
    body:
      encoding: UTF-8
      string: '{"access_token":"access-sandbox-1dc948b3-9418-4aa6-ac64-957296a3ef0d","options":{"account_ids":["7Evm1Eb1mJFexdGwr389Sk8lk4dWgAigoqnQw"]},"client_id":"PLAID_RUBY_CLIENT_ID","secret":"PLAID_RUBY_SECRET"}'
    headers:
      User-Agent:
      - Plaid Ruby v6.1.0
      Content-Type:
      - application/json
      Plaid-Version:
      - '2018-05-22'
  response:
    status:
      code: 200
      message: OK
    headers:
      server:
      - nginx
      date:
      - Wed, 17 Oct 2018 18:46:56 GMT
      content-type:
      - application/json
      content-length:
      - '507'
      connection:
      - close
      plaid-version:
      - '2018-05-22'
      vary:
      - Accept-Encoding
      strict-transport-security:
      - max-age=31536000; includeSubDomains; preload
      x-frame-options:
      - DENY
      x-content-type-options:
      - nosniff
      x-xss-protection:
      - 1; mode=block
    body:
      encoding: ASCII-8BIT
      string: |-
        {
          "accounts": [
            {
              "account_id": "7Evm1Eb1mJFexdGwr389Sk8lk4dWgAigoqnQw",
              "balances": {
                "available": 100,
                "current": 110,
                "iso_currency_code": "USD",
                "limit": null,
                "unofficial_currency_code": null
              },
              "mask": "0000",
              "name": "Plaid Checking",
              "official_name": "Plaid Gold Standard 0% Interest Checking",
              "subtype": "checking",
              "type": "depository"
            }
          ],
          "item": {
            "available_products": [
              "assets",
              "balance",
              "credit_details",
              "identity",
              "income",
              "transactions"
            ],
            "billed_products": [
              "auth"
            ],
            "error": null,
            "institution_id": "ins_109508",
            "item_id": "E5Rbx5KxbzfvqVz9rljmFQ5NrJxVpqfXQbMGn",
            "webhook": ""
          },
          "numbers": {
            "ach": [
              {
                "account": "1111222233330000",
                "account_id": "7Evm1Eb1mJFexdGwr389Sk8lk4dWgAigoqnQw",
                "routing": "011401533",
                "wire_routing": "021000021"
              }
            ],
            "eft": []
          },
          "request_id": "bVlMNTHl9H2Z7Wp"
        }
    http_version: 
  recorded_at: Wed, 17 Oct 2018 18:46:56 GMT
- request:
    method: post
    uri: https://sandbox.plaid.com/item/remove
    body:
      encoding: UTF-8
      string: '{"access_token":"access-sandbox-1dc948b3-9418-4aa6-ac64-957296a3ef0d","client_id":"PLAID_RUBY_CLIENT_ID","secret":"PLAID_RUBY_SECRET"}'
    headers:
      User-Agent:
      - Plaid Ruby v6.1.0
      Content-Type:
      - application/json
      Plaid-Version:
      - '2018-05-22'
  response:
    status:
      code: 200
      message: OK
    headers:
      server:
      - nginx
      date:
      - Wed, 17 Oct 2018 18:46:56 GMT
      content-type:
      - application/json
      content-length:
      - '74'
      connection:
      - close
      plaid-version:
      - '2018-05-22'
      vary:
      - Accept-Encoding
      strict-transport-security:
      - max-age=31536000; includeSubDomains; preload
      x-frame-options:
      - DENY
      x-content-type-options:
      - nosniff
      x-xss-protection:
      - 1; mode=block
    body:
      encoding: ASCII-8BIT
      string: |-
        {
          "removed": true,
          "request_id": "19xJnebvAPNypN6"
        }
    http_version: 
  recorded_at: Wed, 17 Oct 2018 18:46:56 GMT
recorded_with: VCR 4.0.0
