---
http_interactions:
- request:
    method: post
    uri: https://sandbox.plaid.com/item/create
    body:
      encoding: UTF-8
      string: '{"credentials":{"username":"user_good","password":"pass_good"},"institution_id":"ins_1","initial_products":["income"],"options":{},"client_id":"PLAID_RUBY_CLIENT_ID","secret":"PLAID_RUBY_SECRET"}'
    headers:
      User-Agent:
      - Plaid Ruby v7.1.0
      Content-Type:
      - application/json
      Plaid-Version:
      - '2018-05-22'
  response:
    status:
      code: 200
      message: OK
    headers:
      server:
      - nginx
      date:
      - Thu, 16 May 2019 06:53:04 GMT
      content-type:
      - application/json; charset=utf-8
      content-length:
      - '297'
      connection:
      - close
      plaid-version:
      - '2018-05-22'
      vary:
      - Accept-Encoding
      strict-transport-security:
      - max-age=31536000; includeSubDomains; preload
      x-frame-options:
      - DENY
      x-content-type-options:
      - nosniff
      x-xss-protection:
      - 1; mode=block
    body:
      encoding: ASCII-8BIT
      string: |-
        {
          "access_token": "access-sandbox-9d18216b-5feb-43f2-895b-6be102ed439c",
          "item": {
            "available_products": [
              "assets",
              "auth",
              "balance",
              "credit_details",
              "identity",
              "transactions"
            ],
            "billed_products": [
              "income"
            ],
            "error": null,
            "institution_id": "ins_1",
            "item_id": "3AXK8MBDD5trgo1X79EwCE8xdWjXgEuqxL4Vv",
            "webhook": ""
          },
          "request_id": "wwaDaX97DgSKsQu"
        }
    http_version: 
  recorded_at: Thu, 16 May 2019 06:53:04 GMT
- request:
    method: post
    uri: https://sandbox.plaid.com/income/get
    body:
      encoding: UTF-8
      string: '{"access_token":"access-sandbox-9d18216b-5feb-43f2-895b-6be102ed439c","client_id":"PLAID_RUBY_CLIENT_ID","secret":"PLAID_RUBY_SECRET"}'
    headers:
      User-Agent:
      - Plaid Ruby v7.1.0
      Content-Type:
      - application/json
      Plaid-Version:
      - '2018-05-22'
  response:
    status:
      code: 400
      message: Bad Request
    headers:
      server:
      - nginx
      date:
      - Thu, 16 May 2019 06:53:05 GMT
      content-type:
      - application/json; charset=utf-8
      content-length:
      - '213'
      connection:
      - close
      plaid-version:
      - '2018-05-22'
      vary:
      - Accept-Encoding
    body:
      encoding: ASCII-8BIT
      string: |-
        {
          "display_message": null,
          "error_code": "PRODUCT_NOT_READY",
          "error_message": "the requested product is not yet ready. please provide a webhook or try the request again later",
          "error_type": "ITEM_ERROR",
          "request_id": "oLOqmJQwXXVGsEx",
          "suggested_action": null
        }
    http_version: 
  recorded_at: Thu, 16 May 2019 06:53:05 GMT
- request:
    method: post
    uri: https://sandbox.plaid.com/item/remove
    body:
      encoding: UTF-8
      string: '{"access_token":"access-sandbox-9d18216b-5feb-43f2-895b-6be102ed439c","client_id":"PLAID_RUBY_CLIENT_ID","secret":"PLAID_RUBY_SECRET"}'
    headers:
      User-Agent:
      - Plaid Ruby v7.1.0
      Content-Type:
      - application/json
      Plaid-Version:
      - '2018-05-22'
  response:
    status:
      code: 200
      message: OK
    headers:
      server:
      - nginx
      date:
      - Thu, 16 May 2019 06:53:06 GMT
      content-type:
      - application/json; charset=utf-8
      content-length:
      - '74'
      connection:
      - close
      plaid-version:
      - '2018-05-22'
      vary:
      - Accept-Encoding
      strict-transport-security:
      - max-age=31536000; includeSubDomains; preload
      x-frame-options:
      - DENY
      x-content-type-options:
      - nosniff
      x-xss-protection:
      - 1; mode=block
    body:
      encoding: ASCII-8BIT
      string: |-
        {
          "removed": true,
          "request_id": "2GrAyToOk2BSRBx"
        }
    http_version: 
  recorded_at: Thu, 16 May 2019 06:53:06 GMT
- request:
    method: post
    uri: https://sandbox.plaid.com/sandbox/public_token/create
    body:
      encoding: UTF-8
      string: '{"institution_id":"ins_1","initial_products":["income"],"options":{},"public_key":null}'
    headers:
      User-Agent:
      - Plaid Ruby v7.1.0
      Content-Type:
      - application/json
      Plaid-Version:
      - '2019-05-29'
  response:
    status:
      code: 400
      message: Bad Request
    headers:
      server:
      - nginx
      date:
      - Wed, 19 Jun 2019 17:35:10 GMT
      content-type:
      - application/json; charset=utf-8
      content-length:
      - '196'
      connection:
      - close
      vary:
      - Accept-Encoding
    body:
      encoding: ASCII-8BIT
      string: |-
        {
          "display_message": null,
          "error_code": "INVALID_FIELD",
          "error_message": "public_key must be a properly formatted, non-empty string",
          "error_type": "INVALID_REQUEST",
          "request_id": "N7TRjp3auc6zZoQ",
          "suggested_action": null
        }
    http_version: 
  recorded_at: Wed, 19 Jun 2019 17:35:10 GMT
- request:
    method: post
    uri: https://sandbox.plaid.com/sandbox/public_token/create
    body:
      encoding: UTF-8
      string: '{"institution_id":"ins_1","initial_products":["income"],"options":{},"public_key":"PLAID_RUBY_PUBLIC_KEY"}'
    headers:
      User-Agent:
      - Plaid Ruby v7.1.0
      Content-Type:
      - application/json
      Plaid-Version:
      - '2019-05-29'
  response:
    status:
      code: 400
      message: Bad Request
    headers:
      server:
      - nginx
      date:
      - Wed, 19 Jun 2019 17:40:48 GMT
      content-type:
      - application/json; charset=utf-8
      content-length:
      - '195'
      connection:
      - close
      vary:
      - Accept-Encoding
    body:
      encoding: ASCII-8BIT
      string: |-
        {
          "display_message": null,
          "error_code": "INVALID_FIELD",
          "error_message": "public_key must be a properly formatted, non-empty string",
          "error_type": "INVALID_REQUEST",
          "request_id": "dPCNLj8C2Pv2PaI",
          "suggested_action": null
        }
    http_version: 
  recorded_at: Wed, 19 Jun 2019 17:40:48 GMT
- request:
    method: post
    uri: https://sandbox.plaid.com/item/public_token/exchange
    body:
      encoding: UTF-8
      string: '{"public_token":"public-sandbox-91421bf2-f375-4259-b0f6-e0ae6a8bcd38","client_id":"PLAID_RUBY_CLIENT_ID","secret":"4718457c95d8d2d42518cfd3607c78"}'
    headers:
      User-Agent:
      - Plaid Ruby v7.1.0
      Content-Type:
      - application/json
      Plaid-Version:
      - '2019-05-29'
  response:
    status:
      code: 400
      message: Bad Request
    headers:
      server:
      - nginx
      date:
      - Wed, 19 Jun 2019 17:43:15 GMT
      content-type:
      - application/json; charset=utf-8
      content-length:
      - '179'
      connection:
      - close
      vary:
      - Accept-Encoding
    body:
      encoding: ASCII-8BIT
      string: |-
        {
          "display_message": null,
          "error_code": "INVALID_API_KEYS",
          "error_message": "invalid client_id or secret provided",
          "error_type": "INVALID_INPUT",
          "request_id": "IYv9fFAQi5Pn0S2",
          "suggested_action": null
        }
    http_version: 
  recorded_at: Wed, 19 Jun 2019 17:43:15 GMT
- request:
    method: post
    uri: https://sandbox.plaid.com/item/public_token/exchange
    body:
      encoding: UTF-8
      string: '{"public_token":"public-sandbox-c5ad4ac0-fa3b-40d4-9b4a-d6488f3558cb","client_id":"PLAID_RUBY_CLIENT_ID","secret":"PLAID_RUBY_SECRET"}'
    headers:
      User-Agent:
      - Plaid Ruby v7.1.0
      Content-Type:
      - application/json
      Plaid-Version:
      - '2019-05-29'
  response:
    status:
      code: 200
      message: OK
    headers:
      server:
      - nginx
      date:
      - Wed, 19 Jun 2019 17:48:20 GMT
      content-type:
      - application/json; charset=utf-8
      content-length:
      - '169'
      connection:
      - close
      plaid-version:
      - '2019-05-29'
      vary:
      - Accept-Encoding
      strict-transport-security:
      - max-age=31536000; includeSubDomains; preload
      x-frame-options:
      - DENY
      x-content-type-options:
      - nosniff
      x-xss-protection:
      - 1; mode=block
    body:
      encoding: ASCII-8BIT
      string: |-
        {
          "access_token": "access-sandbox-37a6ecd3-787b-4245-b92f-55be1b937e5d",
          "item_id": "edd6wyRLVLtwNPPEPjM8uGpZmrmArjULwqWpJ",
          "request_id": "1Yiu0ZNAJNGSCb6"
        }
    http_version: 
  recorded_at: Wed, 19 Jun 2019 17:48:20 GMT
- request:
    method: post
    uri: https://sandbox.plaid.com/item/get
    body:
      encoding: UTF-8
      string: '{"access_token":"access-sandbox-37a6ecd3-787b-4245-b92f-55be1b937e5d","client_id":"PLAID_RUBY_CLIENT_ID","secret":"PLAID_RUBY_SECRET"}'
    headers:
      User-Agent:
      - Plaid Ruby v7.1.0
      Content-Type:
      - application/json
      Plaid-Version:
      - '2019-05-29'
  response:
    status:
      code: 200
      message: OK
    headers:
      server:
      - nginx
      date:
      - Wed, 19 Jun 2019 17:48:20 GMT
      content-type:
      - application/json; charset=utf-8
      content-length:
      - '262'
      connection:
      - close
      plaid-version:
      - '2019-05-29'
      vary:
      - Accept-Encoding
      strict-transport-security:
      - max-age=31536000; includeSubDomains; preload
      x-frame-options:
      - DENY
      x-content-type-options:
      - nosniff
      x-xss-protection:
      - 1; mode=block
    body:
      encoding: ASCII-8BIT
      string: |-
        {
          "item": {
            "available_products": [
              "assets",
              "auth",
              "balance",
              "credit_details",
              "identity",
              "transactions"
            ],
            "billed_products": [
              "income"
            ],
            "error": null,
            "institution_id": "ins_1",
            "item_id": "edd6wyRLVLtwNPPEPjM8uGpZmrmArjULwqWpJ",
            "webhook": ""
          },
          "request_id": "iwpoU9D2RYzkiJr",
          "status": {
            "last_webhook": null
          }
        }
    http_version: 
  recorded_at: Wed, 19 Jun 2019 17:48:20 GMT
- request:
    method: post
    uri: https://sandbox.plaid.com/income/get
    body:
      encoding: UTF-8
      string: '{"access_token":"access-sandbox-37a6ecd3-787b-4245-b92f-55be1b937e5d","client_id":"PLAID_RUBY_CLIENT_ID","secret":"PLAID_RUBY_SECRET"}'
    headers:
      User-Agent:
      - Plaid Ruby v7.1.0
      Content-Type:
      - application/json
      Plaid-Version:
      - '2019-05-29'
  response:
    status:
      code: 400
      message: Bad Request
    headers:
      server:
      - nginx
      date:
      - Wed, 19 Jun 2019 17:48:21 GMT
      content-type:
      - application/json; charset=utf-8
      content-length:
      - '213'
      connection:
      - close
      plaid-version:
      - '2019-05-29'
      vary:
      - Accept-Encoding
    body:
      encoding: ASCII-8BIT
      string: |-
        {
          "display_message": null,
          "error_code": "PRODUCT_NOT_READY",
          "error_message": "the requested product is not yet ready. please provide a webhook or try the request again later",
          "error_type": "ITEM_ERROR",
          "request_id": "3jixQaoxSrZ6sgj",
          "suggested_action": null
        }
    http_version: 
  recorded_at: Wed, 19 Jun 2019 17:48:21 GMT
- request:
    method: post
    uri: https://sandbox.plaid.com/item/remove
    body:
      encoding: UTF-8
      string: '{"access_token":"access-sandbox-37a6ecd3-787b-4245-b92f-55be1b937e5d","client_id":"PLAID_RUBY_CLIENT_ID","secret":"PLAID_RUBY_SECRET"}'
    headers:
      User-Agent:
      - Plaid Ruby v7.1.0
      Content-Type:
      - application/json
      Plaid-Version:
      - '2019-05-29'
  response:
    status:
      code: 200
      message: OK
    headers:
      server:
      - nginx
      date:
      - Wed, 19 Jun 2019 17:48:21 GMT
      content-type:
      - application/json; charset=utf-8
      content-length:
      - '74'
      connection:
      - close
      plaid-version:
      - '2019-05-29'
      vary:
      - Accept-Encoding
      strict-transport-security:
      - max-age=31536000; includeSubDomains; preload
      x-frame-options:
      - DENY
      x-content-type-options:
      - nosniff
      x-xss-protection:
      - 1; mode=block
    body:
      encoding: ASCII-8BIT
      string: |-
        {
          "removed": true,
          "request_id": "cEY2UxES2BGlV7O"
        }
    http_version: 
  recorded_at: Wed, 19 Jun 2019 17:48:21 GMT
- request:
    method: post
    uri: https://sandbox.plaid.com/item/public_token/exchange
    body:
      encoding: UTF-8
      string: '{"public_token":"public-sandbox-0d1a864e-0b9a-44ed-aa5d-fa086318c619","client_id":"PLAID_RUBY_CLIENT_ID","secret":"PLAID_RUBY_SECRET"}'
    headers:
      User-Agent:
      - Plaid Ruby v7.1.0
      Content-Type:
      - application/json
      Plaid-Version:
      - '2019-05-29'
  response:
    status:
      code: 200
      message: OK
    headers:
      server:
      - nginx
      date:
      - Wed, 19 Jun 2019 17:52:43 GMT
      content-type:
      - application/json; charset=utf-8
      content-length:
      - '167'
      connection:
      - close
      plaid-version:
      - '2019-05-29'
      vary:
      - Accept-Encoding
      strict-transport-security:
      - max-age=31536000; includeSubDomains; preload
      x-frame-options:
      - DENY
      x-content-type-options:
      - nosniff
      x-xss-protection:
      - 1; mode=block
    body:
      encoding: ASCII-8BIT
      string: |-
        {
          "access_token": "access-sandbox-e4a6f8cb-9aa3-4752-b793-67b0c4e57464",
          "item_id": "Q41Ek81dqAuBRLggMK9Eiaq6BPNDzPfpoMyAZ",
          "request_id": "z61fyk6RwdLy2wa"
        }
    http_version: 
  recorded_at: Wed, 19 Jun 2019 17:52:43 GMT
- request:
    method: post
    uri: https://sandbox.plaid.com/item/get
    body:
      encoding: UTF-8
      string: '{"access_token":"access-sandbox-e4a6f8cb-9aa3-4752-b793-67b0c4e57464","client_id":"PLAID_RUBY_CLIENT_ID","secret":"PLAID_RUBY_SECRET"}'
    headers:
      User-Agent:
      - Plaid Ruby v7.1.0
      Content-Type:
      - application/json
      Plaid-Version:
      - '2019-05-29'
  response:
    status:
      code: 200
      message: OK
    headers:
      server:
      - nginx
      date:
      - Wed, 19 Jun 2019 17:52:43 GMT
      content-type:
      - application/json; charset=utf-8
      content-length:
      - '261'
      connection:
      - close
      plaid-version:
      - '2019-05-29'
      vary:
      - Accept-Encoding
      strict-transport-security:
      - max-age=31536000; includeSubDomains; preload
      x-frame-options:
      - DENY
      x-content-type-options:
      - nosniff
      x-xss-protection:
      - 1; mode=block
    body:
      encoding: ASCII-8BIT
      string: |-
        {
          "item": {
            "available_products": [
              "assets",
              "auth",
              "balance",
              "credit_details",
              "identity",
              "transactions"
            ],
            "billed_products": [
              "income"
            ],
            "error": null,
            "institution_id": "ins_1",
            "item_id": "Q41Ek81dqAuBRLggMK9Eiaq6BPNDzPfpoMyAZ",
            "webhook": ""
          },
          "request_id": "lJkCf49t4cIcig8",
          "status": {
            "last_webhook": null
          }
        }
    http_version: 
  recorded_at: Wed, 19 Jun 2019 17:52:43 GMT
- request:
    method: post
    uri: https://sandbox.plaid.com/income/get
    body:
      encoding: UTF-8
      string: '{"access_token":"access-sandbox-e4a6f8cb-9aa3-4752-b793-67b0c4e57464","client_id":"PLAID_RUBY_CLIENT_ID","secret":"PLAID_RUBY_SECRET"}'
    headers:
      User-Agent:
      - Plaid Ruby v7.1.0
      Content-Type:
      - application/json
      Plaid-Version:
      - '2019-05-29'
  response:
    status:
      code: 400
      message: Bad Request
    headers:
      server:
      - nginx
      date:
      - Wed, 19 Jun 2019 17:52:43 GMT
      content-type:
      - application/json; charset=utf-8
      content-length:
      - '212'
      connection:
      - close
      plaid-version:
      - '2019-05-29'
      vary:
      - Accept-Encoding
    body:
      encoding: ASCII-8BIT
      string: |-
        {
          "display_message": null,
          "error_code": "PRODUCT_NOT_READY",
          "error_message": "the requested product is not yet ready. please provide a webhook or try the request again later",
          "error_type": "ITEM_ERROR",
          "request_id": "OLThFqrlkFLz9iE",
          "suggested_action": null
        }
    http_version: 
  recorded_at: Wed, 19 Jun 2019 17:52:44 GMT
- request:
    method: post
    uri: https://sandbox.plaid.com/item/remove
    body:
      encoding: UTF-8
      string: '{"access_token":"access-sandbox-e4a6f8cb-9aa3-4752-b793-67b0c4e57464","client_id":"PLAID_RUBY_CLIENT_ID","secret":"PLAID_RUBY_SECRET"}'
    headers:
      User-Agent:
      - Plaid Ruby v7.1.0
      Content-Type:
      - application/json
      Plaid-Version:
      - '2019-05-29'
  response:
    status:
      code: 200
      message: OK
    headers:
      server:
      - nginx
      date:
      - Wed, 19 Jun 2019 17:52:44 GMT
      content-type:
      - application/json; charset=utf-8
      content-length:
      - '74'
      connection:
      - close
      plaid-version:
      - '2019-05-29'
      vary:
      - Accept-Encoding
      strict-transport-security:
      - max-age=31536000; includeSubDomains; preload
      x-frame-options:
      - DENY
      x-content-type-options:
      - nosniff
      x-xss-protection:
      - 1; mode=block
    body:
      encoding: ASCII-8BIT
      string: |-
        {
          "removed": true,
          "request_id": "hl4SrO2VW2p4RmT"
        }
    http_version: 
  recorded_at: Wed, 19 Jun 2019 17:52:44 GMT
- request:
    method: post
    uri: https://sandbox.plaid.com/item/public_token/exchange
    body:
      encoding: UTF-8
      string: '{"public_token":"public-sandbox-73b119b3-7057-4df4-aee1-853ee4f5b6fd","client_id":"PLAID_RUBY_CLIENT_ID","secret":"PLAID_RUBY_SECRET"}'
    headers:
      User-Agent:
      - Plaid Ruby v7.1.0
      Content-Type:
      - application/json
      Plaid-Version:
      - '2019-05-29'
  response:
    status:
      code: 200
      message: OK
    headers:
      server:
      - nginx
      date:
      - Wed, 19 Jun 2019 17:58:04 GMT
      content-type:
      - application/json; charset=utf-8
      content-length:
      - '169'
      connection:
      - close
      plaid-version:
      - '2019-05-29'
      vary:
      - Accept-Encoding
      strict-transport-security:
      - max-age=31536000; includeSubDomains; preload
      x-frame-options:
      - DENY
      x-content-type-options:
      - nosniff
      x-xss-protection:
      - 1; mode=block
    body:
      encoding: ASCII-8BIT
      string: |-
        {
          "access_token": "access-sandbox-bca783f9-8dc7-4e5b-a659-108695f47f6a",
          "item_id": "rMmZavw3l9FK3weLmGoKiPADVWljLLul4RldK",
          "request_id": "i1S7QgcT5RgXe1x"
        }
    http_version: 
  recorded_at: Wed, 19 Jun 2019 17:58:04 GMT
- request:
    method: post
    uri: https://sandbox.plaid.com/item/get
    body:
      encoding: UTF-8
      string: '{"access_token":"access-sandbox-bca783f9-8dc7-4e5b-a659-108695f47f6a","client_id":"PLAID_RUBY_CLIENT_ID","secret":"PLAID_RUBY_SECRET"}'
    headers:
      User-Agent:
      - Plaid Ruby v7.1.0
      Content-Type:
      - application/json
      Plaid-Version:
      - '2019-05-29'
  response:
    status:
      code: 200
      message: OK
    headers:
      server:
      - nginx
      date:
      - Wed, 19 Jun 2019 17:58:04 GMT
      content-type:
      - application/json; charset=utf-8
      content-length:
      - '260'
      connection:
      - close
      plaid-version:
      - '2019-05-29'
      vary:
      - Accept-Encoding
      strict-transport-security:
      - max-age=31536000; includeSubDomains; preload
      x-frame-options:
      - DENY
      x-content-type-options:
      - nosniff
      x-xss-protection:
      - 1; mode=block
    body:
      encoding: ASCII-8BIT
      string: |-
        {
          "item": {
            "available_products": [
              "assets",
              "auth",
              "balance",
              "credit_details",
              "identity",
              "transactions"
            ],
            "billed_products": [
              "income"
            ],
            "error": null,
            "institution_id": "ins_1",
            "item_id": "rMmZavw3l9FK3weLmGoKiPADVWljLLul4RldK",
            "webhook": ""
          },
          "request_id": "OFexEk3JIdcY1QF",
          "status": {
            "last_webhook": null
          }
        }
    http_version: 
  recorded_at: Wed, 19 Jun 2019 17:58:04 GMT
- request:
    method: post
    uri: https://sandbox.plaid.com/income/get
    body:
      encoding: UTF-8
      string: '{"access_token":"access-sandbox-bca783f9-8dc7-4e5b-a659-108695f47f6a","client_id":"PLAID_RUBY_CLIENT_ID","secret":"PLAID_RUBY_SECRET"}'
    headers:
      User-Agent:
      - Plaid Ruby v7.1.0
      Content-Type:
      - application/json
      Plaid-Version:
      - '2019-05-29'
  response:
    status:
      code: 400
      message: Bad Request
    headers:
      server:
      - nginx
      date:
      - Wed, 19 Jun 2019 17:58:04 GMT
      content-type:
      - application/json; charset=utf-8
      content-length:
      - '212'
      connection:
      - close
      plaid-version:
      - '2019-05-29'
      vary:
      - Accept-Encoding
    body:
      encoding: ASCII-8BIT
      string: |-
        {
          "display_message": null,
          "error_code": "PRODUCT_NOT_READY",
          "error_message": "the requested product is not yet ready. please provide a webhook or try the request again later",
          "error_type": "ITEM_ERROR",
          "request_id": "bSRL2hjtvnPlyTO",
          "suggested_action": null
        }
    http_version: 
  recorded_at: Wed, 19 Jun 2019 17:58:04 GMT
- request:
    method: post
    uri: https://sandbox.plaid.com/item/remove
    body:
      encoding: UTF-8
      string: '{"access_token":"access-sandbox-bca783f9-8dc7-4e5b-a659-108695f47f6a","client_id":"PLAID_RUBY_CLIENT_ID","secret":"PLAID_RUBY_SECRET"}'
    headers:
      User-Agent:
      - Plaid Ruby v7.1.0
      Content-Type:
      - application/json
      Plaid-Version:
      - '2019-05-29'
  response:
    status:
      code: 200
      message: OK
    headers:
      server:
      - nginx
      date:
      - Wed, 19 Jun 2019 17:58:05 GMT
      content-type:
      - application/json; charset=utf-8
      content-length:
      - '74'
      connection:
      - close
      plaid-version:
      - '2019-05-29'
      vary:
      - Accept-Encoding
      strict-transport-security:
      - max-age=31536000; includeSubDomains; preload
      x-frame-options:
      - DENY
      x-content-type-options:
      - nosniff
      x-xss-protection:
      - 1; mode=block
    body:
      encoding: ASCII-8BIT
      string: |-
        {
          "removed": true,
          "request_id": "CNEcbOUuO01tnlo"
        }
    http_version: 
  recorded_at: Wed, 19 Jun 2019 17:58:05 GMT
- request:
    method: post
    uri: https://sandbox.plaid.com/sandbox/public_token/create
    body:
      encoding: UTF-8
      string: '{"institution_id":"ins_1","initial_products":["income"],"options":{},"public_key":"PLAID_RUBY_PUBLIC_KEY"}'
    headers:
      User-Agent:
      - Plaid Ruby v7.1.0
      Content-Type:
      - application/json
      Plaid-Version:
      - '2019-05-29'
  response:
    status:
      code: 200
      message: OK
    headers:
      server:
      - nginx
      date:
      - Wed, 19 Jun 2019 18:07:44 GMT
      content-type:
      - application/json; charset=utf-8
      content-length:
      - '124'
      connection:
      - close
      vary:
      - Accept-Encoding
      strict-transport-security:
      - max-age=31536000; includeSubDomains; preload
      x-frame-options:
      - DENY
      x-content-type-options:
      - nosniff
      x-xss-protection:
      - 1; mode=block
    body:
      encoding: ASCII-8BIT
      string: |-
        {
          "public_token": "public-sandbox-9c4f7263-d3aa-4146-bb08-e6ecde9a567f",
          "request_id": "O8d3XuStMQc9ASD"
        }
    http_version: 
  recorded_at: Wed, 19 Jun 2019 18:07:44 GMT
- request:
    method: post
    uri: https://sandbox.plaid.com/item/public_token/exchange
    body:
      encoding: UTF-8
      string: '{"public_token":"public-sandbox-9c4f7263-d3aa-4146-bb08-e6ecde9a567f","client_id":"PLAID_RUBY_CLIENT_ID","secret":"PLAID_RUBY_SECRET"}'
    headers:
      User-Agent:
      - Plaid Ruby v7.1.0
      Content-Type:
      - application/json
      Plaid-Version:
      - '2019-05-29'
  response:
    status:
      code: 200
      message: OK
    headers:
      server:
      - nginx
      date:
      - Wed, 19 Jun 2019 18:07:45 GMT
      content-type:
      - application/json; charset=utf-8
      content-length:
      - '169'
      connection:
      - close
      plaid-version:
      - '2019-05-29'
      vary:
      - Accept-Encoding
      strict-transport-security:
      - max-age=31536000; includeSubDomains; preload
      x-frame-options:
      - DENY
      x-content-type-options:
      - nosniff
      x-xss-protection:
      - 1; mode=block
    body:
      encoding: ASCII-8BIT
      string: |-
        {
          "access_token": "access-sandbox-65d0b7fc-522a-4f34-be65-0f2de064b69e",
          "item_id": "8kgVNx73DLFWxbDRJMKJCk1blRwVreCwajkJw",
          "request_id": "pk6lNZwb1HTsNAg"
        }
    http_version: 
  recorded_at: Wed, 19 Jun 2019 18:07:45 GMT
- request:
    method: post
    uri: https://sandbox.plaid.com/item/get
    body:
      encoding: UTF-8
      string: '{"access_token":"access-sandbox-65d0b7fc-522a-4f34-be65-0f2de064b69e","client_id":"PLAID_RUBY_CLIENT_ID","secret":"PLAID_RUBY_SECRET"}'
    headers:
      User-Agent:
      - Plaid Ruby v7.1.0
      Content-Type:
      - application/json
      Plaid-Version:
      - '2019-05-29'
  response:
    status:
      code: 200
      message: OK
    headers:
      server:
      - nginx
      date:
      - Wed, 19 Jun 2019 18:07:45 GMT
      content-type:
      - application/json; charset=utf-8
      content-length:
      - '262'
      connection:
      - close
      plaid-version:
      - '2019-05-29'
      vary:
      - Accept-Encoding
      strict-transport-security:
      - max-age=31536000; includeSubDomains; preload
      x-frame-options:
      - DENY
      x-content-type-options:
      - nosniff
      x-xss-protection:
      - 1; mode=block
    body:
      encoding: ASCII-8BIT
      string: |-
        {
          "item": {
            "available_products": [
              "assets",
              "auth",
              "balance",
              "credit_details",
              "identity",
              "transactions"
            ],
            "billed_products": [
              "income"
            ],
            "error": null,
            "institution_id": "ins_1",
            "item_id": "8kgVNx73DLFWxbDRJMKJCk1blRwVreCwajkJw",
            "webhook": ""
          },
          "request_id": "QeNWC8quaDRW3Fs",
          "status": {
            "last_webhook": null
          }
        }
    http_version: 
  recorded_at: Wed, 19 Jun 2019 18:07:45 GMT
- request:
    method: post
    uri: https://sandbox.plaid.com/income/get
    body:
      encoding: UTF-8
      string: '{"access_token":"access-sandbox-65d0b7fc-522a-4f34-be65-0f2de064b69e","client_id":"PLAID_RUBY_CLIENT_ID","secret":"PLAID_RUBY_SECRET"}'
    headers:
      User-Agent:
      - Plaid Ruby v7.1.0
      Content-Type:
      - application/json
      Plaid-Version:
      - '2019-05-29'
  response:
    status:
      code: 400
      message: Bad Request
    headers:
      server:
      - nginx
      date:
      - Wed, 19 Jun 2019 18:07:46 GMT
      content-type:
      - application/json; charset=utf-8
      content-length:
      - '212'
      connection:
      - close
      plaid-version:
      - '2019-05-29'
      vary:
      - Accept-Encoding
    body:
      encoding: ASCII-8BIT
      string: |-
        {
          "display_message": null,
          "error_code": "PRODUCT_NOT_READY",
          "error_message": "the requested product is not yet ready. please provide a webhook or try the request again later",
          "error_type": "ITEM_ERROR",
          "request_id": "K28DcocdSg0ehKW",
          "suggested_action": null
        }
    http_version: 
  recorded_at: Wed, 19 Jun 2019 18:07:46 GMT
- request:
    method: post
    uri: https://sandbox.plaid.com/item/remove
    body:
      encoding: UTF-8
      string: '{"access_token":"access-sandbox-65d0b7fc-522a-4f34-be65-0f2de064b69e","client_id":"PLAID_RUBY_CLIENT_ID","secret":"PLAID_RUBY_SECRET"}'
    headers:
      User-Agent:
      - Plaid Ruby v7.1.0
      Content-Type:
      - application/json
      Plaid-Version:
      - '2019-05-29'
  response:
    status:
      code: 200
      message: OK
    headers:
      server:
      - nginx
      date:
      - Wed, 19 Jun 2019 18:07:46 GMT
      content-type:
      - application/json; charset=utf-8
      content-length:
      - '74'
      connection:
      - close
      plaid-version:
      - '2019-05-29'
      vary:
      - Accept-Encoding
      strict-transport-security:
      - max-age=31536000; includeSubDomains; preload
      x-frame-options:
      - DENY
      x-content-type-options:
      - nosniff
      x-xss-protection:
      - 1; mode=block
    body:
      encoding: ASCII-8BIT
      string: |-
        {
          "removed": true,
          "request_id": "UNtByWJItRAQlwI"
        }
    http_version: 
  recorded_at: Wed, 19 Jun 2019 18:07:46 GMT
- request:
    method: post
    uri: https://sandbox.plaid.com/sandbox/public_token/create
    body:
      encoding: UTF-8
      string: '{"institution_id":"ins_1","initial_products":["income"],"options":{},"public_key":"5cbfbd8ca018fb3f318df84d5ab6fe"}'
    headers:
      User-Agent:
      - Plaid Ruby v7.1.0
      Content-Type:
      - application/json
      Plaid-Version:
      - '2019-05-29'
  response:
    status:
      code: 200
      message: OK
    headers:
      server:
      - nginx
      date:
      - Wed, 19 Jun 2019 19:48:46 GMT
      content-type:
      - application/json; charset=utf-8
      content-length:
      - '124'
      connection:
      - close
      vary:
      - Accept-Encoding
      strict-transport-security:
      - max-age=31536000; includeSubDomains; preload
      x-frame-options:
      - DENY
      x-content-type-options:
      - nosniff
      x-xss-protection:
      - 1; mode=block
    body:
      encoding: ASCII-8BIT
      string: |-
        {
          "public_token": "public-sandbox-0eb6f047-4cf8-4f7f-b1f4-f415eee339ef",
          "request_id": "HaRcb4ul6YEiHah"
        }
    http_version: 
  recorded_at: Wed, 19 Jun 2019 19:48:46 GMT
- request:
    method: post
    uri: https://sandbox.plaid.com/item/public_token/exchange
    body:
      encoding: UTF-8
      string: '{"public_token":"public-sandbox-0eb6f047-4cf8-4f7f-b1f4-f415eee339ef","client_id":"58b9a231bdc6a453f37c338f","secret":"e60cac68bf07eba47e819b9ac45e01"}'
    headers:
      User-Agent:
      - Plaid Ruby v7.1.0
      Content-Type:
      - application/json
      Plaid-Version:
      - '2019-05-29'
  response:
    status:
      code: 200
      message: OK
    headers:
      server:
      - nginx
      date:
      - Wed, 19 Jun 2019 19:48:47 GMT
      content-type:
      - application/json; charset=utf-8
      content-length:
      - '166'
      connection:
      - close
      plaid-version:
      - '2019-05-29'
      vary:
      - Accept-Encoding
      strict-transport-security:
      - max-age=31536000; includeSubDomains; preload
      x-frame-options:
      - DENY
      x-content-type-options:
      - nosniff
      x-xss-protection:
      - 1; mode=block
    body:
      encoding: ASCII-8BIT
      string: |-
        {
          "access_token": "access-sandbox-2e3ee0d0-056b-4b39-aabb-c9c31497dd62",
          "item_id": "4LDer6wLmaiJ1nePK4zRCPKJ19dAPMtd55aA9",
          "request_id": "hVDeTpsjgi6AF1X"
        }
    http_version: 
  recorded_at: Wed, 19 Jun 2019 19:48:47 GMT
- request:
    method: post
    uri: https://sandbox.plaid.com/item/get
    body:
      encoding: UTF-8
      string: '{"access_token":"access-sandbox-2e3ee0d0-056b-4b39-aabb-c9c31497dd62","client_id":"58b9a231bdc6a453f37c338f","secret":"e60cac68bf07eba47e819b9ac45e01"}'
    headers:
      User-Agent:
      - Plaid Ruby v7.1.0
      Content-Type:
      - application/json
      Plaid-Version:
      - '2019-05-29'
  response:
    status:
      code: 200
      message: OK
    headers:
      server:
      - nginx
      date:
      - Wed, 19 Jun 2019 19:48:47 GMT
      content-type:
      - application/json; charset=utf-8
      content-length:
      - '261'
      connection:
      - close
      plaid-version:
      - '2019-05-29'
      vary:
      - Accept-Encoding
      strict-transport-security:
      - max-age=31536000; includeSubDomains; preload
      x-frame-options:
      - DENY
      x-content-type-options:
      - nosniff
      x-xss-protection:
      - 1; mode=block
    body:
      encoding: ASCII-8BIT
      string: |-
        {
          "item": {
            "available_products": [
              "assets",
              "auth",
              "balance",
              "credit_details",
              "identity",
              "transactions"
            ],
            "billed_products": [
              "income"
            ],
            "error": null,
            "institution_id": "ins_1",
            "item_id": "4LDer6wLmaiJ1nePK4zRCPKJ19dAPMtd55aA9",
            "webhook": ""
          },
          "request_id": "VRGpX47Oy6NMdXc",
          "status": {
            "last_webhook": null
          }
        }
    http_version: 
  recorded_at: Wed, 19 Jun 2019 19:48:47 GMT
- request:
    method: post
    uri: https://sandbox.plaid.com/income/get
    body:
      encoding: UTF-8
      string: '{"access_token":"access-sandbox-2e3ee0d0-056b-4b39-aabb-c9c31497dd62","client_id":"58b9a231bdc6a453f37c338f","secret":"e60cac68bf07eba47e819b9ac45e01"}'
    headers:
      User-Agent:
      - Plaid Ruby v7.1.0
      Content-Type:
      - application/json
      Plaid-Version:
      - '2019-05-29'
  response:
    status:
      code: 400
      message: Bad Request
    headers:
      server:
      - nginx
      date:
      - Wed, 19 Jun 2019 19:48:47 GMT
      content-type:
      - application/json; charset=utf-8
      content-length:
      - '213'
      connection:
      - close
      plaid-version:
      - '2019-05-29'
      vary:
      - Accept-Encoding
    body:
      encoding: ASCII-8BIT
      string: |-
        {
          "display_message": null,
          "error_code": "PRODUCT_NOT_READY",
          "error_message": "the requested product is not yet ready. please provide a webhook or try the request again later",
          "error_type": "ITEM_ERROR",
          "request_id": "mFOsH6jA6YmNSQO",
          "suggested_action": null
        }
    http_version: 
  recorded_at: Wed, 19 Jun 2019 19:48:47 GMT
- request:
    method: post
    uri: https://sandbox.plaid.com/item/remove
    body:
      encoding: UTF-8
      string: '{"access_token":"access-sandbox-2e3ee0d0-056b-4b39-aabb-c9c31497dd62","client_id":"58b9a231bdc6a453f37c338f","secret":"e60cac68bf07eba47e819b9ac45e01"}'
    headers:
      User-Agent:
      - Plaid Ruby v7.1.0
      Content-Type:
      - application/json
      Plaid-Version:
      - '2019-05-29'
  response:
    status:
      code: 200
      message: OK
    headers:
      server:
      - nginx
      date:
      - Wed, 19 Jun 2019 19:48:48 GMT
      content-type:
      - application/json; charset=utf-8
      content-length:
      - '74'
      connection:
      - close
      plaid-version:
      - '2019-05-29'
      vary:
      - Accept-Encoding
      strict-transport-security:
      - max-age=31536000; includeSubDomains; preload
      x-frame-options:
      - DENY
      x-content-type-options:
      - nosniff
      x-xss-protection:
      - 1; mode=block
    body:
      encoding: ASCII-8BIT
      string: |-
        {
          "removed": true,
          "request_id": "qSDJJ9Gkd630T5w"
        }
    http_version: 
  recorded_at: Wed, 19 Jun 2019 19:48:48 GMT
recorded_with: VCR 4.0.0
