---
http_interactions:
- request:
    method: post
    uri: https://sandbox.plaid.com/item/create
    body:
      encoding: UTF-8
      string: '{"credentials":{"username":"user_good","password":"pass_good"},"institution_id":"ins_109508","initial_products":["transactions"],"options":{},"client_id":"PLAID_RUBY_CLIENT_ID","secret":"PLAID_RUBY_SECRET"}'
    headers:
      User-Agent:
      - Plaid Ruby v7.1.0
      Content-Type:
      - application/json
      Plaid-Version:
      - '2019-05-29'
  response:
    status:
      code: 200
      message: OK
    headers:
      server:
      - nginx
      date:
      - Wed, 22 May 2019 19:11:14 GMT
      content-type:
      - application/json; charset=utf-8
      content-length:
      - '299'
      connection:
      - close
      plaid-version:
      - '2019-05-29'
      vary:
      - Accept-Encoding
      strict-transport-security:
      - max-age=31536000; includeSubDomains; preload
      x-frame-options:
      - DENY
      x-content-type-options:
      - nosniff
      x-xss-protection:
      - 1; mode=block
    body:
      encoding: ASCII-8BIT
      string: |-
        {
          "access_token": "access-sandbox-9d6ffd0c-bb2e-489e-a8d8-f5e187bd2573",
          "item": {
            "available_products": [
              "assets",
              "auth",
              "balance",
              "credit_details",
              "identity",
              "income"
            ],
            "billed_products": [
              "transactions"
            ],
            "error": null,
            "institution_id": "ins_109508",
            "item_id": "P1QGyBvgeBIJekNwbBNRsZPqpeGQLau7PEwGG",
            "webhook": ""
          },
          "request_id": "gt7yt17DnE8WOgz"
        }
    http_version: 
  recorded_at: Wed, 22 May 2019 19:11:14 GMT
- request:
    method: post
    uri: https://sandbox.plaid.com/item/remove
    body:
      encoding: UTF-8
      string: '{"access_token":"access-sandbox-9d6ffd0c-bb2e-489e-a8d8-f5e187bd2573","client_id":"PLAID_RUBY_CLIENT_ID","secret":"PLAID_RUBY_SECRET"}'
    headers:
      User-Agent:
      - Plaid Ruby v7.1.0
      Content-Type:
      - application/json
      Plaid-Version:
      - '2019-05-29'
  response:
    status:
      code: 200
      message: OK
    headers:
      server:
      - nginx
      date:
      - Wed, 22 May 2019 19:11:14 GMT
      content-type:
      - application/json; charset=utf-8
      content-length:
      - '74'
      connection:
      - close
      plaid-version:
      - '2019-05-29'
      vary:
      - Accept-Encoding
      strict-transport-security:
      - max-age=31536000; includeSubDomains; preload
      x-frame-options:
      - DENY
      x-content-type-options:
      - nosniff
      x-xss-protection:
      - 1; mode=block
    body:
      encoding: ASCII-8BIT
      string: |-
        {
          "removed": true,
          "request_id": "CliP2OFxVWcseOy"
        }
    http_version: 
  recorded_at: Wed, 22 May 2019 19:11:14 GMT
- request:
    method: post
    uri: https://sandbox.plaid.com/sandbox/public_token/create
    body:
      encoding: UTF-8
      string: '{"institution_id":"ins_109508","initial_products":["transactions"],"options":{},"public_key":null}'
    headers:
      User-Agent:
      - Plaid Ruby v7.1.0
      Content-Type:
      - application/json
      Plaid-Version:
      - '2019-05-29'
  response:
    status:
      code: 400
      message: Bad Request
    headers:
      server:
      - nginx
      date:
      - Wed, 19 Jun 2019 17:35:20 GMT
      content-type:
      - application/json; charset=utf-8
      content-length:
      - '195'
      connection:
      - close
      vary:
      - Accept-Encoding
    body:
      encoding: ASCII-8BIT
      string: |-
        {
          "display_message": null,
          "error_code": "INVALID_FIELD",
          "error_message": "public_key must be a properly formatted, non-empty string",
          "error_type": "INVALID_REQUEST",
          "request_id": "4AhAJbBm4Tbvv2n",
          "suggested_action": null
        }
    http_version: 
  recorded_at: Wed, 19 Jun 2019 17:35:20 GMT
- request:
    method: post
    uri: https://sandbox.plaid.com/sandbox/public_token/create
    body:
      encoding: UTF-8
      string: '{"institution_id":"ins_109508","initial_products":["transactions"],"options":{},"public_key":"PLAID_RUBY_PUBLIC_KEY"}'
    headers:
      User-Agent:
      - Plaid Ruby v7.1.0
      Content-Type:
      - application/json
      Plaid-Version:
      - '2019-05-29'
  response:
    status:
      code: 400
      message: Bad Request
    headers:
      server:
      - nginx
      date:
      - Wed, 19 Jun 2019 17:40:55 GMT
      content-type:
      - application/json; charset=utf-8
      content-length:
      - '194'
      connection:
      - close
      vary:
      - Accept-Encoding
    body:
      encoding: ASCII-8BIT
      string: |-
        {
          "display_message": null,
          "error_code": "INVALID_FIELD",
          "error_message": "public_key must be a properly formatted, non-empty string",
          "error_type": "INVALID_REQUEST",
          "request_id": "LytKp6TSWyleZgk",
          "suggested_action": null
        }
    http_version: 
  recorded_at: Wed, 19 Jun 2019 17:40:55 GMT
- request:
    method: post
    uri: https://sandbox.plaid.com/item/public_token/exchange
    body:
      encoding: UTF-8
      string: '{"public_token":"public-sandbox-da51552a-0192-4028-85be-1eed1eedd3e4","client_id":"PLAID_RUBY_CLIENT_ID","secret":"4718457c95d8d2d42518cfd3607c78"}'
    headers:
      User-Agent:
      - Plaid Ruby v7.1.0
      Content-Type:
      - application/json
      Plaid-Version:
      - '2019-05-29'
  response:
    status:
      code: 400
      message: Bad Request
    headers:
      server:
      - nginx
      date:
      - Wed, 19 Jun 2019 17:43:01 GMT
      content-type:
      - application/json; charset=utf-8
      content-length:
      - '178'
      connection:
      - close
      vary:
      - Accept-Encoding
    body:
      encoding: ASCII-8BIT
      string: |-
        {
          "display_message": null,
          "error_code": "INVALID_API_KEYS",
          "error_message": "invalid client_id or secret provided",
          "error_type": "INVALID_INPUT",
          "request_id": "taBlYeq8mmwFKFV",
          "suggested_action": null
        }
    http_version: 
  recorded_at: Wed, 19 Jun 2019 17:43:01 GMT
- request:
    method: post
    uri: https://sandbox.plaid.com/item/public_token/exchange
    body:
      encoding: UTF-8
      string: '{"public_token":"public-sandbox-dcc2668f-48a7-4567-aefd-8126e7c0f90e","client_id":"PLAID_RUBY_CLIENT_ID","secret":"PLAID_RUBY_SECRET"}'
    headers:
      User-Agent:
      - Plaid Ruby v7.1.0
      Content-Type:
      - application/json
      Plaid-Version:
      - '2019-05-29'
  response:
    status:
      code: 200
      message: OK
    headers:
      server:
      - nginx
      date:
      - Wed, 19 Jun 2019 17:46:59 GMT
      content-type:
      - application/json; charset=utf-8
      content-length:
      - '169'
      connection:
      - close
      plaid-version:
      - '2019-05-29'
      vary:
      - Accept-Encoding
      strict-transport-security:
      - max-age=31536000; includeSubDomains; preload
      x-frame-options:
      - DENY
      x-content-type-options:
      - nosniff
      x-xss-protection:
      - 1; mode=block
    body:
      encoding: ASCII-8BIT
      string: |-
        {
          "access_token": "access-sandbox-2ccd9af7-132b-4660-beb8-c2c07c8e0ff1",
          "item_id": "XeBDQo5boAHdo9NDr1xXhP5X5a9P9BFdR7eG4",
          "request_id": "VivGKTUhPAL037x"
        }
    http_version: 
  recorded_at: Wed, 19 Jun 2019 17:46:59 GMT
- request:
    method: post
    uri: https://sandbox.plaid.com/item/get
    body:
      encoding: UTF-8
      string: '{"access_token":"access-sandbox-2ccd9af7-132b-4660-beb8-c2c07c8e0ff1","client_id":"PLAID_RUBY_CLIENT_ID","secret":"PLAID_RUBY_SECRET"}'
    headers:
      User-Agent:
      - Plaid Ruby v7.1.0
      Content-Type:
      - application/json
      Plaid-Version:
      - '2019-05-29'
  response:
    status:
      code: 200
      message: OK
    headers:
      server:
      - nginx
      date:
      - Wed, 19 Jun 2019 17:47:00 GMT
      content-type:
      - application/json; charset=utf-8
      content-length:
      - '295'
      connection:
      - close
      plaid-version:
      - '2019-05-29'
      vary:
      - Accept-Encoding
      strict-transport-security:
      - max-age=31536000; includeSubDomains; preload
      x-frame-options:
      - DENY
      x-content-type-options:
      - nosniff
      x-xss-protection:
      - 1; mode=block
    body:
      encoding: ASCII-8BIT
      string: |-
        {
          "item": {
            "available_products": [
              "assets",
              "auth",
              "balance",
              "credit_details",
              "identity",
              "income"
            ],
            "billed_products": [
              "transactions"
            ],
            "error": null,
            "institution_id": "ins_109508",
            "item_id": "XeBDQo5boAHdo9NDr1xXhP5X5a9P9BFdR7eG4",
            "webhook": ""
          },
          "request_id": "YXhJO2X3ZXWIVNa",
          "status": {
            "last_webhook": null,
            "transactions": {
              "last_failed_update": null,
              "last_successful_update": null
            }
          }
        }
    http_version: 
  recorded_at: Wed, 19 Jun 2019 17:47:00 GMT
- request:
    method: post
    uri: https://sandbox.plaid.com/item/remove
    body:
      encoding: UTF-8
      string: '{"access_token":"access-sandbox-2ccd9af7-132b-4660-beb8-c2c07c8e0ff1","client_id":"PLAID_RUBY_CLIENT_ID","secret":"PLAID_RUBY_SECRET"}'
    headers:
      User-Agent:
      - Plaid Ruby v7.1.0
      Content-Type:
      - application/json
      Plaid-Version:
      - '2019-05-29'
  response:
    status:
      code: 200
      message: OK
    headers:
      server:
      - nginx
      date:
      - Wed, 19 Jun 2019 17:47:00 GMT
      content-type:
      - application/json; charset=utf-8
      content-length:
      - '74'
      connection:
      - close
      plaid-version:
      - '2019-05-29'
      vary:
      - Accept-Encoding
      strict-transport-security:
      - max-age=31536000; includeSubDomains; preload
      x-frame-options:
      - DENY
      x-content-type-options:
      - nosniff
      x-xss-protection:
      - 1; mode=block
    body:
      encoding: ASCII-8BIT
      string: |-
        {
          "removed": true,
          "request_id": "CGaYQdZjwuh6V6z"
        }
    http_version: 
  recorded_at: Wed, 19 Jun 2019 17:47:00 GMT
- request:
    method: post
    uri: https://sandbox.plaid.com/item/public_token/exchange
    body:
      encoding: UTF-8
      string: '{"public_token":"public-sandbox-4993e70d-1f35-4a74-a0db-45a37f55d653","client_id":"PLAID_RUBY_CLIENT_ID","secret":"PLAID_RUBY_SECRET"}'
    headers:
      User-Agent:
      - Plaid Ruby v7.1.0
      Content-Type:
      - application/json
      Plaid-Version:
      - '2019-05-29'
  response:
    status:
      code: 200
      message: OK
    headers:
      server:
      - nginx
      date:
      - Wed, 19 Jun 2019 17:52:28 GMT
      content-type:
      - application/json; charset=utf-8
      content-length:
      - '166'
      connection:
      - close
      plaid-version:
      - '2019-05-29'
      vary:
      - Accept-Encoding
      strict-transport-security:
      - max-age=31536000; includeSubDomains; preload
      x-frame-options:
      - DENY
      x-content-type-options:
      - nosniff
      x-xss-protection:
      - 1; mode=block
    body:
      encoding: ASCII-8BIT
      string: |-
        {
          "access_token": "access-sandbox-5d83eb04-4ca2-46a0-b29c-962d4c727971",
          "item_id": "jdMPboxJA1CGonoDNlPziMl1lb15NAH14Mpb6",
          "request_id": "omICKlFkryueA5r"
        }
    http_version: 
  recorded_at: Wed, 19 Jun 2019 17:52:28 GMT
- request:
    method: post
    uri: https://sandbox.plaid.com/item/get
    body:
      encoding: UTF-8
      string: '{"access_token":"access-sandbox-5d83eb04-4ca2-46a0-b29c-962d4c727971","client_id":"PLAID_RUBY_CLIENT_ID","secret":"PLAID_RUBY_SECRET"}'
    headers:
      User-Agent:
      - Plaid Ruby v7.1.0
      Content-Type:
      - application/json
      Plaid-Version:
      - '2019-05-29'
  response:
    status:
      code: 200
      message: OK
    headers:
      server:
      - nginx
      date:
      - Wed, 19 Jun 2019 17:52:28 GMT
      content-type:
      - application/json; charset=utf-8
      content-length:
      - '319'
      connection:
      - close
      plaid-version:
      - '2019-05-29'
      vary:
      - Accept-Encoding
      strict-transport-security:
      - max-age=31536000; includeSubDomains; preload
      x-frame-options:
      - DENY
      x-content-type-options:
      - nosniff
      x-xss-protection:
      - 1; mode=block
    body:
      encoding: ASCII-8BIT
      string: |-
        {
          "item": {
            "available_products": [
              "assets",
              "auth",
              "balance",
              "credit_details",
              "identity",
              "income"
            ],
            "billed_products": [
              "transactions"
            ],
            "error": null,
            "institution_id": "ins_109508",
            "item_id": "jdMPboxJA1CGonoDNlPziMl1lb15NAH14Mpb6",
            "webhook": ""
          },
          "request_id": "dyIRMGOkANic9U2",
          "status": {
            "last_webhook": null,
            "transactions": {
              "last_failed_update": null,
              "last_successful_update": "2019-06-19T17:52:28.734Z"
            }
          }
        }
    http_version: 
  recorded_at: Wed, 19 Jun 2019 17:52:29 GMT
- request:
    method: post
    uri: https://sandbox.plaid.com/item/remove
    body:
      encoding: UTF-8
      string: '{"access_token":"access-sandbox-5d83eb04-4ca2-46a0-b29c-962d4c727971","client_id":"PLAID_RUBY_CLIENT_ID","secret":"PLAID_RUBY_SECRET"}'
    headers:
      User-Agent:
      - Plaid Ruby v7.1.0
      Content-Type:
      - application/json
      Plaid-Version:
      - '2019-05-29'
  response:
    status:
      code: 200
      message: OK
    headers:
      server:
      - nginx
      date:
      - Wed, 19 Jun 2019 17:52:29 GMT
      content-type:
      - application/json; charset=utf-8
      content-length:
      - '74'
      connection:
      - close
      plaid-version:
      - '2019-05-29'
      vary:
      - Accept-Encoding
      strict-transport-security:
      - max-age=31536000; includeSubDomains; preload
      x-frame-options:
      - DENY
      x-content-type-options:
      - nosniff
      x-xss-protection:
      - 1; mode=block
    body:
      encoding: ASCII-8BIT
      string: |-
        {
          "removed": true,
          "request_id": "IZS8QRQ6NqWJT43"
        }
    http_version: 
  recorded_at: Wed, 19 Jun 2019 17:52:29 GMT
- request:
    method: post
    uri: https://sandbox.plaid.com/item/public_token/exchange
    body:
      encoding: UTF-8
      string: '{"public_token":"public-sandbox-e5c06716-c41b-47eb-a596-49572e69e0d9","client_id":"PLAID_RUBY_CLIENT_ID","secret":"PLAID_RUBY_SECRET"}'
    headers:
      User-Agent:
      - Plaid Ruby v7.1.0
      Content-Type:
      - application/json
      Plaid-Version:
      - '2019-05-29'
  response:
    status:
      code: 200
      message: OK
    headers:
      server:
      - nginx
      date:
      - Wed, 19 Jun 2019 17:58:27 GMT
      content-type:
      - application/json; charset=utf-8
      content-length:
      - '169'
      connection:
      - close
      plaid-version:
      - '2019-05-29'
      vary:
      - Accept-Encoding
      strict-transport-security:
      - max-age=31536000; includeSubDomains; preload
      x-frame-options:
      - DENY
      x-content-type-options:
      - nosniff
      x-xss-protection:
      - 1; mode=block
    body:
      encoding: ASCII-8BIT
      string: |-
        {
          "access_token": "access-sandbox-05085ac6-b1d0-46a2-b6dc-a436fd304fd9",
          "item_id": "68W1ppk3lXSPPQAxdX4WtDjZ5moRAkigJLVed",
          "request_id": "XzJK5XiSKUflOau"
        }
    http_version: 
  recorded_at: Wed, 19 Jun 2019 17:58:27 GMT
- request:
    method: post
    uri: https://sandbox.plaid.com/item/get
    body:
      encoding: UTF-8
      string: '{"access_token":"access-sandbox-05085ac6-b1d0-46a2-b6dc-a436fd304fd9","client_id":"PLAID_RUBY_CLIENT_ID","secret":"PLAID_RUBY_SECRET"}'
    headers:
      User-Agent:
      - Plaid Ruby v7.1.0
      Content-Type:
      - application/json
      Plaid-Version:
      - '2019-05-29'
  response:
    status:
      code: 200
      message: OK
    headers:
      server:
      - nginx
      date:
      - Wed, 19 Jun 2019 17:58:27 GMT
      content-type:
      - application/json; charset=utf-8
      content-length:
      - '316'
      connection:
      - close
      plaid-version:
      - '2019-05-29'
      vary:
      - Accept-Encoding
      strict-transport-security:
      - max-age=31536000; includeSubDomains; preload
      x-frame-options:
      - DENY
      x-content-type-options:
      - nosniff
      x-xss-protection:
      - 1; mode=block
    body:
      encoding: ASCII-8BIT
      string: |-
        {
          "item": {
            "available_products": [
              "assets",
              "auth",
              "balance",
              "credit_details",
              "holdings",
              "identity",
              "income",
              "investments",
              "liabilities"
            ],
            "billed_products": [
              "transactions"
            ],
            "error": null,
            "institution_id": "ins_109508",
            "item_id": "68W1ppk3lXSPPQAxdX4WtDjZ5moRAkigJLVed",
            "webhook": ""
          },
          "request_id": "uveKXRYZZPZiayM",
          "status": {
            "last_webhook": null,
            "transactions": {
              "last_failed_update": null,
              "last_successful_update": null
            }
          }
        }
    http_version: 
  recorded_at: Wed, 19 Jun 2019 17:58:27 GMT
- request:
    method: post
    uri: https://sandbox.plaid.com/item/remove
    body:
      encoding: UTF-8
      string: '{"access_token":"access-sandbox-05085ac6-b1d0-46a2-b6dc-a436fd304fd9","client_id":"PLAID_RUBY_CLIENT_ID","secret":"PLAID_RUBY_SECRET"}'
    headers:
      User-Agent:
      - Plaid Ruby v7.1.0
      Content-Type:
      - application/json
      Plaid-Version:
      - '2019-05-29'
  response:
    status:
      code: 200
      message: OK
    headers:
      server:
      - nginx
      date:
      - Wed, 19 Jun 2019 17:58:28 GMT
      content-type:
      - application/json; charset=utf-8
      content-length:
      - '74'
      connection:
      - close
      plaid-version:
      - '2019-05-29'
      vary:
      - Accept-Encoding
      strict-transport-security:
      - max-age=31536000; includeSubDomains; preload
      x-frame-options:
      - DENY
      x-content-type-options:
      - nosniff
      x-xss-protection:
      - 1; mode=block
    body:
      encoding: ASCII-8BIT
      string: |-
        {
          "removed": true,
          "request_id": "COTleRZF52k79i7"
        }
    http_version: 
  recorded_at: Wed, 19 Jun 2019 17:58:28 GMT
- request:
    method: post
    uri: https://sandbox.plaid.com/sandbox/public_token/create
    body:
      encoding: UTF-8
      string: '{"institution_id":"ins_109508","initial_products":["transactions"],"options":{},"public_key":"PLAID_RUBY_PUBLIC_KEY"}'
    headers:
      User-Agent:
      - Plaid Ruby v7.1.0
      Content-Type:
      - application/json
      Plaid-Version:
      - '2019-05-29'
  response:
    status:
      code: 200
      message: OK
    headers:
      server:
      - nginx
      date:
      - Wed, 19 Jun 2019 18:07:20 GMT
      content-type:
      - application/json; charset=utf-8
      content-length:
      - '124'
      connection:
      - close
      vary:
      - Accept-Encoding
      strict-transport-security:
      - max-age=31536000; includeSubDomains; preload
      x-frame-options:
      - DENY
      x-content-type-options:
      - nosniff
      x-xss-protection:
      - 1; mode=block
    body:
      encoding: ASCII-8BIT
      string: |-
        {
          "public_token": "public-sandbox-2290dd1a-7767-420e-824b-54641b2b041a",
          "request_id": "dZD45WhSOVVDA0p"
        }
    http_version: 
  recorded_at: Wed, 19 Jun 2019 18:07:20 GMT
- request:
    method: post
    uri: https://sandbox.plaid.com/item/public_token/exchange
    body:
      encoding: UTF-8
      string: '{"public_token":"public-sandbox-2290dd1a-7767-420e-824b-54641b2b041a","client_id":"PLAID_RUBY_CLIENT_ID","secret":"PLAID_RUBY_SECRET"}'
    headers:
      User-Agent:
      - Plaid Ruby v7.1.0
      Content-Type:
      - application/json
      Plaid-Version:
      - '2019-05-29'
  response:
    status:
      code: 200
      message: OK
    headers:
      server:
      - nginx
      date:
      - Wed, 19 Jun 2019 18:07:20 GMT
      content-type:
      - application/json; charset=utf-8
      content-length:
      - '169'
      connection:
      - close
      plaid-version:
      - '2019-05-29'
      vary:
      - Accept-Encoding
      strict-transport-security:
      - max-age=31536000; includeSubDomains; preload
      x-frame-options:
      - DENY
      x-content-type-options:
      - nosniff
      x-xss-protection:
      - 1; mode=block
    body:
      encoding: ASCII-8BIT
      string: |-
        {
          "access_token": "access-sandbox-5e49588f-ad66-48bf-a941-5471025c93f5",
          "item_id": "P6Z7vBw14kto969r5qdlfBzMQeJKvMC74xzWR",
          "request_id": "BCMFUUV9dqx0T4G"
        }
    http_version: 
  recorded_at: Wed, 19 Jun 2019 18:07:21 GMT
- request:
    method: post
    uri: https://sandbox.plaid.com/item/get
    body:
      encoding: UTF-8
      string: '{"access_token":"access-sandbox-5e49588f-ad66-48bf-a941-5471025c93f5","client_id":"PLAID_RUBY_CLIENT_ID","secret":"PLAID_RUBY_SECRET"}'
    headers:
      User-Agent:
      - Plaid Ruby v7.1.0
      Content-Type:
      - application/json
      Plaid-Version:
      - '2019-05-29'
  response:
    status:
      code: 200
      message: OK
    headers:
      server:
      - nginx
      date:
      - Wed, 19 Jun 2019 18:07:21 GMT
      content-type:
      - application/json; charset=utf-8
      content-length:
      - '343'
      connection:
      - close
      plaid-version:
      - '2019-05-29'
      vary:
      - Accept-Encoding
      strict-transport-security:
      - max-age=31536000; includeSubDomains; preload
      x-frame-options:
      - DENY
      x-content-type-options:
      - nosniff
      x-xss-protection:
      - 1; mode=block
    body:
      encoding: ASCII-8BIT
      string: |-
        {
          "item": {
            "available_products": [
              "assets",
              "auth",
              "balance",
              "credit_details",
              "holdings",
              "identity",
              "income",
              "investments",
              "liabilities"
            ],
            "billed_products": [
              "transactions"
            ],
            "error": null,
            "institution_id": "ins_109508",
            "item_id": "P6Z7vBw14kto969r5qdlfBzMQeJKvMC74xzWR",
            "webhook": ""
          },
          "request_id": "EMzJ4XAqDfkewSq",
          "status": {
            "last_webhook": null,
            "transactions": {
              "last_failed_update": null,
              "last_successful_update": "2019-06-19T18:07:21.112Z"
            }
          }
        }
    http_version: 
  recorded_at: Wed, 19 Jun 2019 18:07:21 GMT
- request:
    method: post
    uri: https://sandbox.plaid.com/item/remove
    body:
      encoding: UTF-8
      string: '{"access_token":"access-sandbox-5e49588f-ad66-48bf-a941-5471025c93f5","client_id":"PLAID_RUBY_CLIENT_ID","secret":"PLAID_RUBY_SECRET"}'
    headers:
      User-Agent:
      - Plaid Ruby v7.1.0
      Content-Type:
      - application/json
      Plaid-Version:
      - '2019-05-29'
  response:
    status:
      code: 200
      message: OK
    headers:
      server:
      - nginx
      date:
      - Wed, 19 Jun 2019 18:07:21 GMT
      content-type:
      - application/json; charset=utf-8
      content-length:
      - '74'
      connection:
      - close
      plaid-version:
      - '2019-05-29'
      vary:
      - Accept-Encoding
      strict-transport-security:
      - max-age=31536000; includeSubDomains; preload
      x-frame-options:
      - DENY
      x-content-type-options:
      - nosniff
      x-xss-protection:
      - 1; mode=block
    body:
      encoding: ASCII-8BIT
      string: |-
        {
          "removed": true,
          "request_id": "qy2MYe1E5BOhAIN"
        }
    http_version: 
  recorded_at: Wed, 19 Jun 2019 18:07:21 GMT
- request:
    method: post
    uri: https://sandbox.plaid.com/sandbox/public_token/create
    body:
      encoding: UTF-8
      string: '{"institution_id":"ins_109508","initial_products":["transactions"],"options":{},"public_key":"5cbfbd8ca018fb3f318df84d5ab6fe"}'
    headers:
      User-Agent:
      - Plaid Ruby v7.1.0
      Content-Type:
      - application/json
      Plaid-Version:
      - '2019-05-29'
  response:
    status:
      code: 200
      message: OK
    headers:
      server:
      - nginx
      date:
      - Wed, 19 Jun 2019 19:48:10 GMT
      content-type:
      - application/json; charset=utf-8
      content-length:
      - '124'
      connection:
      - close
      vary:
      - Accept-Encoding
      strict-transport-security:
      - max-age=31536000; includeSubDomains; preload
      x-frame-options:
      - DENY
      x-content-type-options:
      - nosniff
      x-xss-protection:
      - 1; mode=block
    body:
      encoding: ASCII-8BIT
      string: |-
        {
          "public_token": "public-sandbox-8eefc001-8723-4e5c-bae5-3996c6f3f265",
          "request_id": "GMvhxBTitdVJhbT"
        }
    http_version: 
  recorded_at: Wed, 19 Jun 2019 19:48:10 GMT
- request:
    method: post
    uri: https://sandbox.plaid.com/item/public_token/exchange
    body:
      encoding: UTF-8
      string: '{"public_token":"public-sandbox-8eefc001-8723-4e5c-bae5-3996c6f3f265","client_id":"58b9a231bdc6a453f37c338f","secret":"e60cac68bf07eba47e819b9ac45e01"}'
    headers:
      User-Agent:
      - Plaid Ruby v7.1.0
      Content-Type:
      - application/json
      Plaid-Version:
      - '2019-05-29'
  response:
    status:
      code: 200
      message: OK
    headers:
      server:
      - nginx
      date:
      - Wed, 19 Jun 2019 19:48:11 GMT
      content-type:
      - application/json; charset=utf-8
      content-length:
      - '169'
      connection:
      - close
      plaid-version:
      - '2019-05-29'
      vary:
      - Accept-Encoding
      strict-transport-security:
      - max-age=31536000; includeSubDomains; preload
      x-frame-options:
      - DENY
      x-content-type-options:
      - nosniff
      x-xss-protection:
      - 1; mode=block
    body:
      encoding: ASCII-8BIT
      string: |-
        {
          "access_token": "access-sandbox-dc3d7f7f-8985-46eb-b21c-e8c3b20a725e",
          "item_id": "dP4GElXMWzS6DpBno9LDt3EK8WP71MUZNeLMv",
          "request_id": "x6brGjNk20emGsU"
        }
    http_version: 
  recorded_at: Wed, 19 Jun 2019 19:48:11 GMT
- request:
    method: post
    uri: https://sandbox.plaid.com/item/get
    body:
      encoding: UTF-8
      string: '{"access_token":"access-sandbox-dc3d7f7f-8985-46eb-b21c-e8c3b20a725e","client_id":"58b9a231bdc6a453f37c338f","secret":"e60cac68bf07eba47e819b9ac45e01"}'
    headers:
      User-Agent:
      - Plaid Ruby v7.1.0
      Content-Type:
      - application/json
      Plaid-Version:
      - '2019-05-29'
  response:
    status:
      code: 200
      message: OK
    headers:
      server:
      - nginx
      date:
      - Wed, 19 Jun 2019 19:48:11 GMT
      content-type:
      - application/json; charset=utf-8
      content-length:
      - '322'
      connection:
      - close
      plaid-version:
      - '2019-05-29'
      vary:
      - Accept-Encoding
      strict-transport-security:
      - max-age=31536000; includeSubDomains; preload
      x-frame-options:
      - DENY
      x-content-type-options:
      - nosniff
      x-xss-protection:
      - 1; mode=block
    body:
      encoding: ASCII-8BIT
      string: |-
        {
          "item": {
            "available_products": [
              "assets",
              "auth",
              "balance",
              "credit_details",
              "holdings",
              "identity",
              "income",
              "investments",
              "liabilities"
            ],
            "billed_products": [
              "transactions"
            ],
            "error": null,
            "institution_id": "ins_109508",
            "item_id": "dP4GElXMWzS6DpBno9LDt3EK8WP71MUZNeLMv",
            "webhook": ""
          },
          "request_id": "G8fh6YNR6bHVFt4",
          "status": {
            "last_webhook": null,
            "transactions": {
              "last_failed_update": null,
              "last_successful_update": null
            }
          }
        }
    http_version: 
  recorded_at: Wed, 19 Jun 2019 19:48:11 GMT
- request:
    method: post
    uri: https://sandbox.plaid.com/item/remove
    body:
      encoding: UTF-8
      string: '{"access_token":"access-sandbox-dc3d7f7f-8985-46eb-b21c-e8c3b20a725e","client_id":"58b9a231bdc6a453f37c338f","secret":"e60cac68bf07eba47e819b9ac45e01"}'
    headers:
      User-Agent:
      - Plaid Ruby v7.1.0
      Content-Type:
      - application/json
      Plaid-Version:
      - '2019-05-29'
  response:
    status:
      code: 200
      message: OK
    headers:
      server:
      - nginx
      date:
      - Wed, 19 Jun 2019 19:48:11 GMT
      content-type:
      - application/json; charset=utf-8
      content-length:
      - '74'
      connection:
      - close
      plaid-version:
      - '2019-05-29'
      vary:
      - Accept-Encoding
      strict-transport-security:
      - max-age=31536000; includeSubDomains; preload
      x-frame-options:
      - DENY
      x-content-type-options:
      - nosniff
      x-xss-protection:
      - 1; mode=block
    body:
      encoding: ASCII-8BIT
      string: |-
        {
          "removed": true,
          "request_id": "z4yr5TqA7L03lPi"
        }
    http_version: 
  recorded_at: Wed, 19 Jun 2019 19:48:11 GMT
recorded_with: VCR 4.0.0
