---
http_interactions:
- request:
    method: post
    uri: https://sandbox.plaid.com/item/create
    body:
      encoding: UTF-8
      string: '{"credentials":{"username":"user_good","password":"pass_good"},"institution_id":"ins_109508","initial_products":["transactions"],"options":{},"client_id":"PLAID_RUBY_CLIENT_ID","secret":"PLAID_RUBY_SECRET"}'
    headers:
      User-Agent:
      - Plaid Ruby v4.1.0
      Content-Type:
      - application/json
  response:
    status:
      code: 200
      message: 
    headers:
      server:
      - nginx
      date:
      - Fri, 16 Mar 2018 02:21:37 GMT
      content-type:
      - application/json
      content-length:
      - '422'
      connection:
      - close
      strict-transport-security:
      - max-age=31536000; includeSubDomains; preload
      x-frame-options:
      - DENY
      x-content-type-options:
      - nosniff
      x-xss-protection:
      - 1; mode=block
    body:
      encoding: UTF-8
      string: |-
        {
          "access_token": "access-sandbox-02ae54a0-0d27-4591-9ede-09d8d9bef550",
          "item": {
            "available_products": [
              "auth",
              "balance",
              "credit_details",
              "identity",
              "income"
            ],
            "billed_products": [
              "transactions"
            ],
            "error": null,
            "institution_id": "ins_109508",
            "item_id": "91JVw8GyblInWRX5198VtWN5vavbnetX4z3Eb",
            "webhook": ""
          },
          "request_id": "Z8zKl"
        }
    http_version: 
  recorded_at: Fri, 16 Mar 2018 02:21:38 GMT
- request:
    method: post
    uri: https://sandbox.plaid.com/accounts/balance/get
    body:
      encoding: UTF-8
      string: '{"access_token":"access-sandbox-02ae54a0-0d27-4591-9ede-09d8d9bef550","options":{"account_ids":"ABCDEFG1234567"},"client_id":"PLAID_RUBY_CLIENT_ID","secret":"PLAID_RUBY_SECRET"}'
    headers:
      User-Agent:
      - Plaid Ruby v4.1.0
      Content-Type:
      - application/json
  response:
    status:
      code: 400
      message: 
    headers:
      server:
      - nginx
      date:
      - Fri, 16 Mar 2018 02:21:39 GMT
      content-type:
      - application/json
      content-length:
      - '211'
      connection:
      - close
    body:
      encoding: UTF-8
      string: |-
        {
          "display_message": null,
          "error_code": "INVALID_FIELD",
          "error_message": "options.account_ids must be a non-empty array of valid account ids",
          "error_type": "INVALID_REQUEST",
          "request_id": "mPc0w"
        }
    http_version: 
  recorded_at: Fri, 16 Mar 2018 02:21:39 GMT
- request:
    method: post
    uri: https://sandbox.plaid.com/item/remove
    body:
      encoding: UTF-8
      string: '{"access_token":"access-sandbox-02ae54a0-0d27-4591-9ede-09d8d9bef550","client_id":"PLAID_RUBY_CLIENT_ID","secret":"PLAID_RUBY_SECRET"}'
    headers:
      User-Agent:
      - Plaid Ruby v4.1.0
      Content-Type:
      - application/json
  response:
    status:
      code: 200
      message: 
    headers:
      server:
      - nginx
      date:
      - Fri, 16 Mar 2018 02:21:41 GMT
      content-type:
      - application/json
      content-length:
      - '46'
      connection:
      - close
      strict-transport-security:
      - max-age=31536000; includeSubDomains; preload
      x-frame-options:
      - DENY
      x-content-type-options:
      - nosniff
      x-xss-protection:
      - 1; mode=block
    body:
      encoding: UTF-8
      string: |-
        {
          "removed": true,
          "request_id": "acGpr"
        }
    http_version: 
  recorded_at: Fri, 16 Mar 2018 02:21:41 GMT
- request:
    method: post
    uri: https://sandbox.plaid.com/accounts/balance/get
    body:
      encoding: UTF-8
      string: '{"access_token":"access-sandbox-c7af8105-135d-4a5d-a212-be48841b4862","options":{"account_ids":"ABCDEFG1234567"},"client_id":"PLAID_RUBY_CLIENT_ID","secret":"PLAID_RUBY_SECRET"}'
    headers:
      User-Agent:
      - Plaid Ruby v6.3.1
      Content-Type:
      - application/json
      Plaid-Version:
      - '2018-05-22'
  response:
    status:
      code: 400
      message: Bad Request
    headers:
      server:
      - nginx
      date:
      - Thu, 16 May 2019 06:16:43 GMT
      content-type:
      - application/json; charset=utf-8
      content-length:
      - '196'
      connection:
      - close
      plaid-version:
      - '2018-05-22'
      vary:
      - Accept-Encoding
    body:
      encoding: ASCII-8BIT
      string: |-
        {
          "display_message": null,
          "error_code": "INVALID_FIELD",
          "error_message": "options.account_ids must be a non-empty array of valid account ids",
          "error_type": "INVALID_REQUEST",
          "request_id": "4xe2psCG0nGtUDP",
          "suggested_action": null
        }
    http_version: 
  recorded_at: Thu, 16 May 2019 06:16:43 GMT
- request:
    method: post
    uri: https://sandbox.plaid.com/item/remove
    body:
      encoding: UTF-8
      string: '{"access_token":"access-sandbox-c7af8105-135d-4a5d-a212-be48841b4862","client_id":"PLAID_RUBY_CLIENT_ID","secret":"PLAID_RUBY_SECRET"}'
    headers:
      User-Agent:
      - Plaid Ruby v6.3.1
      Content-Type:
      - application/json
      Plaid-Version:
      - '2018-05-22'
  response:
    status:
      code: 200
      message: OK
    headers:
      server:
      - nginx
      date:
      - Thu, 16 May 2019 06:16:44 GMT
      content-type:
      - application/json; charset=utf-8
      content-length:
      - '74'
      connection:
      - close
      plaid-version:
      - '2018-05-22'
      vary:
      - Accept-Encoding
      strict-transport-security:
      - max-age=31536000; includeSubDomains; preload
      x-frame-options:
      - DENY
      x-content-type-options:
      - nosniff
      x-xss-protection:
      - 1; mode=block
    body:
      encoding: ASCII-8BIT
      string: |-
        {
          "removed": true,
          "request_id": "cR2SR2dtGbTgS0x"
        }
    http_version: 
  recorded_at: Thu, 16 May 2019 06:16:44 GMT
- request:
    method: post
    uri: https://sandbox.plaid.com/accounts/balance/get
    body:
      encoding: UTF-8
      string: '{"access_token":"access-sandbox-a231f7b9-9f4f-4656-9c41-84eeca13fbd3","options":{"account_ids":"ABCDEFG1234567"},"client_id":"PLAID_RUBY_CLIENT_ID","secret":"PLAID_RUBY_SECRET"}'
    headers:
      User-Agent:
      - Plaid Ruby v6.3.1
      Content-Type:
      - application/json
      Plaid-Version:
      - '2018-05-22'
  response:
    status:
      code: 400
      message: Bad Request
    headers:
      server:
      - nginx
      date:
      - Thu, 16 May 2019 06:31:00 GMT
      content-type:
      - application/json; charset=utf-8
      content-length:
      - '194'
      connection:
      - close
      plaid-version:
      - '2018-05-22'
      vary:
      - Accept-Encoding
    body:
      encoding: ASCII-8BIT
      string: |-
        {
          "display_message": null,
          "error_code": "INVALID_FIELD",
          "error_message": "options.account_ids must be a non-empty array of valid account ids",
          "error_type": "INVALID_REQUEST",
          "request_id": "SxTS3Fuq5OrNMdT",
          "suggested_action": null
        }
    http_version: 
  recorded_at: Thu, 16 May 2019 06:31:00 GMT
- request:
    method: post
    uri: https://sandbox.plaid.com/item/remove
    body:
      encoding: UTF-8
      string: '{"access_token":"access-sandbox-a231f7b9-9f4f-4656-9c41-84eeca13fbd3","client_id":"PLAID_RUBY_CLIENT_ID","secret":"PLAID_RUBY_SECRET"}'
    headers:
      User-Agent:
      - Plaid Ruby v6.3.1
      Content-Type:
      - application/json
      Plaid-Version:
      - '2018-05-22'
  response:
    status:
      code: 200
      message: OK
    headers:
      server:
      - nginx
      date:
      - Thu, 16 May 2019 06:31:01 GMT
      content-type:
      - application/json; charset=utf-8
      content-length:
      - '74'
      connection:
      - close
      plaid-version:
      - '2018-05-22'
      vary:
      - Accept-Encoding
      strict-transport-security:
      - max-age=31536000; includeSubDomains; preload
      x-frame-options:
      - DENY
      x-content-type-options:
      - nosniff
      x-xss-protection:
      - 1; mode=block
    body:
      encoding: ASCII-8BIT
      string: |-
        {
          "removed": true,
          "request_id": "1jXp6xg7NQ57cPa"
        }
    http_version: 
  recorded_at: Thu, 16 May 2019 06:31:02 GMT
- request:
    method: post
    uri: https://sandbox.plaid.com/accounts/balance/get
    body:
      encoding: UTF-8
      string: '{"access_token":"access-sandbox-d24372da-dfbc-4b64-b9eb-45bf8f5c3558","options":{"account_ids":"ABCDEFG1234567"},"client_id":"PLAID_RUBY_CLIENT_ID","secret":"PLAID_RUBY_SECRET"}'
    headers:
      User-Agent:
      - Plaid Ruby v6.3.1
      Content-Type:
      - application/json
      Plaid-Version:
      - '2018-05-22'
  response:
    status:
      code: 400
      message: Bad Request
    headers:
      server:
      - nginx
      date:
      - Thu, 16 May 2019 06:35:15 GMT
      content-type:
      - application/json; charset=utf-8
      content-length:
      - '197'
      connection:
      - close
      plaid-version:
      - '2018-05-22'
      vary:
      - Accept-Encoding
    body:
      encoding: ASCII-8BIT
      string: |-
        {
          "display_message": null,
          "error_code": "INVALID_FIELD",
          "error_message": "options.account_ids must be a non-empty array of valid account ids",
          "error_type": "INVALID_REQUEST",
          "request_id": "LFrJU8Cq9g9kXAb",
          "suggested_action": null
        }
    http_version: 
  recorded_at: Thu, 16 May 2019 06:35:15 GMT
- request:
    method: post
    uri: https://sandbox.plaid.com/item/remove
    body:
      encoding: UTF-8
      string: '{"access_token":"access-sandbox-d24372da-dfbc-4b64-b9eb-45bf8f5c3558","client_id":"PLAID_RUBY_CLIENT_ID","secret":"PLAID_RUBY_SECRET"}'
    headers:
      User-Agent:
      - Plaid Ruby v6.3.1
      Content-Type:
      - application/json
      Plaid-Version:
      - '2018-05-22'
  response:
    status:
      code: 200
      message: OK
    headers:
      server:
      - nginx
      date:
      - Thu, 16 May 2019 06:35:16 GMT
      content-type:
      - application/json; charset=utf-8
      content-length:
      - '74'
      connection:
      - close
      plaid-version:
      - '2018-05-22'
      vary:
      - Accept-Encoding
      strict-transport-security:
      - max-age=31536000; includeSubDomains; preload
      x-frame-options:
      - DENY
      x-content-type-options:
      - nosniff
      x-xss-protection:
      - 1; mode=block
    body:
      encoding: ASCII-8BIT
      string: |-
        {
          "removed": true,
          "request_id": "YNmpPGChLwVcif9"
        }
    http_version: 
  recorded_at: Thu, 16 May 2019 06:35:16 GMT
- request:
    method: post
    uri: https://sandbox.plaid.com/item/create
    body:
      encoding: UTF-8
      string: '{"credentials":{"username":"user_good","password":"pass_good"},"institution_id":"ins_109508","initial_products":["transactions"],"options":{},"client_id":"PLAID_RUBY_CLIENT_ID","secret":"PLAID_RUBY_SECRET"}'
    headers:
      User-Agent:
      - Plaid Ruby v6.3.1
      Content-Type:
      - application/json
      Plaid-Version:
      - '2018-05-22'
  response:
    status:
      code: 200
      message: OK
    headers:
      server:
      - nginx
      date:
      - Thu, 16 May 2019 06:41:06 GMT
      content-type:
      - application/json; charset=utf-8
      content-length:
      - '303'
      connection:
      - close
      plaid-version:
      - '2018-05-22'
      vary:
      - Accept-Encoding
      strict-transport-security:
      - max-age=31536000; includeSubDomains; preload
      x-frame-options:
      - DENY
      x-content-type-options:
      - nosniff
      x-xss-protection:
      - 1; mode=block
    body:
      encoding: ASCII-8BIT
      string: |-
        {
          "access_token": "access-sandbox-b41f2691-690d-4df7-9853-139ca7c65596",
          "item": {
            "available_products": [
              "assets",
              "auth",
              "balance",
              "credit_details",
              "identity",
              "income"
            ],
            "billed_products": [
              "transactions"
            ],
            "error": null,
            "institution_id": "ins_109508",
            "item_id": "g9dyqjP5AXSqXa49bN5aHmG54wg8kmhgpmNXA",
            "webhook": ""
          },
          "request_id": "pSJsBmXDXTb0zvz"
        }
    http_version: 
  recorded_at: Thu, 16 May 2019 06:41:06 GMT
- request:
    method: post
    uri: https://sandbox.plaid.com/accounts/balance/get
    body:
      encoding: UTF-8
      string: '{"access_token":"access-sandbox-b41f2691-690d-4df7-9853-139ca7c65596","options":{"account_ids":"ABCDEFG1234567"},"client_id":"PLAID_RUBY_CLIENT_ID","secret":"PLAID_RUBY_SECRET"}'
    headers:
      User-Agent:
      - Plaid Ruby v6.3.1
      Content-Type:
      - application/json
      Plaid-Version:
      - '2018-05-22'
  response:
    status:
      code: 400
      message: Bad Request
    headers:
      server:
      - nginx
      date:
      - Thu, 16 May 2019 06:41:07 GMT
      content-type:
      - application/json; charset=utf-8
      content-length:
      - '196'
      connection:
      - close
      plaid-version:
      - '2018-05-22'
      vary:
      - Accept-Encoding
    body:
      encoding: ASCII-8BIT
      string: |-
        {
          "display_message": null,
          "error_code": "INVALID_FIELD",
          "error_message": "options.account_ids must be a non-empty array of valid account ids",
          "error_type": "INVALID_REQUEST",
          "request_id": "ca7I6RL21hNa2eC",
          "suggested_action": null
        }
    http_version: 
  recorded_at: Thu, 16 May 2019 06:41:07 GMT
- request:
    method: post
    uri: https://sandbox.plaid.com/item/remove
    body:
      encoding: UTF-8
      string: '{"access_token":"access-sandbox-b41f2691-690d-4df7-9853-139ca7c65596","client_id":"PLAID_RUBY_CLIENT_ID","secret":"PLAID_RUBY_SECRET"}'
    headers:
      User-Agent:
      - Plaid Ruby v6.3.1
      Content-Type:
      - application/json
      Plaid-Version:
      - '2018-05-22'
  response:
    status:
      code: 200
      message: OK
    headers:
      server:
      - nginx
      date:
      - Thu, 16 May 2019 06:41:08 GMT
      content-type:
      - application/json; charset=utf-8
      content-length:
      - '74'
      connection:
      - close
      plaid-version:
      - '2018-05-22'
      vary:
      - Accept-Encoding
      strict-transport-security:
      - max-age=31536000; includeSubDomains; preload
      x-frame-options:
      - DENY
      x-content-type-options:
      - nosniff
      x-xss-protection:
      - 1; mode=block
    body:
      encoding: ASCII-8BIT
      string: |-
        {
          "removed": true,
          "request_id": "Bby4xVG5JrEJNK7"
        }
    http_version: 
  recorded_at: Thu, 16 May 2019 06:41:08 GMT
recorded_with: VCR 4.0.0
