---
http_interactions:
- request:
    method: post
    uri: https://sandbox.plaid.com/item/create
    body:
      encoding: UTF-8
      string: '{"credentials":{"username":"user_good","password":"pass_good"},"institution_id":"ins_109508","initial_products":["auth"],"options":{},"client_id":"PLAID_RUBY_CLIENT_ID","secret":"PLAID_RUBY_SECRET"}'
    headers:
      User-Agent:
      - Plaid Ruby v4.1.0
      Content-Type:
      - application/json
  response:
    status:
      code: 200
      message: 
    headers:
      server:
      - nginx
      date:
      - Fri, 16 Mar 2018 12:08:14 GMT
      content-type:
      - application/json
      content-length:
      - '423'
      connection:
      - close
      strict-transport-security:
      - max-age=31536000; includeSubDomains; preload
      x-frame-options:
      - DENY
      x-content-type-options:
      - nosniff
      x-xss-protection:
      - 1; mode=block
    body:
      encoding: UTF-8
      string: |-
        {
          "access_token": "access-sandbox-f90a11b5-5a44-4e4c-ac29-7b7b180d47c7",
          "item": {
            "available_products": [
              "balance",
              "credit_details",
              "identity",
              "income",
              "transactions"
            ],
            "billed_products": [
              "auth"
            ],
            "error": null,
            "institution_id": "ins_109508",
            "item_id": "QNxAzEx3pjTgW9MrlqnnUNlEQ1nBe9C97p5a7q",
            "webhook": ""
          },
          "request_id": "svBjv"
        }
    http_version: 
  recorded_at: Fri, 16 Mar 2018 12:08:14 GMT
- request:
    method: post
    uri: https://sandbox.plaid.com/processor/stripe/bank_account_token/create
    body:
      encoding: UTF-8
      string: '{"access_token":"access-sandbox-f90a11b5-5a44-4e4c-ac29-7b7b180d47c7","account_id":"ABCDEFG1234567","client_id":"PLAID_RUBY_CLIENT_ID","secret":"PLAID_RUBY_SECRET"}'
    headers:
      User-Agent:
      - Plaid Ruby v4.1.0
      Content-Type:
      - application/json
  response:
    status:
      code: 400
      message: 
    headers:
      server:
      - nginx
      date:
      - Fri, 16 Mar 2018 12:08:15 GMT
      content-type:
      - application/json
      content-length:
      - '202'
      connection:
      - close
    body:
      encoding: UTF-8
      string: |-
        {
          "display_message": null,
          "error_code": "INVALID_FIELD",
          "error_message": "account_id must be a properly formatted, non-empty string",
          "error_type": "INVALID_REQUEST",
          "request_id": "X8Jut"
        }
    http_version: 
  recorded_at: Fri, 16 Mar 2018 12:08:15 GMT
- request:
    method: post
    uri: https://sandbox.plaid.com/item/remove
    body:
      encoding: UTF-8
      string: '{"access_token":"access-sandbox-f90a11b5-5a44-4e4c-ac29-7b7b180d47c7","client_id":"PLAID_RUBY_CLIENT_ID","secret":"PLAID_RUBY_SECRET"}'
    headers:
      User-Agent:
      - Plaid Ruby v4.1.0
      Content-Type:
      - application/json
  response:
    status:
      code: 200
      message: 
    headers:
      server:
      - nginx
      date:
      - Fri, 16 Mar 2018 12:08:18 GMT
      content-type:
      - application/json
      content-length:
      - '46'
      connection:
      - close
      strict-transport-security:
      - max-age=31536000; includeSubDomains; preload
      x-frame-options:
      - DENY
      x-content-type-options:
      - nosniff
      x-xss-protection:
      - 1; mode=block
    body:
      encoding: UTF-8
      string: |-
        {
          "removed": true,
          "request_id": "rQdun"
        }
    http_version: 
  recorded_at: Fri, 16 Mar 2018 12:08:18 GMT
- request:
    method: post
    uri: https://sandbox.plaid.com/processor/stripe/bank_account_token/create
    body:
      encoding: UTF-8
      string: '{"access_token":"access-sandbox-c8acdabc-521b-4fcf-b2b7-24d475171948","account_id":"ABCDEFG1234567","client_id":"PLAID_RUBY_CLIENT_ID","secret":"PLAID_RUBY_SECRET"}'
    headers:
      User-Agent:
      - Plaid Ruby v6.1.0
      Content-Type:
      - application/json
      Plaid-Version:
      - '2018-05-22'
  response:
    status:
      code: 400
      message: Bad Request
    headers:
      server:
      - nginx
      date:
      - Tue, 27 Nov 2018 16:10:45 GMT
      content-type:
      - application/json
      content-length:
      - '182'
      connection:
      - close
      plaid-version:
      - '2018-05-22'
      vary:
      - Accept-Encoding
    body:
      encoding: ASCII-8BIT
      string: |-
        {
          "display_message": null,
          "error_code": "INVALID_FIELD",
          "error_message": "account_id must be a properly formatted, non-empty string",
          "error_type": "INVALID_REQUEST",
          "request_id": "R7UnZeJOZ2GMGu6"
        }
    http_version: 
  recorded_at: Tue, 27 Nov 2018 16:10:45 GMT
- request:
    method: post
    uri: https://sandbox.plaid.com/item/remove
    body:
      encoding: UTF-8
      string: '{"access_token":"access-sandbox-c8acdabc-521b-4fcf-b2b7-24d475171948","client_id":"PLAID_RUBY_CLIENT_ID","secret":"PLAID_RUBY_SECRET"}'
    headers:
      User-Agent:
      - Plaid Ruby v6.1.0
      Content-Type:
      - application/json
      Plaid-Version:
      - '2018-05-22'
  response:
    status:
      code: 200
      message: OK
    headers:
      server:
      - nginx
      date:
      - Tue, 27 Nov 2018 16:10:45 GMT
      content-type:
      - application/json
      content-length:
      - '74'
      connection:
      - close
      plaid-version:
      - '2018-05-22'
      vary:
      - Accept-Encoding
      strict-transport-security:
      - max-age=31536000; includeSubDomains; preload
      x-frame-options:
      - DENY
      x-content-type-options:
      - nosniff
      x-xss-protection:
      - 1; mode=block
    body:
      encoding: ASCII-8BIT
      string: |-
        {
          "removed": true,
          "request_id": "bxhqSFbukSntro3"
        }
    http_version: 
  recorded_at: Tue, 27 Nov 2018 16:10:45 GMT
- request:
    method: post
    uri: https://sandbox.plaid.com/item/create
    body:
      encoding: UTF-8
      string: '{"credentials":{"username":"user_good","password":"pass_good"},"institution_id":"ins_109508","initial_products":["auth"],"options":{},"client_id":"PLAID_RUBY_CLIENT_ID","secret":"PLAID_RUBY_SECRET"}'
    headers:
      User-Agent:
      - Plaid Ruby v6.1.0
      Content-Type:
      - application/json
      Plaid-Version:
      - '2018-05-22'
  response:
    status:
      code: 200
      message: OK
    headers:
      server:
      - nginx
      date:
      - Tue, 27 Nov 2018 16:15:53 GMT
      content-type:
      - application/json
      content-length:
      - '302'
      connection:
      - close
      plaid-version:
      - '2018-05-22'
      vary:
      - Accept-Encoding
      strict-transport-security:
      - max-age=31536000; includeSubDomains; preload
      x-frame-options:
      - DENY
      x-content-type-options:
      - nosniff
      x-xss-protection:
      - 1; mode=block
    body:
      encoding: ASCII-8BIT
      string: |-
        {
          "access_token": "access-sandbox-80300f29-48ce-464a-b35e-c5fcad34232f",
          "item": {
            "available_products": [
              "assets",
              "balance",
              "credit_details",
              "identity",
              "income",
              "transactions"
            ],
            "billed_products": [
              "auth"
            ],
            "error": null,
            "institution_id": "ins_109508",
            "item_id": "NZKWmwJ144IRVnavLExKFyen7MZD79HWZG8Dd",
            "webhook": ""
          },
          "request_id": "9jAXrqhTo2gWh3c"
        }
    http_version: 
  recorded_at: Tue, 27 Nov 2018 16:15:53 GMT
- request:
    method: post
    uri: https://sandbox.plaid.com/processor/stripe/bank_account_token/create
    body:
      encoding: UTF-8
      string: '{"access_token":"access-sandbox-80300f29-48ce-464a-b35e-c5fcad34232f","account_id":"ABCDEFG1234567","client_id":"PLAID_RUBY_CLIENT_ID","secret":"PLAID_RUBY_SECRET"}'
    headers:
      User-Agent:
      - Plaid Ruby v6.1.0
      Content-Type:
      - application/json
      Plaid-Version:
      - '2018-05-22'
  response:
    status:
      code: 400
      message: Bad Request
    headers:
      server:
      - nginx
      date:
      - Tue, 27 Nov 2018 16:15:54 GMT
      content-type:
      - application/json
      content-length:
      - '179'
      connection:
      - close
      plaid-version:
      - '2018-05-22'
      vary:
      - Accept-Encoding
    body:
      encoding: ASCII-8BIT
      string: |-
        {
          "display_message": null,
          "error_code": "INVALID_FIELD",
          "error_message": "account_id must be a properly formatted, non-empty string",
          "error_type": "INVALID_REQUEST",
          "request_id": "OawOZLvWCF3XYpn"
        }
    http_version: 
  recorded_at: Tue, 27 Nov 2018 16:15:54 GMT
- request:
    method: post
    uri: https://sandbox.plaid.com/item/remove
    body:
      encoding: UTF-8
      string: '{"access_token":"access-sandbox-80300f29-48ce-464a-b35e-c5fcad34232f","client_id":"PLAID_RUBY_CLIENT_ID","secret":"PLAID_RUBY_SECRET"}'
    headers:
      User-Agent:
      - Plaid Ruby v6.1.0
      Content-Type:
      - application/json
      Plaid-Version:
      - '2018-05-22'
  response:
    status:
      code: 200
      message: OK
    headers:
      server:
      - nginx
      date:
      - Tue, 27 Nov 2018 16:15:54 GMT
      content-type:
      - application/json
      content-length:
      - '74'
      connection:
      - close
      plaid-version:
      - '2018-05-22'
      vary:
      - Accept-Encoding
      strict-transport-security:
      - max-age=31536000; includeSubDomains; preload
      x-frame-options:
      - DENY
      x-content-type-options:
      - nosniff
      x-xss-protection:
      - 1; mode=block
    body:
      encoding: ASCII-8BIT
      string: |-
        {
          "removed": true,
          "request_id": "fb2kgeTnhX6rZSu"
        }
    http_version: 
  recorded_at: Tue, 27 Nov 2018 16:15:54 GMT
recorded_with: VCR 4.0.0
