---
http_interactions:
- request:
    method: post
    uri: https://sandbox.plaid.com/item/create
    body:
      encoding: UTF-8
      string: '{"credentials":{"username":"user_good","password":"pass_good"},"institution_id":"ins_109508","initial_products":["transactions"],"options":{"transactions":{"start_date":"2016-01-01","end_date":"2016-02-01","await_results":true},"webhook":"https://plaid.com/webhook-test"},"client_id":"PLAID_RUBY_CLIENT_ID","secret":"PLAID_RUBY_SECRET"}'
    headers:
      User-Agent:
      - Plaid Ruby v7.1.0
      Content-Type:
      - application/json
      Plaid-Version:
      - '2019-05-29'
  response:
    status:
      code: 200
      message: OK
    headers:
      server:
      - nginx
      date:
      - Wed, 22 May 2019 19:11:09 GMT
      content-type:
      - application/json; charset=utf-8
      content-length:
      - '320'
      connection:
      - close
      plaid-version:
      - '2019-05-29'
      vary:
      - Accept-Encoding
      strict-transport-security:
      - max-age=31536000; includeSubDomains; preload
      x-frame-options:
      - DENY
      x-content-type-options:
      - nosniff
      x-xss-protection:
      - 1; mode=block
    body:
      encoding: ASCII-8BIT
      string: |-
        {
          "access_token": "access-sandbox-04424afd-2a5e-43aa-b950-1aa2bde11090",
          "item": {
            "available_products": [
              "assets",
              "auth",
              "balance",
              "credit_details",
              "identity",
              "income"
            ],
            "billed_products": [
              "transactions"
            ],
            "error": null,
            "institution_id": "ins_109508",
            "item_id": "bKrPxVAaGlIloKM1vyomHKzGN4D8x7SVnqX9Z",
            "webhook": "https://plaid.com/webhook-test"
          },
          "request_id": "ul4bPUNQGQm9vg6"
        }
    http_version: 
  recorded_at: Wed, 22 May 2019 19:11:09 GMT
- request:
    method: post
    uri: https://sandbox.plaid.com/item/remove
    body:
      encoding: UTF-8
      string: '{"access_token":"access-sandbox-04424afd-2a5e-43aa-b950-1aa2bde11090","client_id":"PLAID_RUBY_CLIENT_ID","secret":"PLAID_RUBY_SECRET"}'
    headers:
      User-Agent:
      - Plaid Ruby v7.1.0
      Content-Type:
      - application/json
      Plaid-Version:
      - '2019-05-29'
  response:
    status:
      code: 200
      message: OK
    headers:
      server:
      - nginx
      date:
      - Wed, 22 May 2019 19:11:09 GMT
      content-type:
      - application/json; charset=utf-8
      content-length:
      - '74'
      connection:
      - close
      plaid-version:
      - '2019-05-29'
      vary:
      - Accept-Encoding
      strict-transport-security:
      - max-age=31536000; includeSubDomains; preload
      x-frame-options:
      - DENY
      x-content-type-options:
      - nosniff
      x-xss-protection:
      - 1; mode=block
    body:
      encoding: ASCII-8BIT
      string: |-
        {
          "removed": true,
          "request_id": "9ps09dXVkJFbwrZ"
        }
    http_version: 
  recorded_at: Wed, 22 May 2019 19:11:09 GMT
- request:
    method: post
    uri: https://sandbox.plaid.com/sandbox/public_token/create
    body:
      encoding: UTF-8
      string: '{"institution_id":"ins_109508","initial_products":["transactions"],"options":{"webhook":"https://plaid.com/webhook-test","transactions":{"start_date":"2016-01-01","end_date":"2016-02-01"}},"public_key":null}'
    headers:
      User-Agent:
      - Plaid Ruby v7.1.0
      Content-Type:
      - application/json
      Plaid-Version:
      - '2019-05-29'
  response:
    status:
      code: 400
      message: Bad Request
    headers:
      server:
      - nginx
      date:
      - Wed, 19 Jun 2019 17:35:14 GMT
      content-type:
      - application/json; charset=utf-8
      content-length:
      - '194'
      connection:
      - close
      vary:
      - Accept-Encoding
    body:
      encoding: ASCII-8BIT
      string: |-
        {
          "display_message": null,
          "error_code": "INVALID_FIELD",
          "error_message": "public_key must be a properly formatted, non-empty string",
          "error_type": "INVALID_REQUEST",
          "request_id": "QAtV3EGWkXslkIS",
          "suggested_action": null
        }
    http_version: 
  recorded_at: Wed, 19 Jun 2019 17:35:14 GMT
- request:
    method: post
    uri: https://sandbox.plaid.com/sandbox/public_token/create
    body:
      encoding: UTF-8
      string: '{"institution_id":"ins_109508","initial_products":["transactions"],"options":{"webhook":"https://plaid.com/webhook-test","transactions":{"start_date":"2016-01-01","end_date":"2016-02-01"}},"public_key":"PLAID_RUBY_PUBLIC_KEY"}'
    headers:
      User-Agent:
      - Plaid Ruby v7.1.0
      Content-Type:
      - application/json
      Plaid-Version:
      - '2019-05-29'
  response:
    status:
      code: 400
      message: Bad Request
    headers:
      server:
      - nginx
      date:
      - Wed, 19 Jun 2019 17:40:58 GMT
      content-type:
      - application/json; charset=utf-8
      content-length:
      - '195'
      connection:
      - close
      vary:
      - Accept-Encoding
    body:
      encoding: ASCII-8BIT
      string: |-
        {
          "display_message": null,
          "error_code": "INVALID_FIELD",
          "error_message": "public_key must be a properly formatted, non-empty string",
          "error_type": "INVALID_REQUEST",
          "request_id": "x3cgMSCs2MOOqA9",
          "suggested_action": null
        }
    http_version: 
  recorded_at: Wed, 19 Jun 2019 17:40:58 GMT
- request:
    method: post
    uri: https://sandbox.plaid.com/item/public_token/exchange
    body:
      encoding: UTF-8
      string: '{"public_token":"public-sandbox-a6d289f8-fecc-4adf-8ee5-c2162353e1e1","client_id":"PLAID_RUBY_CLIENT_ID","secret":"4718457c95d8d2d42518cfd3607c78"}'
    headers:
      User-Agent:
      - Plaid Ruby v7.1.0
      Content-Type:
      - application/json
      Plaid-Version:
      - '2019-05-29'
  response:
    status:
      code: 400
      message: Bad Request
    headers:
      server:
      - nginx
      date:
      - Wed, 19 Jun 2019 17:42:57 GMT
      content-type:
      - application/json; charset=utf-8
      content-length:
      - '179'
      connection:
      - close
      vary:
      - Accept-Encoding
    body:
      encoding: ASCII-8BIT
      string: |-
        {
          "display_message": null,
          "error_code": "INVALID_API_KEYS",
          "error_message": "invalid client_id or secret provided",
          "error_type": "INVALID_INPUT",
          "request_id": "9qaFaVukyZpNNjm",
          "suggested_action": null
        }
    http_version: 
  recorded_at: Wed, 19 Jun 2019 17:42:57 GMT
- request:
    method: post
    uri: https://sandbox.plaid.com/item/public_token/exchange
    body:
      encoding: UTF-8
      string: '{"public_token":"public-sandbox-648216dd-48c3-4b32-bbfc-ea4602ca6eee","client_id":"PLAID_RUBY_CLIENT_ID","secret":"PLAID_RUBY_SECRET"}'
    headers:
      User-Agent:
      - Plaid Ruby v7.1.0
      Content-Type:
      - application/json
      Plaid-Version:
      - '2019-05-29'
  response:
    status:
      code: 200
      message: OK
    headers:
      server:
      - nginx
      date:
      - Wed, 19 Jun 2019 17:47:15 GMT
      content-type:
      - application/json; charset=utf-8
      content-length:
      - '169'
      connection:
      - close
      plaid-version:
      - '2019-05-29'
      vary:
      - Accept-Encoding
      strict-transport-security:
      - max-age=31536000; includeSubDomains; preload
      x-frame-options:
      - DENY
      x-content-type-options:
      - nosniff
      x-xss-protection:
      - 1; mode=block
    body:
      encoding: ASCII-8BIT
      string: |-
        {
          "access_token": "access-sandbox-3e275e26-8b06-484e-9c93-d10ac5f40d49",
          "item_id": "Me8pgzAK9AhGojRpBeoPFJB7Mp86kpt9xVdVK",
          "request_id": "avlGMZJS8QaiTVH"
        }
    http_version: 
  recorded_at: Wed, 19 Jun 2019 17:47:15 GMT
- request:
    method: post
    uri: https://sandbox.plaid.com/item/get
    body:
      encoding: UTF-8
      string: '{"access_token":"access-sandbox-3e275e26-8b06-484e-9c93-d10ac5f40d49","client_id":"PLAID_RUBY_CLIENT_ID","secret":"PLAID_RUBY_SECRET"}'
    headers:
      User-Agent:
      - Plaid Ruby v7.1.0
      Content-Type:
      - application/json
      Plaid-Version:
      - '2019-05-29'
  response:
    status:
      code: 200
      message: OK
    headers:
      server:
      - nginx
      date:
      - Wed, 19 Jun 2019 17:47:16 GMT
      content-type:
      - application/json; charset=utf-8
      content-length:
      - '315'
      connection:
      - close
      plaid-version:
      - '2019-05-29'
      vary:
      - Accept-Encoding
      strict-transport-security:
      - max-age=31536000; includeSubDomains; preload
      x-frame-options:
      - DENY
      x-content-type-options:
      - nosniff
      x-xss-protection:
      - 1; mode=block
    body:
      encoding: ASCII-8BIT
      string: |-
        {
          "item": {
            "available_products": [
              "assets",
              "auth",
              "balance",
              "credit_details",
              "identity",
              "income"
            ],
            "billed_products": [
              "transactions"
            ],
            "error": null,
            "institution_id": "ins_109508",
            "item_id": "Me8pgzAK9AhGojRpBeoPFJB7Mp86kpt9xVdVK",
            "webhook": "https://plaid.com/webhook-test"
          },
          "request_id": "Eg5qFA4oCxK3piV",
          "status": {
            "last_webhook": null,
            "transactions": {
              "last_failed_update": null,
              "last_successful_update": null
            }
          }
        }
    http_version: 
  recorded_at: Wed, 19 Jun 2019 17:47:16 GMT
- request:
    method: post
    uri: https://sandbox.plaid.com/item/remove
    body:
      encoding: UTF-8
      string: '{"access_token":"access-sandbox-3e275e26-8b06-484e-9c93-d10ac5f40d49","client_id":"PLAID_RUBY_CLIENT_ID","secret":"PLAID_RUBY_SECRET"}'
    headers:
      User-Agent:
      - Plaid Ruby v7.1.0
      Content-Type:
      - application/json
      Plaid-Version:
      - '2019-05-29'
  response:
    status:
      code: 200
      message: OK
    headers:
      server:
      - nginx
      date:
      - Wed, 19 Jun 2019 17:47:16 GMT
      content-type:
      - application/json; charset=utf-8
      content-length:
      - '74'
      connection:
      - close
      plaid-version:
      - '2019-05-29'
      vary:
      - Accept-Encoding
      strict-transport-security:
      - max-age=31536000; includeSubDomains; preload
      x-frame-options:
      - DENY
      x-content-type-options:
      - nosniff
      x-xss-protection:
      - 1; mode=block
    body:
      encoding: ASCII-8BIT
      string: |-
        {
          "removed": true,
          "request_id": "IGhRm2W5Hv8Wb4L"
        }
    http_version: 
  recorded_at: Wed, 19 Jun 2019 17:47:16 GMT
- request:
    method: post
    uri: https://sandbox.plaid.com/item/public_token/exchange
    body:
      encoding: UTF-8
      string: '{"public_token":"public-sandbox-09b17cf3-e1d8-4903-9dad-6d8dd81a2fe1","client_id":"PLAID_RUBY_CLIENT_ID","secret":"PLAID_RUBY_SECRET"}'
    headers:
      User-Agent:
      - Plaid Ruby v7.1.0
      Content-Type:
      - application/json
      Plaid-Version:
      - '2019-05-29'
  response:
    status:
      code: 200
      message: OK
    headers:
      server:
      - nginx
      date:
      - Wed, 19 Jun 2019 17:52:38 GMT
      content-type:
      - application/json; charset=utf-8
      content-length:
      - '166'
      connection:
      - close
      plaid-version:
      - '2019-05-29'
      vary:
      - Accept-Encoding
      strict-transport-security:
      - max-age=31536000; includeSubDomains; preload
      x-frame-options:
      - DENY
      x-content-type-options:
      - nosniff
      x-xss-protection:
      - 1; mode=block
    body:
      encoding: ASCII-8BIT
      string: |-
        {
          "access_token": "access-sandbox-ae155556-ce65-4efd-990c-37d2edf6df17",
          "item_id": "7o3RWEgEZWcpkqlxGX9xcwg89vXrPxfgPkgdE",
          "request_id": "1hN4mQuSuQl4tkD"
        }
    http_version: 
  recorded_at: Wed, 19 Jun 2019 17:52:38 GMT
- request:
    method: post
    uri: https://sandbox.plaid.com/item/get
    body:
      encoding: UTF-8
      string: '{"access_token":"access-sandbox-ae155556-ce65-4efd-990c-37d2edf6df17","client_id":"PLAID_RUBY_CLIENT_ID","secret":"PLAID_RUBY_SECRET"}'
    headers:
      User-Agent:
      - Plaid Ruby v7.1.0
      Content-Type:
      - application/json
      Plaid-Version:
      - '2019-05-29'
  response:
    status:
      code: 200
      message: OK
    headers:
      server:
      - nginx
      date:
      - Wed, 19 Jun 2019 17:52:39 GMT
      content-type:
      - application/json; charset=utf-8
      content-length:
      - '334'
      connection:
      - close
      plaid-version:
      - '2019-05-29'
      vary:
      - Accept-Encoding
      strict-transport-security:
      - max-age=31536000; includeSubDomains; preload
      x-frame-options:
      - DENY
      x-content-type-options:
      - nosniff
      x-xss-protection:
      - 1; mode=block
    body:
      encoding: ASCII-8BIT
      string: |-
        {
          "item": {
            "available_products": [
              "assets",
              "auth",
              "balance",
              "credit_details",
              "holdings",
              "identity",
              "income",
              "investments",
              "liabilities"
            ],
            "billed_products": [
              "transactions"
            ],
            "error": null,
            "institution_id": "ins_109508",
            "item_id": "7o3RWEgEZWcpkqlxGX9xcwg89vXrPxfgPkgdE",
            "webhook": "https://plaid.com/webhook-test"
          },
          "request_id": "kL7yrIetMl7HRQu",
          "status": {
            "last_webhook": null,
            "transactions": {
              "last_failed_update": null,
              "last_successful_update": null
            }
          }
        }
    http_version: 
  recorded_at: Wed, 19 Jun 2019 17:52:39 GMT
- request:
    method: post
    uri: https://sandbox.plaid.com/item/remove
    body:
      encoding: UTF-8
      string: '{"access_token":"access-sandbox-ae155556-ce65-4efd-990c-37d2edf6df17","client_id":"PLAID_RUBY_CLIENT_ID","secret":"PLAID_RUBY_SECRET"}'
    headers:
      User-Agent:
      - Plaid Ruby v7.1.0
      Content-Type:
      - application/json
      Plaid-Version:
      - '2019-05-29'
  response:
    status:
      code: 200
      message: OK
    headers:
      server:
      - nginx
      date:
      - Wed, 19 Jun 2019 17:52:39 GMT
      content-type:
      - application/json; charset=utf-8
      content-length:
      - '74'
      connection:
      - close
      plaid-version:
      - '2019-05-29'
      vary:
      - Accept-Encoding
      strict-transport-security:
      - max-age=31536000; includeSubDomains; preload
      x-frame-options:
      - DENY
      x-content-type-options:
      - nosniff
      x-xss-protection:
      - 1; mode=block
    body:
      encoding: ASCII-8BIT
      string: |-
        {
          "removed": true,
          "request_id": "2iVoJPsckGJHUhV"
        }
    http_version: 
  recorded_at: Wed, 19 Jun 2019 17:52:39 GMT
- request:
    method: post
    uri: https://sandbox.plaid.com/item/public_token/exchange
    body:
      encoding: UTF-8
      string: '{"public_token":"public-sandbox-5d51177b-fe9d-430c-8f03-a7d67f6d6b3f","client_id":"PLAID_RUBY_CLIENT_ID","secret":"PLAID_RUBY_SECRET"}'
    headers:
      User-Agent:
      - Plaid Ruby v7.1.0
      Content-Type:
      - application/json
      Plaid-Version:
      - '2019-05-29'
  response:
    status:
      code: 200
      message: OK
    headers:
      server:
      - nginx
      date:
      - Wed, 19 Jun 2019 17:58:25 GMT
      content-type:
      - application/json; charset=utf-8
      content-length:
      - '169'
      connection:
      - close
      plaid-version:
      - '2019-05-29'
      vary:
      - Accept-Encoding
      strict-transport-security:
      - max-age=31536000; includeSubDomains; preload
      x-frame-options:
      - DENY
      x-content-type-options:
      - nosniff
      x-xss-protection:
      - 1; mode=block
    body:
      encoding: ASCII-8BIT
      string: |-
        {
          "access_token": "access-sandbox-35d7186e-6060-4fd5-89aa-e2dc9bc6ec96",
          "item_id": "d1Jq4AVdLwtng9QxD71yslzd9PB56LFZNMg5l",
          "request_id": "OOWvStq4GpEH4Yb"
        }
    http_version: 
  recorded_at: Wed, 19 Jun 2019 17:58:25 GMT
- request:
    method: post
    uri: https://sandbox.plaid.com/item/get
    body:
      encoding: UTF-8
      string: '{"access_token":"access-sandbox-35d7186e-6060-4fd5-89aa-e2dc9bc6ec96","client_id":"PLAID_RUBY_CLIENT_ID","secret":"PLAID_RUBY_SECRET"}'
    headers:
      User-Agent:
      - Plaid Ruby v7.1.0
      Content-Type:
      - application/json
      Plaid-Version:
      - '2019-05-29'
  response:
    status:
      code: 200
      message: OK
    headers:
      server:
      - nginx
      date:
      - Wed, 19 Jun 2019 17:58:25 GMT
      content-type:
      - application/json; charset=utf-8
      content-length:
      - '338'
      connection:
      - close
      plaid-version:
      - '2019-05-29'
      vary:
      - Accept-Encoding
      strict-transport-security:
      - max-age=31536000; includeSubDomains; preload
      x-frame-options:
      - DENY
      x-content-type-options:
      - nosniff
      x-xss-protection:
      - 1; mode=block
    body:
      encoding: ASCII-8BIT
      string: |-
        {
          "item": {
            "available_products": [
              "assets",
              "auth",
              "balance",
              "credit_details",
              "holdings",
              "identity",
              "income",
              "investments",
              "liabilities"
            ],
            "billed_products": [
              "transactions"
            ],
            "error": null,
            "institution_id": "ins_109508",
            "item_id": "d1Jq4AVdLwtng9QxD71yslzd9PB56LFZNMg5l",
            "webhook": "https://plaid.com/webhook-test"
          },
          "request_id": "M6d0f1i3o5Gwimb",
          "status": {
            "last_webhook": null,
            "transactions": {
              "last_failed_update": null,
              "last_successful_update": null
            }
          }
        }
    http_version: 
  recorded_at: Wed, 19 Jun 2019 17:58:25 GMT
- request:
    method: post
    uri: https://sandbox.plaid.com/item/remove
    body:
      encoding: UTF-8
      string: '{"access_token":"access-sandbox-35d7186e-6060-4fd5-89aa-e2dc9bc6ec96","client_id":"PLAID_RUBY_CLIENT_ID","secret":"PLAID_RUBY_SECRET"}'
    headers:
      User-Agent:
      - Plaid Ruby v7.1.0
      Content-Type:
      - application/json
      Plaid-Version:
      - '2019-05-29'
  response:
    status:
      code: 200
      message: OK
    headers:
      server:
      - nginx
      date:
      - Wed, 19 Jun 2019 17:58:25 GMT
      content-type:
      - application/json; charset=utf-8
      content-length:
      - '74'
      connection:
      - close
      plaid-version:
      - '2019-05-29'
      vary:
      - Accept-Encoding
      strict-transport-security:
      - max-age=31536000; includeSubDomains; preload
      x-frame-options:
      - DENY
      x-content-type-options:
      - nosniff
      x-xss-protection:
      - 1; mode=block
    body:
      encoding: ASCII-8BIT
      string: |-
        {
          "removed": true,
          "request_id": "vgfbWv69heeCn4I"
        }
    http_version: 
  recorded_at: Wed, 19 Jun 2019 17:58:25 GMT
- request:
    method: post
    uri: https://sandbox.plaid.com/sandbox/public_token/create
    body:
      encoding: UTF-8
      string: '{"institution_id":"ins_109508","initial_products":["transactions"],"options":{"webhook":"https://plaid.com/webhook-test","transactions":{"start_date":"2016-01-01","end_date":"2016-02-01"}},"public_key":"PLAID_RUBY_PUBLIC_KEY"}'
    headers:
      User-Agent:
      - Plaid Ruby v7.1.0
      Content-Type:
      - application/json
      Plaid-Version:
      - '2019-05-29'
  response:
    status:
      code: 200
      message: OK
    headers:
      server:
      - nginx
      date:
      - Wed, 19 Jun 2019 18:07:04 GMT
      content-type:
      - application/json; charset=utf-8
      content-length:
      - '124'
      connection:
      - close
      vary:
      - Accept-Encoding
      strict-transport-security:
      - max-age=31536000; includeSubDomains; preload
      x-frame-options:
      - DENY
      x-content-type-options:
      - nosniff
      x-xss-protection:
      - 1; mode=block
    body:
      encoding: ASCII-8BIT
      string: |-
        {
          "public_token": "public-sandbox-c8f6011e-9238-45a3-ad86-c9656ee8b188",
          "request_id": "WrP8niAzpbQwsrk"
        }
    http_version: 
  recorded_at: Wed, 19 Jun 2019 18:07:04 GMT
- request:
    method: post
    uri: https://sandbox.plaid.com/item/public_token/exchange
    body:
      encoding: UTF-8
      string: '{"public_token":"public-sandbox-c8f6011e-9238-45a3-ad86-c9656ee8b188","client_id":"PLAID_RUBY_CLIENT_ID","secret":"PLAID_RUBY_SECRET"}'
    headers:
      User-Agent:
      - Plaid Ruby v7.1.0
      Content-Type:
      - application/json
      Plaid-Version:
      - '2019-05-29'
  response:
    status:
      code: 200
      message: OK
    headers:
      server:
      - nginx
      date:
      - Wed, 19 Jun 2019 18:07:04 GMT
      content-type:
      - application/json; charset=utf-8
      content-length:
      - '169'
      connection:
      - close
      plaid-version:
      - '2019-05-29'
      vary:
      - Accept-Encoding
      strict-transport-security:
      - max-age=31536000; includeSubDomains; preload
      x-frame-options:
      - DENY
      x-content-type-options:
      - nosniff
      x-xss-protection:
      - 1; mode=block
    body:
      encoding: ASCII-8BIT
      string: |-
        {
          "access_token": "access-sandbox-ed2dfa5c-6a65-479b-adc0-5c23ec783b74",
          "item_id": "6q1VEnXeAzCJVpxRbyEjiDAB3MRlx3tgZ7gx8",
          "request_id": "mFN3hqB3JIdxgYv"
        }
    http_version: 
  recorded_at: Wed, 19 Jun 2019 18:07:04 GMT
- request:
    method: post
    uri: https://sandbox.plaid.com/item/get
    body:
      encoding: UTF-8
      string: '{"access_token":"access-sandbox-ed2dfa5c-6a65-479b-adc0-5c23ec783b74","client_id":"PLAID_RUBY_CLIENT_ID","secret":"PLAID_RUBY_SECRET"}'
    headers:
      User-Agent:
      - Plaid Ruby v7.1.0
      Content-Type:
      - application/json
      Plaid-Version:
      - '2019-05-29'
  response:
    status:
      code: 200
      message: OK
    headers:
      server:
      - nginx
      date:
      - Wed, 19 Jun 2019 18:07:04 GMT
      content-type:
      - application/json; charset=utf-8
      content-length:
      - '339'
      connection:
      - close
      plaid-version:
      - '2019-05-29'
      vary:
      - Accept-Encoding
      strict-transport-security:
      - max-age=31536000; includeSubDomains; preload
      x-frame-options:
      - DENY
      x-content-type-options:
      - nosniff
      x-xss-protection:
      - 1; mode=block
    body:
      encoding: ASCII-8BIT
      string: |-
        {
          "item": {
            "available_products": [
              "assets",
              "auth",
              "balance",
              "credit_details",
              "holdings",
              "identity",
              "income",
              "investments",
              "liabilities"
            ],
            "billed_products": [
              "transactions"
            ],
            "error": null,
            "institution_id": "ins_109508",
            "item_id": "6q1VEnXeAzCJVpxRbyEjiDAB3MRlx3tgZ7gx8",
            "webhook": "https://plaid.com/webhook-test"
          },
          "request_id": "1RjAmPM3LX42Sjr",
          "status": {
            "last_webhook": null,
            "transactions": {
              "last_failed_update": null,
              "last_successful_update": null
            }
          }
        }
    http_version: 
  recorded_at: Wed, 19 Jun 2019 18:07:04 GMT
- request:
    method: post
    uri: https://sandbox.plaid.com/item/remove
    body:
      encoding: UTF-8
      string: '{"access_token":"access-sandbox-ed2dfa5c-6a65-479b-adc0-5c23ec783b74","client_id":"PLAID_RUBY_CLIENT_ID","secret":"PLAID_RUBY_SECRET"}'
    headers:
      User-Agent:
      - Plaid Ruby v7.1.0
      Content-Type:
      - application/json
      Plaid-Version:
      - '2019-05-29'
  response:
    status:
      code: 200
      message: OK
    headers:
      server:
      - nginx
      date:
      - Wed, 19 Jun 2019 18:07:05 GMT
      content-type:
      - application/json; charset=utf-8
      content-length:
      - '74'
      connection:
      - close
      plaid-version:
      - '2019-05-29'
      vary:
      - Accept-Encoding
      strict-transport-security:
      - max-age=31536000; includeSubDomains; preload
      x-frame-options:
      - DENY
      x-content-type-options:
      - nosniff
      x-xss-protection:
      - 1; mode=block
    body:
      encoding: ASCII-8BIT
      string: |-
        {
          "removed": true,
          "request_id": "pMLgwUtR0HbdJ3c"
        }
    http_version: 
  recorded_at: Wed, 19 Jun 2019 18:07:05 GMT
- request:
    method: post
    uri: https://sandbox.plaid.com/sandbox/public_token/create
    body:
      encoding: UTF-8
      string: '{"institution_id":"ins_109508","initial_products":["transactions"],"options":{"webhook":"https://plaid.com/webhook-test","transactions":{"start_date":"2016-01-01","end_date":"2016-02-01"}},"public_key":"5cbfbd8ca018fb3f318df84d5ab6fe"}'
    headers:
      User-Agent:
      - Plaid Ruby v7.1.0
      Content-Type:
      - application/json
      Plaid-Version:
      - '2019-05-29'
  response:
    status:
      code: 200
      message: OK
    headers:
      server:
      - nginx
      date:
      - Wed, 19 Jun 2019 19:48:06 GMT
      content-type:
      - application/json; charset=utf-8
      content-length:
      - '122'
      connection:
      - close
      vary:
      - Accept-Encoding
      strict-transport-security:
      - max-age=31536000; includeSubDomains; preload
      x-frame-options:
      - DENY
      x-content-type-options:
      - nosniff
      x-xss-protection:
      - 1; mode=block
    body:
      encoding: ASCII-8BIT
      string: |-
        {
          "public_token": "public-sandbox-bea2ce74-8d44-4179-beaa-db4ce623271a",
          "request_id": "Afh0mbpcA343TFn"
        }
    http_version: 
  recorded_at: Wed, 19 Jun 2019 19:48:06 GMT
- request:
    method: post
    uri: https://sandbox.plaid.com/item/public_token/exchange
    body:
      encoding: UTF-8
      string: '{"public_token":"public-sandbox-bea2ce74-8d44-4179-beaa-db4ce623271a","client_id":"58b9a231bdc6a453f37c338f","secret":"e60cac68bf07eba47e819b9ac45e01"}'
    headers:
      User-Agent:
      - Plaid Ruby v7.1.0
      Content-Type:
      - application/json
      Plaid-Version:
      - '2019-05-29'
  response:
    status:
      code: 200
      message: OK
    headers:
      server:
      - nginx
      date:
      - Wed, 19 Jun 2019 19:48:07 GMT
      content-type:
      - application/json; charset=utf-8
      content-length:
      - '168'
      connection:
      - close
      plaid-version:
      - '2019-05-29'
      vary:
      - Accept-Encoding
      strict-transport-security:
      - max-age=31536000; includeSubDomains; preload
      x-frame-options:
      - DENY
      x-content-type-options:
      - nosniff
      x-xss-protection:
      - 1; mode=block
    body:
      encoding: ASCII-8BIT
      string: |-
        {
          "access_token": "access-sandbox-5c87273d-8f6e-4bc5-8d83-e1909acb682d",
          "item_id": "kayjoxmVe3uz1JxxoNKrsZ68rL53NBfWEEZdL",
          "request_id": "0oLM2TtLBokC8PB"
        }
    http_version: 
  recorded_at: Wed, 19 Jun 2019 19:48:07 GMT
- request:
    method: post
    uri: https://sandbox.plaid.com/item/get
    body:
      encoding: UTF-8
      string: '{"access_token":"access-sandbox-5c87273d-8f6e-4bc5-8d83-e1909acb682d","client_id":"58b9a231bdc6a453f37c338f","secret":"e60cac68bf07eba47e819b9ac45e01"}'
    headers:
      User-Agent:
      - Plaid Ruby v7.1.0
      Content-Type:
      - application/json
      Plaid-Version:
      - '2019-05-29'
  response:
    status:
      code: 200
      message: OK
    headers:
      server:
      - nginx
      date:
      - Wed, 19 Jun 2019 19:48:07 GMT
      content-type:
      - application/json; charset=utf-8
      content-length:
      - '337'
      connection:
      - close
      plaid-version:
      - '2019-05-29'
      vary:
      - Accept-Encoding
      strict-transport-security:
      - max-age=31536000; includeSubDomains; preload
      x-frame-options:
      - DENY
      x-content-type-options:
      - nosniff
      x-xss-protection:
      - 1; mode=block
    body:
      encoding: ASCII-8BIT
      string: |-
        {
          "item": {
            "available_products": [
              "assets",
              "auth",
              "balance",
              "credit_details",
              "holdings",
              "identity",
              "income",
              "investments",
              "liabilities"
            ],
            "billed_products": [
              "transactions"
            ],
            "error": null,
            "institution_id": "ins_109508",
            "item_id": "kayjoxmVe3uz1JxxoNKrsZ68rL53NBfWEEZdL",
            "webhook": "https://plaid.com/webhook-test"
          },
          "request_id": "DVuLJ3xLVuUJySk",
          "status": {
            "last_webhook": null,
            "transactions": {
              "last_failed_update": null,
              "last_successful_update": null
            }
          }
        }
    http_version: 
  recorded_at: Wed, 19 Jun 2019 19:48:07 GMT
- request:
    method: post
    uri: https://sandbox.plaid.com/item/remove
    body:
      encoding: UTF-8
      string: '{"access_token":"access-sandbox-5c87273d-8f6e-4bc5-8d83-e1909acb682d","client_id":"58b9a231bdc6a453f37c338f","secret":"e60cac68bf07eba47e819b9ac45e01"}'
    headers:
      User-Agent:
      - Plaid Ruby v7.1.0
      Content-Type:
      - application/json
      Plaid-Version:
      - '2019-05-29'
  response:
    status:
      code: 200
      message: OK
    headers:
      server:
      - nginx
      date:
      - Wed, 19 Jun 2019 19:48:08 GMT
      content-type:
      - application/json; charset=utf-8
      content-length:
      - '74'
      connection:
      - close
      plaid-version:
      - '2019-05-29'
      vary:
      - Accept-Encoding
      strict-transport-security:
      - max-age=31536000; includeSubDomains; preload
      x-frame-options:
      - DENY
      x-content-type-options:
      - nosniff
      x-xss-protection:
      - 1; mode=block
    body:
      encoding: ASCII-8BIT
      string: |-
        {
          "removed": true,
          "request_id": "0nKIBsIRuqKh8dS"
        }
    http_version: 
  recorded_at: Wed, 19 Jun 2019 19:48:08 GMT
recorded_with: VCR 4.0.0
