---
http_interactions:
- request:
    method: post
    uri: https://sandbox.plaid.com/item/create
    body:
      encoding: UTF-8
      string: '{"credentials":{"username":"user_good","password":"pass_good"},"institution_id":"ins_109508","initial_products":["auth"],"options":{},"client_id":"PLAID_RUBY_CLIENT_ID","secret":"PLAID_RUBY_SECRET"}'
    headers:
      User-Agent:
      - Plaid Ruby v4.1.0
      Content-Type:
      - application/json
  response:
    status:
      code: 200
      message: 
    headers:
      server:
      - nginx
      date:
      - Fri, 16 Mar 2018 02:17:11 GMT
      content-type:
      - application/json
      content-length:
      - '423'
      connection:
      - close
      strict-transport-security:
      - max-age=31536000; includeSubDomains; preload
      x-frame-options:
      - DENY
      x-content-type-options:
      - nosniff
      x-xss-protection:
      - 1; mode=block
    body:
      encoding: UTF-8
      string: |-
        {
          "access_token": "access-sandbox-82ded355-3487-4fb6-a149-60a2db93b67b",
          "item": {
            "available_products": [
              "balance",
              "credit_details",
              "identity",
              "income",
              "transactions"
            ],
            "billed_products": [
              "auth"
            ],
            "error": null,
            "institution_id": "ins_109508",
            "item_id": "9xv8dqD4mwiWrl7vNnb8TWZrXEnpbWuAjQl6mZ",
            "webhook": ""
          },
          "request_id": "QVC8O"
        }
    http_version: 
  recorded_at: Fri, 16 Mar 2018 02:17:11 GMT
- request:
    method: post
    uri: https://sandbox.plaid.com/auth/get
    body:
      encoding: UTF-8
      string: '{"access_token":"ABCDEFG1234567","options":{},"client_id":"PLAID_RUBY_CLIENT_ID","secret":"PLAID_RUBY_SECRET"}'
    headers:
      User-Agent:
      - Plaid Ruby v4.1.0
      Content-Type:
      - application/json
  response:
    status:
      code: 400
      message: 
    headers:
      server:
      - nginx
      date:
      - Fri, 16 Mar 2018 02:17:12 GMT
      content-type:
      - application/json
      content-length:
      - '267'
      connection:
      - close
    body:
      encoding: UTF-8
      string: |-
        {
          "display_message": null,
          "error_code": "INVALID_ACCESS_TOKEN",
          "error_message": "provided access token is in an invalid format. expected format: access-\u003cenvironment\u003e-\u003cidentifier\u003e",
          "error_type": "INVALID_INPUT",
          "request_id": "3J8Z5"
        }
    http_version: 
  recorded_at: Fri, 16 Mar 2018 02:17:12 GMT
- request:
    method: post
    uri: https://sandbox.plaid.com/item/remove
    body:
      encoding: UTF-8
      string: '{"access_token":"access-sandbox-82ded355-3487-4fb6-a149-60a2db93b67b","client_id":"PLAID_RUBY_CLIENT_ID","secret":"PLAID_RUBY_SECRET"}'
    headers:
      User-Agent:
      - Plaid Ruby v4.1.0
      Content-Type:
      - application/json
  response:
    status:
      code: 200
      message: 
    headers:
      server:
      - nginx
      date:
      - Fri, 16 Mar 2018 02:17:15 GMT
      content-type:
      - application/json
      content-length:
      - '46'
      connection:
      - close
      strict-transport-security:
      - max-age=31536000; includeSubDomains; preload
      x-frame-options:
      - DENY
      x-content-type-options:
      - nosniff
      x-xss-protection:
      - 1; mode=block
    body:
      encoding: UTF-8
      string: |-
        {
          "removed": true,
          "request_id": "41OeB"
        }
    http_version: 
  recorded_at: Fri, 16 Mar 2018 02:17:15 GMT
recorded_with: VCR 3.0.3
