---
http_interactions:
- request:
    method: post
    uri: https://sandbox.plaid.com/item/create
    body:
      encoding: UTF-8
      string: '{"credentials":{"username":"user_good","password":"pass_good"},"institution_id":"ins_109508","initial_products":["transactions"],"options":{},"client_id":"PLAID_RUBY_CLIENT_ID","secret":"PLAID_RUBY_SECRET"}'
    headers:
      User-Agent:
      - Plaid Ruby v4.1.0
      Content-Type:
      - application/json
  response:
    status:
      code: 200
      message: 
    headers:
      server:
      - nginx
      date:
      - Fri, 16 Mar 2018 02:18:16 GMT
      content-type:
      - application/json
      content-length:
      - '422'
      connection:
      - close
      strict-transport-security:
      - max-age=31536000; includeSubDomains; preload
      x-frame-options:
      - DENY
      x-content-type-options:
      - nosniff
      x-xss-protection:
      - 1; mode=block
    body:
      encoding: UTF-8
      string: |-
        {
          "access_token": "access-sandbox-310fbe6a-b2cf-4323-ae17-593772546ed7",
          "item": {
            "available_products": [
              "auth",
              "balance",
              "credit_details",
              "identity",
              "income"
            ],
            "billed_products": [
              "transactions"
            ],
            "error": null,
            "institution_id": "ins_109508",
            "item_id": "x3B3qDpLDPsm771X588BhV6KgoEBm5hd6mZJk",
            "webhook": ""
          },
          "request_id": "pWuER"
        }
    http_version: 
  recorded_at: Fri, 16 Mar 2018 02:18:16 GMT
- request:
    method: post
    uri: https://sandbox.plaid.com/item/remove
    body:
      encoding: UTF-8
      string: '{"access_token":"access-sandbox-310fbe6a-b2cf-4323-ae17-593772546ed7","client_id":"PLAID_RUBY_CLIENT_ID","secret":"PLAID_RUBY_SECRET"}'
    headers:
      User-Agent:
      - Plaid Ruby v4.1.0
      Content-Type:
      - application/json
  response:
    status:
      code: 200
      message: 
    headers:
      server:
      - nginx
      date:
      - Fri, 16 Mar 2018 02:18:19 GMT
      content-type:
      - application/json
      content-length:
      - '46'
      connection:
      - close
      strict-transport-security:
      - max-age=31536000; includeSubDomains; preload
      x-frame-options:
      - DENY
      x-content-type-options:
      - nosniff
      x-xss-protection:
      - 1; mode=block
    body:
      encoding: UTF-8
      string: |-
        {
          "removed": true,
          "request_id": "F6lCY"
        }
    http_version: 
  recorded_at: Fri, 16 Mar 2018 02:18:19 GMT
- request:
    method: post
    uri: https://sandbox.plaid.com/item/create
    body:
      encoding: UTF-8
      string: '{"credentials":{"username":"user_good","password":"pass_good"},"institution_id":"ins_109508","initial_products":["transactions"],"options":{},"client_id":"PLAID_RUBY_CLIENT_ID","secret":"PLAID_RUBY_SECRET"}'
    headers:
      User-Agent:
      - Plaid Ruby v6.1.0
      Content-Type:
      - application/json
      Plaid-Version:
      - '2018-05-22'
  response:
    status:
      code: 200
      message: OK
    headers:
      server:
      - nginx
      date:
      - Wed, 17 Oct 2018 18:46:13 GMT
      content-type:
      - application/json
      content-length:
      - '298'
      connection:
      - close
      plaid-version:
      - '2018-05-22'
      vary:
      - Accept-Encoding
      strict-transport-security:
      - max-age=31536000; includeSubDomains; preload
      x-frame-options:
      - DENY
      x-content-type-options:
      - nosniff
      x-xss-protection:
      - 1; mode=block
    body:
      encoding: ASCII-8BIT
      string: |-
        {
          "access_token": "access-sandbox-9cbb8cb2-3314-478f-84db-93097e1e13be",
          "item": {
            "available_products": [
              "assets",
              "auth",
              "balance",
              "credit_details",
              "identity",
              "income"
            ],
            "billed_products": [
              "transactions"
            ],
            "error": null,
            "institution_id": "ins_109508",
            "item_id": "GAwae5bZ8Mf59wPbbdnjTkDErDPRrPH19kLmk",
            "webhook": ""
          },
          "request_id": "rs4llX02J8lKzk2"
        }
    http_version: 
  recorded_at: Wed, 17 Oct 2018 18:46:14 GMT
- request:
    method: post
    uri: https://sandbox.plaid.com/item/remove
    body:
      encoding: UTF-8
      string: '{"access_token":"access-sandbox-9cbb8cb2-3314-478f-84db-93097e1e13be","client_id":"PLAID_RUBY_CLIENT_ID","secret":"PLAID_RUBY_SECRET"}'
    headers:
      User-Agent:
      - Plaid Ruby v6.1.0
      Content-Type:
      - application/json
      Plaid-Version:
      - '2018-05-22'
  response:
    status:
      code: 200
      message: OK
    headers:
      server:
      - nginx
      date:
      - Wed, 17 Oct 2018 18:46:14 GMT
      content-type:
      - application/json
      content-length:
      - '74'
      connection:
      - close
      plaid-version:
      - '2018-05-22'
      vary:
      - Accept-Encoding
      strict-transport-security:
      - max-age=31536000; includeSubDomains; preload
      x-frame-options:
      - DENY
      x-content-type-options:
      - nosniff
      x-xss-protection:
      - 1; mode=block
    body:
      encoding: ASCII-8BIT
      string: |-
        {
          "removed": true,
          "request_id": "34jwGVE1cRwFHOO"
        }
    http_version: 
  recorded_at: Wed, 17 Oct 2018 18:46:14 GMT
recorded_with: VCR 4.0.0
