---
http_interactions:
- request:
    method: post
    uri: https://sandbox.plaid.com/item/create
    body:
      encoding: UTF-8
      string: '{"credentials":{"username":"user_good","password":"pass_good"},"institution_id":"ins_109508","initial_products":["transactions"],"options":{},"client_id":"PLAID_RUBY_CLIENT_ID","secret":"PLAID_RUBY_SECRET"}'
    headers:
      User-Agent:
      - Plaid Ruby v4.0.0
      Content-Type:
      - application/json
      Accept-Encoding:
      - gzip;q=1.0,deflate;q=0.6,identity;q=0.3
      Accept:
      - "*/*"
  response:
    status:
      code: 200
      message: OK
    headers:
      Content-Type:
      - application/json
      Date:
      - Wed, 12 Jul 2017 13:09:32 GMT
      Server:
      - nginx
      Strict-Transport-Security:
      - max-age=31536000; includeSubDomains; preload
      X-Content-Type-Options:
      - nosniff
      X-Frame-Options:
      - DENY
      X-Xss-Protection:
      - 1; mode=block
      Content-Length:
      - '422'
      Connection:
      - keep-alive
    body:
      encoding: UTF-8
      string: |-
        {
          "access_token": "access-sandbox-e1ad3d48-5ff3-4f09-ba0a-d5c146df1dd8",
          "item": {
            "available_products": [
              "auth",
              "balance",
              "credit_details",
              "identity",
              "income"
            ],
            "billed_products": [
              "transactions"
            ],
            "error": null,
            "institution_id": "ins_109508",
            "item_id": "RqRyx5KrVXhQa8qmb5oKF44JME9D1rH1pGMrA",
            "webhook": ""
          },
          "request_id": "BPavD"
        }
    http_version:
  recorded_at: Wed, 12 Jul 2017 13:09:32 GMT
- request:
    method: post
    uri: https://sandbox.plaid.com/item/get
    body:
      encoding: UTF-8
      string: '{"access_token":"ABCDEFG1234567","client_id":"PLAID_RUBY_CLIENT_ID","secret":"PLAID_RUBY_SECRET"}'
    headers:
      User-Agent:
      - Plaid Ruby v4.0.0
      Content-Type:
      - application/json
      Accept-Encoding:
      - gzip;q=1.0,deflate;q=0.6,identity;q=0.3
      Accept:
      - "*/*"
  response:
    status:
      code: 400
      message: Bad Request
    headers:
      Content-Type:
      - application/json
      Date:
      - Wed, 12 Jul 2017 13:09:33 GMT
      Server:
      - nginx
      Content-Length:
      - '267'
      Connection:
      - keep-alive
    body:
      encoding: UTF-8
      string: |-
        {
          "display_message": null,
          "error_code": "INVALID_ACCESS_TOKEN",
          "error_message": "provided access token is in an invalid format. expected format: access-\u003cenvironment\u003e-\u003cidentifier\u003e",
          "error_type": "INVALID_INPUT",
          "request_id": "3JtT6"
        }
    http_version:
  recorded_at: Wed, 12 Jul 2017 13:09:33 GMT
- request:
    method: post
    uri: https://sandbox.plaid.com/item/remove
    body:
      encoding: UTF-8
      string: '{"access_token":"access-sandbox-e1ad3d48-5ff3-4f09-ba0a-d5c146df1dd8","client_id":"PLAID_RUBY_CLIENT_ID","secret":"PLAID_RUBY_SECRET"}'
    headers:
      User-Agent:
      - Plaid Ruby v4.0.0
      Content-Type:
      - application/json
      Accept-Encoding:
      - gzip;q=1.0,deflate;q=0.6,identity;q=0.3
      Accept:
      - "*/*"
  response:
    status:
      code: 200
      message: OK
    headers:
      Content-Type:
      - application/json
      Date:
      - Wed, 12 Jul 2017 13:09:34 GMT
      Server:
      - nginx
      Strict-Transport-Security:
      - max-age=31536000; includeSubDomains; preload
      X-Content-Type-Options:
      - nosniff
      X-Frame-Options:
      - DENY
      X-Xss-Protection:
      - 1; mode=block
      Content-Length:
      - '46'
      Connection:
      - keep-alive
    body:
      encoding: UTF-8
      string: |-
        {
          "deleted": true,
          "request_id": "stwWe"
        }
    http_version:
  recorded_at: Wed, 12 Jul 2017 13:09:35 GMT
- request:
    method: post
    uri: https://sandbox.plaid.com/item/create
    body:
      encoding: UTF-8
      string: '{"credentials":{"username":"user_good","password":"pass_good"},"institution_id":"ins_109508","initial_products":["transactions"],"options":{},"client_id":"PLAID_RUBY_CLIENT_ID","secret":"PLAID_RUBY_SECRET"}'
    headers:
      User-Agent:
      - Plaid Ruby v4.0.0
      Content-Type:
      - application/json
  response:
    status:
      code: 200
      message:
    headers:
      content-type:
      - application/json
      date:
      - Tue, 10 Oct 2017 11:35:15 GMT
      server:
      - nginx
      strict-transport-security:
      - max-age=31536000; includeSubDomains; preload
      x-content-type-options:
      - nosniff
      x-frame-options:
      - DENY
      x-xss-protection:
      - 1; mode=block
      content-length:
      - '422'
      connection:
      - Close
    body:
      encoding: UTF-8
      string: |-
        {
          "access_token": "access-sandbox-9f49658f-a786-4be9-8fa4-1429fba161ef",
          "item": {
            "available_products": [
              "auth",
              "balance",
              "credit_details",
              "identity",
              "income"
            ],
            "billed_products": [
              "transactions"
            ],
            "error": null,
            "institution_id": "ins_109508",
            "item_id": "WZ18GaG9XBceMoZZljx5CbZgV41Q1dcoXed66",
            "webhook": ""
          },
          "request_id": "rEsIA"
        }
    http_version:
  recorded_at: Tue, 10 Oct 2017 11:35:15 GMT
- request:
    method: post
    uri: https://sandbox.plaid.com/item/get
    body:
      encoding: UTF-8
      string: '{"access_token":"ABCDEFG1234567","client_id":"PLAID_RUBY_CLIENT_ID","secret":"PLAID_RUBY_SECRET"}'
    headers:
      User-Agent:
      - Plaid Ruby v4.0.0
      Content-Type:
      - application/json
  response:
    status:
      code: 400
      message:
    headers:
      content-type:
      - application/json
      date:
      - Tue, 10 Oct 2017 11:35:16 GMT
      server:
      - nginx
      content-length:
      - '267'
      connection:
      - Close
    body:
      encoding: UTF-8
      string: |-
        {
          "display_message": null,
          "error_code": "INVALID_ACCESS_TOKEN",
          "error_message": "provided access token is in an invalid format. expected format: access-\u003cenvironment\u003e-\u003cidentifier\u003e",
          "error_type": "INVALID_INPUT",
          "request_id": "q3uMs"
        }
    http_version:
  recorded_at: Tue, 10 Oct 2017 11:35:16 GMT
- request:
    method: post
    uri: https://sandbox.plaid.com/item/remove
    body:
      encoding: UTF-8
      string: '{"access_token":"access-sandbox-9f49658f-a786-4be9-8fa4-1429fba161ef","client_id":"PLAID_RUBY_CLIENT_ID","secret":"PLAID_RUBY_SECRET"}'
    headers:
      User-Agent:
      - Plaid Ruby v4.0.0
      Content-Type:
      - application/json
  response:
    status:
      code: 200
      message:
    headers:
      content-type:
      - application/json
      date:
      - Tue, 10 Oct 2017 11:35:18 GMT
      server:
      - nginx
      strict-transport-security:
      - max-age=31536000; includeSubDomains; preload
      x-content-type-options:
      - nosniff
      x-frame-options:
      - DENY
      x-xss-protection:
      - 1; mode=block
      content-length:
      - '46'
      connection:
      - Close
    body:
      encoding: UTF-8
      string: |-
        {
          "deleted": true,
          "request_id": "eFCEf"
        }
    http_version:
  recorded_at: Tue, 10 Oct 2017 11:35:18 GMT
recorded_with: VCR 3.0.3
